Archive member included to satisfy reference by file (symbol)

d:/memes/plugins/fr.ac6.mcu.externaltools.arm-none.win32_1.15.0.201708311556/tools/compiler/bin/../lib/gcc/arm-none-eabi/6.3.1/../../../../arm-none-eabi/lib/thumb/v7e-m/fpv4-sp/hard\libc_nano.a(lib_a-exit.o)
                              d:/memes/plugins/fr.ac6.mcu.externaltools.arm-none.win32_1.15.0.201708311556/tools/compiler/bin/../lib/gcc/arm-none-eabi/6.3.1/../../../../arm-none-eabi/lib/thumb/v7e-m/fpv4-sp/hard/crt0.o (exit)
d:/memes/plugins/fr.ac6.mcu.externaltools.arm-none.win32_1.15.0.201708311556/tools/compiler/bin/../lib/gcc/arm-none-eabi/6.3.1/../../../../arm-none-eabi/lib/thumb/v7e-m/fpv4-sp/hard\libc_nano.a(lib_a-impure.o)
                              d:/memes/plugins/fr.ac6.mcu.externaltools.arm-none.win32_1.15.0.201708311556/tools/compiler/bin/../lib/gcc/arm-none-eabi/6.3.1/../../../../arm-none-eabi/lib/thumb/v7e-m/fpv4-sp/hard\libc_nano.a(lib_a-exit.o) (_global_impure_ptr)
d:/memes/plugins/fr.ac6.mcu.externaltools.arm-none.win32_1.15.0.201708311556/tools/compiler/bin/../lib/gcc/arm-none-eabi/6.3.1/../../../../arm-none-eabi/lib/thumb/v7e-m/fpv4-sp/hard\libc_nano.a(lib_a-init.o)
                              d:/memes/plugins/fr.ac6.mcu.externaltools.arm-none.win32_1.15.0.201708311556/tools/compiler/bin/../lib/gcc/arm-none-eabi/6.3.1/../../../../arm-none-eabi/lib/thumb/v7e-m/fpv4-sp/hard/crt0.o (__libc_init_array)
d:/memes/plugins/fr.ac6.mcu.externaltools.arm-none.win32_1.15.0.201708311556/tools/compiler/bin/../lib/gcc/arm-none-eabi/6.3.1/../../../../arm-none-eabi/lib/thumb/v7e-m/fpv4-sp/hard\libc_nano.a(lib_a-memcpy-stub.o)
                              Src/usb_device.o (memcpy)
d:/memes/plugins/fr.ac6.mcu.externaltools.arm-none.win32_1.15.0.201708311556/tools/compiler/bin/../lib/gcc/arm-none-eabi/6.3.1/../../../../arm-none-eabi/lib/thumb/v7e-m/fpv4-sp/hard\libc_nano.a(lib_a-memset.o)
                              d:/memes/plugins/fr.ac6.mcu.externaltools.arm-none.win32_1.15.0.201708311556/tools/compiler/bin/../lib/gcc/arm-none-eabi/6.3.1/../../../../arm-none-eabi/lib/thumb/v7e-m/fpv4-sp/hard/crt0.o (memset)
d:/memes/plugins/fr.ac6.mcu.externaltools.arm-none.win32_1.15.0.201708311556/tools/compiler/bin/../lib/gcc/arm-none-eabi/6.3.1/../../../../arm-none-eabi/lib/thumb/v7e-m/fpv4-sp/hard\libnosys.a(_exit.o)
                              d:/memes/plugins/fr.ac6.mcu.externaltools.arm-none.win32_1.15.0.201708311556/tools/compiler/bin/../lib/gcc/arm-none-eabi/6.3.1/../../../../arm-none-eabi/lib/thumb/v7e-m/fpv4-sp/hard\libc_nano.a(lib_a-exit.o) (_exit)

Allocating common symbols
Common symbol       size              file

hUsbDeviceFS        0x224             Src/usb_device.o
b                   0x4               Src/main.o
hdac1               0x14              Src/dac.o
uwTick              0x4               Drivers/STM32L4xx_HAL_Driver/Src/stm32l4xx_hal.o
pFlash              0x20              Drivers/STM32L4xx_HAL_Driver/Src/stm32l4xx_hal_flash.o
UserRxBufferFS      0x3e8             Src/usbd_cdc_if.o
hadc1               0x68              Src/adc.o
UserTxBufferFS      0x3e8             Src/usbd_cdc_if.o
c                   0x4               Src/main.o
nrOfCells           0x2               Src/main.o
a                   0x4               Src/main.o
hpcd_USB_FS         0x434             Src/usbd_conf.o
USBD_StrDesc        0x200             Src/usbd_desc.o

Discarded input sections

 .text          0x00000000        0x0 d:/memes/plugins/fr.ac6.mcu.externaltools.arm-none.win32_1.15.0.201708311556/tools/compiler/bin/../lib/gcc/arm-none-eabi/6.3.1/thumb/v7e-m/fpv4-sp/hard/crti.o
 .data          0x00000000        0x0 d:/memes/plugins/fr.ac6.mcu.externaltools.arm-none.win32_1.15.0.201708311556/tools/compiler/bin/../lib/gcc/arm-none-eabi/6.3.1/thumb/v7e-m/fpv4-sp/hard/crti.o
 .bss           0x00000000        0x0 d:/memes/plugins/fr.ac6.mcu.externaltools.arm-none.win32_1.15.0.201708311556/tools/compiler/bin/../lib/gcc/arm-none-eabi/6.3.1/thumb/v7e-m/fpv4-sp/hard/crti.o
 .data          0x00000000        0x4 d:/memes/plugins/fr.ac6.mcu.externaltools.arm-none.win32_1.15.0.201708311556/tools/compiler/bin/../lib/gcc/arm-none-eabi/6.3.1/thumb/v7e-m/fpv4-sp/hard/crtbegin.o
 .text          0x00000000       0x74 d:/memes/plugins/fr.ac6.mcu.externaltools.arm-none.win32_1.15.0.201708311556/tools/compiler/bin/../lib/gcc/arm-none-eabi/6.3.1/../../../../arm-none-eabi/lib/thumb/v7e-m/fpv4-sp/hard/crt0.o
 .data          0x00000000        0x0 d:/memes/plugins/fr.ac6.mcu.externaltools.arm-none.win32_1.15.0.201708311556/tools/compiler/bin/../lib/gcc/arm-none-eabi/6.3.1/../../../../arm-none-eabi/lib/thumb/v7e-m/fpv4-sp/hard/crt0.o
 .bss           0x00000000        0x0 d:/memes/plugins/fr.ac6.mcu.externaltools.arm-none.win32_1.15.0.201708311556/tools/compiler/bin/../lib/gcc/arm-none-eabi/6.3.1/../../../../arm-none-eabi/lib/thumb/v7e-m/fpv4-sp/hard/crt0.o
[...]
Memory Configuration

Name             Origin             Length             Attributes
RAM              0x20000000         0x00010000         xrw
FLASH            0x08000000         0x00040000         xr
*default*        0x00000000         0xffffffff

Linker script and memory map

LOAD d:/memes/plugins/fr.ac6.mcu.externaltools.arm-none.win32_1.15.0.201708311556/tools/compiler/bin/../lib/gcc/arm-none-eabi/6.3.1/thumb/v7e-m/fpv4-sp/hard/crti.o
LOAD d:/memes/plugins/fr.ac6.mcu.externaltools.arm-none.win32_1.15.0.201708311556/tools/compiler/bin/../lib/gcc/arm-none-eabi/6.3.1/thumb/v7e-m/fpv4-sp/hard/crtbegin.o
LOAD d:/memes/plugins/fr.ac6.mcu.externaltools.arm-none.win32_1.15.0.201708311556/tools/compiler/bin/../lib/gcc/arm-none-eabi/6.3.1/../../../../arm-none-eabi/lib/thumb/v7e-m/fpv4-sp/hard/crt0.o
LOAD Drivers/STM32L4xx_HAL_Driver/Src/stm32l4xx_hal.o
LOAD Drivers/STM32L4xx_HAL_Driver/Src/stm32l4xx_hal_adc.o
LOAD Drivers/STM32L4xx_HAL_Driver/Src/stm32l4xx_hal_adc_ex.o
LOAD Drivers/STM32L4xx_HAL_Driver/Src/stm32l4xx_hal_cortex.o
LOAD Drivers/STM32L4xx_HAL_Driver/Src/stm32l4xx_hal_dac.o
LOAD Drivers/STM32L4xx_HAL_Driver/Src/stm32l4xx_hal_dac_ex.o
LOAD Drivers/STM32L4xx_HAL_Driver/Src/stm32l4xx_hal_dma.o
LOAD Drivers/STM32L4xx_HAL_Driver/Src/stm32l4xx_hal_dma_ex.o
LOAD Drivers/STM32L4xx_HAL_Driver/Src/stm32l4xx_hal_flash.o
LOAD Drivers/STM32L4xx_HAL_Driver/Src/stm32l4xx_hal_flash_ex.o
LOAD Drivers/STM32L4xx_HAL_Driver/Src/stm32l4xx_hal_flash_ramfunc.o
LOAD Drivers/STM32L4xx_HAL_Driver/Src/stm32l4xx_hal_gpio.o
LOAD Drivers/STM32L4xx_HAL_Driver/Src/stm32l4xx_hal_i2c.o
LOAD Drivers/STM32L4xx_HAL_Driver/Src/stm32l4xx_hal_i2c_ex.o
LOAD Drivers/STM32L4xx_HAL_Driver/Src/stm32l4xx_hal_pcd.o
LOAD Drivers/STM32L4xx_HAL_Driver/Src/stm32l4xx_hal_pcd_ex.o
LOAD Drivers/STM32L4xx_HAL_Driver/Src/stm32l4xx_hal_pwr.o
LOAD Drivers/STM32L4xx_HAL_Driver/Src/stm32l4xx_hal_pwr_ex.o
LOAD Drivers/STM32L4xx_HAL_Driver/Src/stm32l4xx_hal_rcc.o
LOAD Drivers/STM32L4xx_HAL_Driver/Src/stm32l4xx_hal_rcc_ex.o
LOAD Drivers/STM32L4xx_HAL_Driver/Src/stm32l4xx_hal_tim.o
LOAD Drivers/STM32L4xx_HAL_Driver/Src/stm32l4xx_hal_tim_ex.o
LOAD Drivers/STM32L4xx_HAL_Driver/Src/stm32l4xx_ll_usb.o
LOAD Middlewares/ST/STM32_USB_Device_Library/Class/CDC/Src/usbd_cdc.o
LOAD Middlewares/ST/STM32_USB_Device_Library/Core/Src/usbd_core.o
LOAD Middlewares/ST/STM32_USB_Device_Library/Core/Src/usbd_ctlreq.o
LOAD Middlewares/ST/STM32_USB_Device_Library/Core/Src/usbd_ioreq.o
LOAD Src/adc.o
LOAD Src/dac.o
LOAD Src/gpio.o
LOAD Src/main.o
LOAD Src/measurement.o
LOAD Src/stm32l4xx_hal_msp.o
LOAD Src/stm32l4xx_it.o
LOAD Src/systemClock.o
LOAD Src/system_stm32l4xx.o
LOAD Src/usb_device.o
LOAD Src/usbd_cdc_if.o
LOAD Src/usbd_conf.o
LOAD Src/usbd_desc.o
LOAD startup/startup_stm32l432xx.o
LOAD d:/memes/plugins/fr.ac6.mcu.externaltools.arm-none.win32_1.15.0.201708311556/tools/compiler/bin/../lib/gcc/arm-none-eabi/6.3.1/../../../../arm-none-eabi/lib/thumb/v7e-m/fpv4-sp/hard\libm.a
START GROUP
LOAD d:/memes/plugins/fr.ac6.mcu.externaltools.arm-none.win32_1.15.0.201708311556/tools/compiler/bin/../lib/gcc/arm-none-eabi/6.3.1/thumb/v7e-m/fpv4-sp/hard\libgcc.a
LOAD d:/memes/plugins/fr.ac6.mcu.externaltools.arm-none.win32_1.15.0.201708311556/tools/compiler/bin/../lib/gcc/arm-none-eabi/6.3.1/../../../../arm-none-eabi/lib/thumb/v7e-m/fpv4-sp/hard\libc_nano.a
END GROUP
START GROUP
LOAD d:/memes/plugins/fr.ac6.mcu.externaltools.arm-none.win32_1.15.0.201708311556/tools/compiler/bin/../lib/gcc/arm-none-eabi/6.3.1/thumb/v7e-m/fpv4-sp/hard\libgcc.a
LOAD d:/memes/plugins/fr.ac6.mcu.externaltools.arm-none.win32_1.15.0.201708311556/tools/compiler/bin/../lib/gcc/arm-none-eabi/6.3.1/../../../../arm-none-eabi/lib/thumb/v7e-m/fpv4-sp/hard\libc_nano.a
LOAD d:/memes/plugins/fr.ac6.mcu.externaltools.arm-none.win32_1.15.0.201708311556/tools/compiler/bin/../lib/gcc/arm-none-eabi/6.3.1/../../../../arm-none-eabi/lib/thumb/v7e-m/fpv4-sp/hard\libnosys.a
END GROUP
START GROUP
LOAD d:/memes/plugins/fr.ac6.mcu.externaltools.arm-none.win32_1.15.0.201708311556/tools/compiler/bin/../lib/gcc/arm-none-eabi/6.3.1/thumb/v7e-m/fpv4-sp/hard\libgcc.a
LOAD d:/memes/plugins/fr.ac6.mcu.externaltools.arm-none.win32_1.15.0.201708311556/tools/compiler/bin/../lib/gcc/arm-none-eabi/6.3.1/../../../../arm-none-eabi/lib/thumb/v7e-m/fpv4-sp/hard\libc_nano.a
LOAD d:/memes/plugins/fr.ac6.mcu.externaltools.arm-none.win32_1.15.0.201708311556/tools/compiler/bin/../lib/gcc/arm-none-eabi/6.3.1/../../../../arm-none-eabi/lib/thumb/v7e-m/fpv4-sp/hard\libnosys.a
END GROUP
LOAD d:/memes/plugins/fr.ac6.mcu.externaltools.arm-none.win32_1.15.0.201708311556/tools/compiler/bin/../lib/gcc/arm-none-eabi/6.3.1/thumb/v7e-m/fpv4-sp/hard/crtend.o
LOAD d:/memes/plugins/fr.ac6.mcu.externaltools.arm-none.win32_1.15.0.201708311556/tools/compiler/bin/../lib/gcc/arm-none-eabi/6.3.1/thumb/v7e-m/fpv4-sp/hard/crtn.o
                0x20010000                _estack = 0x20010000
                0x00000200                _Min_Heap_Size = 0x200
                0x00000400                _Min_Stack_Size = 0x400

.isr_vector     0x08000000      0x190
                0x08000000                . = ALIGN (0x8)
 *(.isr_vector)
 .isr_vector    0x08000000      0x18c startup/startup_stm32l432xx.o
                0x08000000                g_pfnVectors
                0x08000190                . = ALIGN (0x8)
 *fill*         0x0800018c        0x4 

.text           0x08000190     0x3648
                0x08000190                . = ALIGN (0x8)
 *(.text)
 .text          0x08000190       0x6c d:/memes/plugins/fr.ac6.mcu.externaltools.arm-none.win32_1.15.0.201708311556/tools/compiler/bin/../lib/gcc/arm-none-eabi/6.3.1/thumb/v7e-m/fpv4-sp/hard/crtbegin.o
 *(.text*)
 .text.HAL_InitTick
                0x080001fc       0x2c Drivers/STM32L4xx_HAL_Driver/Src/stm32l4xx_hal.o
                0x080001fc                HAL_InitTick
 .text.HAL_Init
                0x08000228       0x16 Drivers/STM32L4xx_HAL_Driver/Src/stm32l4xx_hal.o
                0x08000228                HAL_Init
 *fill*         0x0800023e        0x2 
 .text.HAL_IncTick
                0x08000240       0x10 Drivers/STM32L4xx_HAL_Driver/Src/stm32l4xx_hal.o
                0x08000240                HAL_IncTick
 .text.HAL_GetTick
                0x08000250        0xc Drivers/STM32L4xx_HAL_Driver/Src/stm32l4xx_hal.o
                0x08000250                HAL_GetTick
 .text.HAL_Delay
                0x0800025c       0x1e Drivers/STM32L4xx_HAL_Driver/Src/stm32l4xx_hal.o
                0x0800025c                HAL_Delay
 *fill*         0x0800027a        0x2 
 .text.HAL_ADC_Init
                0x0800027c      0x1c4 Drivers/STM32L4xx_HAL_Driver/Src/stm32l4xx_hal_adc.o
                0x0800027c                HAL_ADC_Init
 .text.HAL_ADC_ConfigChannel
                0x08000440      0x4dc Drivers/STM32L4xx_HAL_Driver/Src/stm32l4xx_hal_adc.o
                0x08000440                HAL_ADC_ConfigChannel
 .text.HAL_NVIC_SetPriorityGrouping
                0x0800091c       0x24 Drivers/STM32L4xx_HAL_Driver/Src/stm32l4xx_hal_cortex.o
                0x0800091c                HAL_NVIC_SetPriorityGrouping
 .text.HAL_NVIC_SetPriority
                0x08000940       0x64 Drivers/STM32L4xx_HAL_Driver/Src/stm32l4xx_hal_cortex.o
                0x08000940                HAL_NVIC_SetPriority
 .text.HAL_SYSTICK_Config
                0x080009a4       0x2c Drivers/STM32L4xx_HAL_Driver/Src/stm32l4xx_hal_cortex.o
                0x080009a4                HAL_SYSTICK_Config
 .text.HAL_SYSTICK_CLKSourceConfig
                0x080009d0       0x20 Drivers/STM32L4xx_HAL_Driver/Src/stm32l4xx_hal_cortex.o
                0x080009d0                HAL_SYSTICK_CLKSourceConfig
 .text.HAL_SYSTICK_Callback
                0x080009f0        0x2 Drivers/STM32L4xx_HAL_Driver/Src/stm32l4xx_hal_cortex.o
                0x080009f0                HAL_SYSTICK_Callback
 .text.HAL_SYSTICK_IRQHandler
                0x080009f2        0x8 Drivers/STM32L4xx_HAL_Driver/Src/stm32l4xx_hal_cortex.o
                0x080009f2                HAL_SYSTICK_IRQHandler
 .text.HAL_DAC_Init
                0x080009fa       0x24 Drivers/STM32L4xx_HAL_Driver/Src/stm32l4xx_hal_dac.o
                0x080009fa                HAL_DAC_Init
 .text.HAL_DAC_Start
                0x08000a1e       0x5e Drivers/STM32L4xx_HAL_Driver/Src/stm32l4xx_hal_dac.o
                0x08000a1e                HAL_DAC_Start
 .text.HAL_DAC_ConfigChannel
                0x08000a7c      0x128 Drivers/STM32L4xx_HAL_Driver/Src/stm32l4xx_hal_dac.o
                0x08000a7c                HAL_DAC_ConfigChannel
 .text.HAL_GPIO_Init
                0x08000ba4      0x188 Drivers/STM32L4xx_HAL_Driver/Src/stm32l4xx_hal_gpio.o
                0x08000ba4                HAL_GPIO_Init
 .text.HAL_GPIO_WritePin
                0x08000d2c        0xa Drivers/STM32L4xx_HAL_Driver/Src/stm32l4xx_hal_gpio.o
                0x08000d2c                HAL_GPIO_WritePin
 .text.HAL_PCD_SetAddress
                0x08000d36       0x28 Drivers/STM32L4xx_HAL_Driver/Src/stm32l4xx_hal_pcd.o
                0x08000d36                HAL_PCD_SetAddress
 .text.HAL_PCD_EP_Open
                0x08000d5e       0x56 Drivers/STM32L4xx_HAL_Driver/Src/stm32l4xx_hal_pcd.o
                0x08000d5e                HAL_PCD_EP_Open
 .text.HAL_PCD_EP_Receive
                0x08000db4       0x44 Drivers/STM32L4xx_HAL_Driver/Src/stm32l4xx_hal_pcd.o
                0x08000db4                HAL_PCD_EP_Receive
 .text.HAL_PCD_EP_Transmit
                0x08000df8       0x42 Drivers/STM32L4xx_HAL_Driver/Src/stm32l4xx_hal_pcd.o
                0x08000df8                HAL_PCD_EP_Transmit
 .text.PCD_EP_ISR_Handler
                0x08000e3a      0x442 Drivers/STM32L4xx_HAL_Driver/Src/stm32l4xx_hal_pcd.o
 .text.HAL_PCD_IRQHandler
                0x0800127c      0x216 Drivers/STM32L4xx_HAL_Driver/Src/stm32l4xx_hal_pcd.o
                0x0800127c                HAL_PCD_IRQHandler
 .text.HAL_PCD_EP_SetStall
                0x08001492       0x62 Drivers/STM32L4xx_HAL_Driver/Src/stm32l4xx_hal_pcd.o
                0x08001492                HAL_PCD_EP_SetStall
 .text.HAL_PCD_EP_ClrStall
                0x080014f4       0x52 Drivers/STM32L4xx_HAL_Driver/Src/stm32l4xx_hal_pcd.o
                0x080014f4                HAL_PCD_EP_ClrStall
 *fill*         0x08001546        0x2 
 .text.HAL_PWREx_GetVoltageRange
                0x08001548       0x10 Drivers/STM32L4xx_HAL_Driver/Src/stm32l4xx_hal_pwr_ex.o
                0x08001548                HAL_PWREx_GetVoltageRange
 .text.HAL_PWREx_ControlVoltageScaling
                0x08001558       0x90 Drivers/STM32L4xx_HAL_Driver/Src/stm32l4xx_hal_pwr_ex.o
                0x08001558                HAL_PWREx_ControlVoltageScaling
 .text.RCC_SetFlashLatencyFromMSIRange
                0x080015e8       0x90 Drivers/STM32L4xx_HAL_Driver/Src/stm32l4xx_hal_rcc.o
 .text.HAL_RCC_GetSysClockFreq
                0x08001678      0x100 Drivers/STM32L4xx_HAL_Driver/Src/stm32l4xx_hal_rcc.o
                0x08001678                HAL_RCC_GetSysClockFreq
 .text.HAL_RCC_OscConfig
                0x08001778      0x5cc Drivers/STM32L4xx_HAL_Driver/Src/stm32l4xx_hal_rcc.o
                0x08001778                HAL_RCC_OscConfig
 .text.HAL_RCC_ClockConfig
                0x08001d44      0x1ac Drivers/STM32L4xx_HAL_Driver/Src/stm32l4xx_hal_rcc.o
                0x08001d44                HAL_RCC_ClockConfig
 .text.HAL_RCC_GetHCLKFreq
                0x08001ef0        0xc Drivers/STM32L4xx_HAL_Driver/Src/stm32l4xx_hal_rcc.o
                0x08001ef0                HAL_RCC_GetHCLKFreq
 .text.RCCEx_PLLSAI1_Config
                0x08001efc      0x17c Drivers/STM32L4xx_HAL_Driver/Src/stm32l4xx_hal_rcc_ex.o
 .text.HAL_RCCEx_PeriphCLKConfig
                0x08002078      0x2e8 Drivers/STM32L4xx_HAL_Driver/Src/stm32l4xx_hal_rcc_ex.o
                0x08002078                HAL_RCCEx_PeriphCLKConfig
 .text.USB_ActivateEndpoint
                0x08002360      0x342 Drivers/STM32L4xx_HAL_Driver/Src/stm32l4xx_ll_usb.o
                0x08002360                USB_ActivateEndpoint
 .text.USB_EPSetStall
                0x080026a2       0x6e Drivers/STM32L4xx_HAL_Driver/Src/stm32l4xx_ll_usb.o
                0x080026a2                USB_EPSetStall
 .text.USB_EPClearStall
                0x08002710       0x96 Drivers/STM32L4xx_HAL_Driver/Src/stm32l4xx_ll_usb.o
                0x08002710                USB_EPClearStall
 .text.USB_SetDevAddress
                0x080027a6        0xc Drivers/STM32L4xx_HAL_Driver/Src/stm32l4xx_ll_usb.o
                0x080027a6                USB_SetDevAddress
 .text.USB_ReadInterrupts
                0x080027b2        0x8 Drivers/STM32L4xx_HAL_Driver/Src/stm32l4xx_ll_usb.o
                0x080027b2                USB_ReadInterrupts
 .text.USB_EP0_OutStart
                0x080027ba        0x4 Drivers/STM32L4xx_HAL_Driver/Src/stm32l4xx_ll_usb.o
                0x080027ba                USB_EP0_OutStart
 .text.USB_WritePMA
                0x080027be       0x2a Drivers/STM32L4xx_HAL_Driver/Src/stm32l4xx_ll_usb.o
                0x080027be                USB_WritePMA
 .text.USB_EPStartXfer
                0x080027e8      0x23c Drivers/STM32L4xx_HAL_Driver/Src/stm32l4xx_ll_usb.o
                0x080027e8                USB_EPStartXfer
 .text.USB_ReadPMA
                0x08002a24       0x1c Drivers/STM32L4xx_HAL_Driver/Src/stm32l4xx_ll_usb.o
                0x08002a24                USB_ReadPMA
 .text.USBD_SetClassConfig
                0x08002a40       0x1a Middlewares/ST/STM32_USB_Device_Library/Core/Src/usbd_core.o
                0x08002a40                USBD_SetClassConfig
 .text.USBD_ClrClassConfig
                0x08002a5a        0xe Middlewares/ST/STM32_USB_Device_Library/Core/Src/usbd_core.o
                0x08002a5a                USBD_ClrClassConfig
 .text.USBD_LL_SetupStage
                0x08002a68       0x5a Middlewares/ST/STM32_USB_Device_Library/Core/Src/usbd_core.o
                0x08002a68                USBD_LL_SetupStage
 .text.USBD_LL_DataOutStage
                0x08002ac2       0x6a Middlewares/ST/STM32_USB_Device_Library/Core/Src/usbd_core.o
                0x08002ac2                USBD_LL_DataOutStage
 .text.USBD_LL_DataInStage
                0x08002b2c       0xb2 Middlewares/ST/STM32_USB_Device_Library/Core/Src/usbd_core.o
                0x08002b2c                USBD_LL_DataInStage
 .text.USBD_LL_Reset
                0x08002bde       0x3e Middlewares/ST/STM32_USB_Device_Library/Core/Src/usbd_core.o
                0x08002bde                USBD_LL_Reset
 .text.USBD_LL_SetSpeed
                0x08002c1c        0x6 Middlewares/ST/STM32_USB_Device_Library/Core/Src/usbd_core.o
                0x08002c1c                USBD_LL_SetSpeed
 .text.USBD_LL_Suspend
                0x08002c22       0x12 Middlewares/ST/STM32_USB_Device_Library/Core/Src/usbd_core.o
                0x08002c22                USBD_LL_Suspend
 .text.USBD_LL_Resume
                0x08002c34        0xc Middlewares/ST/STM32_USB_Device_Library/Core/Src/usbd_core.o
                0x08002c34                USBD_LL_Resume
 .text.USBD_LL_SOF
                0x08002c40       0x1c Middlewares/ST/STM32_USB_Device_Library/Core/Src/usbd_core.o
                0x08002c40                USBD_LL_SOF
 .text.USBD_SetFeature
                0x08002c5c       0x20 Middlewares/ST/STM32_USB_Device_Library/Core/Src/usbd_ctlreq.o
 .text.USBD_ParseSetupRequest
                0x08002c7c       0x28 Middlewares/ST/STM32_USB_Device_Library/Core/Src/usbd_ctlreq.o
                0x08002c7c                USBD_ParseSetupRequest
 .text.USBD_CtlError
                0x08002ca4       0x14 Middlewares/ST/STM32_USB_Device_Library/Core/Src/usbd_ctlreq.o
                0x08002ca4                USBD_CtlError
 .text.USBD_GetDescriptor
                0x08002cb8      0x14a Middlewares/ST/STM32_USB_Device_Library/Core/Src/usbd_ctlreq.o
 .text.USBD_SetAddress
                0x08002e02       0x4a Middlewares/ST/STM32_USB_Device_Library/Core/Src/usbd_ctlreq.o
 .text.USBD_SetConfig
                0x08002e4c       0xa4 Middlewares/ST/STM32_USB_Device_Library/Core/Src/usbd_ctlreq.o
 .text.USBD_GetConfig
                0x08002ef0       0x3a Middlewares/ST/STM32_USB_Device_Library/Core/Src/usbd_ctlreq.o
 .text.USBD_GetStatus
                0x08002f2a       0x2c Middlewares/ST/STM32_USB_Device_Library/Core/Src/usbd_ctlreq.o
 .text.USBD_ClrFeature
                0x08002f56       0x32 Middlewares/ST/STM32_USB_Device_Library/Core/Src/usbd_ctlreq.o
 .text.USBD_StdDevReq
                0x08002f88       0x48 Middlewares/ST/STM32_USB_Device_Library/Core/Src/usbd_ctlreq.o
                0x08002f88                USBD_StdDevReq
 .text.USBD_StdItfReq
                0x08002fd0       0x38 Middlewares/ST/STM32_USB_Device_Library/Core/Src/usbd_ctlreq.o
                0x08002fd0                USBD_StdItfReq
 .text.USBD_StdEPReq
                0x08003008      0x118 Middlewares/ST/STM32_USB_Device_Library/Core/Src/usbd_ctlreq.o
                0x08003008                USBD_StdEPReq
 .text.USBD_CtlSendData
                0x08003120       0x1a Middlewares/ST/STM32_USB_Device_Library/Core/Src/usbd_ioreq.o
                0x08003120                USBD_CtlSendData
 .text.USBD_CtlContinueSendData
                0x0800313a       0x10 Middlewares/ST/STM32_USB_Device_Library/Core/Src/usbd_ioreq.o
                0x0800313a                USBD_CtlContinueSendData
 .text.USBD_CtlContinueRx
                0x0800314a       0x10 Middlewares/ST/STM32_USB_Device_Library/Core/Src/usbd_ioreq.o
                0x0800314a                USBD_CtlContinueRx
 .text.USBD_CtlSendStatus
                0x0800315a       0x16 Middlewares/ST/STM32_USB_Device_Library/Core/Src/usbd_ioreq.o
                0x0800315a                USBD_CtlSendStatus
 .text.USBD_CtlReceiveStatus
                0x08003170       0x16 Middlewares/ST/STM32_USB_Device_Library/Core/Src/usbd_ioreq.o
                0x08003170                USBD_CtlReceiveStatus
 *fill*         0x08003186        0x2 
 .text.ADC_initialiseADC
                0x08003188       0xa0 Src/adc.o
                0x08003188                ADC_initialiseADC
 .text.DAC_initialiseDAC
                0x08003228       0x40 Src/dac.o
                0x08003228                DAC_initialiseDAC
 .text.gpio_initialiseGPIO
                0x08003268       0x8c Src/gpio.o
                0x08003268                gpio_initialiseGPIO
 .text.main     0x080032f4       0x18 Src/main.o
                0x080032f4                main
 .text.HAL_MspInit
                0x0800330c       0x90 Src/stm32l4xx_hal_msp.o
                0x0800330c                HAL_MspInit
 .text.HAL_ADC_MspInit
                0x0800339c       0x48 Src/stm32l4xx_hal_msp.o
                0x0800339c                HAL_ADC_MspInit
 .text.HAL_DAC_MspInit
                0x080033e4       0x44 Src/stm32l4xx_hal_msp.o
                0x080033e4                HAL_DAC_MspInit
 .text.NMI_Handler
                0x08003428        0x2 Src/stm32l4xx_it.o
                0x08003428                NMI_Handler
 .text.HardFault_Handler
                0x0800342a        0x2 Src/stm32l4xx_it.o
                0x0800342a                HardFault_Handler
 .text.MemManage_Handler
                0x0800342c        0x2 Src/stm32l4xx_it.o
                0x0800342c                MemManage_Handler
 .text.BusFault_Handler
                0x0800342e        0x2 Src/stm32l4xx_it.o
                0x0800342e                BusFault_Handler
 .text.UsageFault_Handler
                0x08003430        0x2 Src/stm32l4xx_it.o
                0x08003430                UsageFault_Handler
 .text.SVC_Handler
                0x08003432        0x2 Src/stm32l4xx_it.o
                0x08003432                SVC_Handler
 .text.DebugMon_Handler
                0x08003434        0x2 Src/stm32l4xx_it.o
                0x08003434                DebugMon_Handler
 .text.PendSV_Handler
                0x08003436        0x2 Src/stm32l4xx_it.o
                0x08003436                PendSV_Handler
 .text.SysTick_Handler
                0x08003438        0xc Src/stm32l4xx_it.o
                0x08003438                SysTick_Handler
 .text.USB_IRQHandler
                0x08003444       0x10 Src/stm32l4xx_it.o
                0x08003444                USB_IRQHandler
 .text.SystemClock_Config
                0x08003454       0xbc Src/systemClock.o
                0x08003454                SystemClock_Config
 .text.SystemInit
                0x08003510       0x48 Src/system_stm32l4xx.o
                0x08003510                SystemInit
 .text.SystemClockConfig_Resume
                0x08003558        0x8 Src/usbd_conf.o
 .text.HAL_PCD_SetupStageCallback
                0x08003560       0x10 Src/usbd_conf.o
                0x08003560                HAL_PCD_SetupStageCallback
 .text.HAL_PCD_DataOutStageCallback
                0x08003570       0x14 Src/usbd_conf.o
                0x08003570                HAL_PCD_DataOutStageCallback
 .text.HAL_PCD_DataInStageCallback
                0x08003584       0x12 Src/usbd_conf.o
                0x08003584                HAL_PCD_DataInStageCallback
 .text.HAL_PCD_SOFCallback
                0x08003596        0xc Src/usbd_conf.o
                0x08003596                HAL_PCD_SOFCallback
 .text.HAL_PCD_ResetCallback
                0x080035a2       0x18 Src/usbd_conf.o
                0x080035a2                HAL_PCD_ResetCallback
 *fill*         0x080035ba        0x2 
 .text.HAL_PCD_SuspendCallback
                0x080035bc       0x20 Src/usbd_conf.o
                0x080035bc                HAL_PCD_SuspendCallback
 .text.HAL_PCD_ResumeCallback
                0x080035dc       0x28 Src/usbd_conf.o
                0x080035dc                HAL_PCD_ResumeCallback
 .text.USBD_LL_OpenEP
                0x08003604       0x22 Src/usbd_conf.o
                0x08003604                USBD_LL_OpenEP
 .text.USBD_LL_StallEP
                0x08003626       0x1c Src/usbd_conf.o
                0x08003626                USBD_LL_StallEP
 .text.USBD_LL_ClearStallEP
                0x08003642       0x1c Src/usbd_conf.o
                0x08003642                USBD_LL_ClearStallEP
 .text.USBD_LL_IsStallEP
                0x0800365e       0x26 Src/usbd_conf.o
                0x0800365e                USBD_LL_IsStallEP
 .text.USBD_LL_SetUSBAddress
                0x08003684       0x1c Src/usbd_conf.o
                0x08003684                USBD_LL_SetUSBAddress
 .text.USBD_LL_Transmit
                0x080036a0       0x1c Src/usbd_conf.o
                0x080036a0                USBD_LL_Transmit
 .text.USBD_LL_PrepareReceive
                0x080036bc       0x1c Src/usbd_conf.o
                0x080036bc                USBD_LL_PrepareReceive
 .text.HAL_PCDEx_LPM_Callback
                0x080036d8       0x48 Src/usbd_conf.o
                0x080036d8                HAL_PCDEx_LPM_Callback
 .text.Reset_Handler
                0x08003720       0x50 startup/startup_stm32l432xx.o
                0x08003720                Reset_Handler
 .text.Default_Handler
                0x08003770        0x2 startup/startup_stm32l432xx.o
                0x08003770                RTC_Alarm_IRQHandler
                0x08003770                EXTI2_IRQHandler
                0x08003770                TIM1_CC_IRQHandler
                0x08003770                TSC_IRQHandler
                0x08003770                TAMP_STAMP_IRQHandler
                0x08003770                EXTI3_IRQHandler
                0x08003770                LPTIM2_IRQHandler
                0x08003770                I2C3_ER_IRQHandler
                0x08003770                EXTI0_IRQHandler
                0x08003770                CAN1_RX0_IRQHandler
                0x08003770                FPU_IRQHandler
                0x08003770                TIM1_UP_TIM16_IRQHandler
                0x08003770                SPI1_IRQHandler
                0x08003770                TIM6_DAC_IRQHandler
                0x08003770                DMA2_Channel2_IRQHandler
                0x08003770                DMA1_Channel4_IRQHandler
                0x08003770                ADC1_IRQHandler
                0x08003770                DMA1_Channel7_IRQHandler
                0x08003770                CAN1_RX1_IRQHandler
                0x08003770                DMA2_Channel1_IRQHandler
                0x08003770                QUADSPI_IRQHandler
                0x08003770                I2C1_EV_IRQHandler
                0x08003770                DMA1_Channel6_IRQHandler
                0x08003770                DMA2_Channel4_IRQHandler
                0x08003770                RCC_IRQHandler
                0x08003770                TIM1_TRG_COM_IRQHandler
                0x08003770                DMA1_Channel1_IRQHandler
                0x08003770                Default_Handler
                0x08003770                DMA2_Channel7_IRQHandler
                0x08003770                EXTI15_10_IRQHandler
                0x08003770                TIM7_IRQHandler
                0x08003770                I2C3_EV_IRQHandler
                0x08003770                EXTI9_5_IRQHandler
                0x08003770                RTC_WKUP_IRQHandler
                0x08003770                PVD_PVM_IRQHandler
                0x08003770                CAN1_TX_IRQHandler
                0x08003770                DMA2_Channel5_IRQHandler
                0x08003770                CRS_IRQHandler
                0x08003770                DMA1_Channel5_IRQHandler
                0x08003770                EXTI4_IRQHandler
                0x08003770                RNG_IRQHandler
                0x08003770                DMA1_Channel3_IRQHandler
                0x08003770                COMP_IRQHandler
                0x08003770                WWDG_IRQHandler
                0x08003770                LPUART1_IRQHandler
                0x08003770                DMA2_Channel6_IRQHandler
                0x08003770                TIM2_IRQHandler
                0x08003770                EXTI1_IRQHandler
                0x08003770                USART2_IRQHandler
                0x08003770                DMA1_Channel2_IRQHandler
                0x08003770                CAN1_SCE_IRQHandler
                0x08003770                FLASH_IRQHandler
                0x08003770                USART1_IRQHandler
                0x08003770                SPI3_IRQHandler
                0x08003770                I2C1_ER_IRQHandler
                0x08003770                SWPMI1_IRQHandler
                0x08003770                LPTIM1_IRQHandler
                0x08003770                SAI1_IRQHandler
                0x08003770                DMA2_Channel3_IRQHandler
                0x08003770                TIM1_BRK_TIM15_IRQHandler
 *fill*         0x08003772        0x2 
 .text.__libc_init_array
                0x08003774       0x48 d:/memes/plugins/fr.ac6.mcu.externaltools.arm-none.win32_1.15.0.201708311556/tools/compiler/bin/../lib/gcc/arm-none-eabi/6.3.1/../../../../arm-none-eabi/lib/thumb/v7e-m/fpv4-sp/hard\libc_nano.a(lib_a-init.o)
                0x08003774                __libc_init_array
 *(.glue_7)
 .glue_7        0x080037bc        0x0 linker stubs
 *(.glue_7t)
 .glue_7t       0x080037bc        0x0 linker stubs
 *(.eh_frame)
 .eh_frame      0x080037bc        0x0 d:/memes/plugins/fr.ac6.mcu.externaltools.arm-none.win32_1.15.0.201708311556/tools/compiler/bin/../lib/gcc/arm-none-eabi/6.3.1/thumb/v7e-m/fpv4-sp/hard/crtbegin.o
 *(.init)
 .init          0x080037bc        0x4 d:/memes/plugins/fr.ac6.mcu.externaltools.arm-none.win32_1.15.0.201708311556/tools/compiler/bin/../lib/gcc/arm-none-eabi/6.3.1/thumb/v7e-m/fpv4-sp/hard/crti.o
                0x080037bc                _init
 .init          0x080037c0        0x8 d:/memes/plugins/fr.ac6.mcu.externaltools.arm-none.win32_1.15.0.201708311556/tools/compiler/bin/../lib/gcc/arm-none-eabi/6.3.1/thumb/v7e-m/fpv4-sp/hard/crtn.o
 *(.fini)
 .fini          0x080037c8        0x4 d:/memes/plugins/fr.ac6.mcu.externaltools.arm-none.win32_1.15.0.201708311556/tools/compiler/bin/../lib/gcc/arm-none-eabi/6.3.1/thumb/v7e-m/fpv4-sp/hard/crti.o
                0x080037c8                _fini
 .fini          0x080037cc        0x8 d:/memes/plugins/fr.ac6.mcu.externaltools.arm-none.win32_1.15.0.201708311556/tools/compiler/bin/../lib/gcc/arm-none-eabi/6.3.1/thumb/v7e-m/fpv4-sp/hard/crtn.o
                0x080037d8                . = ALIGN (0x8)
 *fill*         0x080037d4        0x4 
                0x080037d8                _etext = .

.vfp11_veneer   0x080037d8        0x0
 .vfp11_veneer  0x080037d8        0x0 linker stubs

.v4_bx          0x080037d8        0x0
 .v4_bx         0x080037d8        0x0 linker stubs

.iplt           0x080037d8        0x0
 .iplt          0x080037d8        0x0 d:/memes/plugins/fr.ac6.mcu.externaltools.arm-none.win32_1.15.0.201708311556/tools/compiler/bin/../lib/gcc/arm-none-eabi/6.3.1/thumb/v7e-m/fpv4-sp/hard/crtbegin.o

.rodata         0x080037d8       0x48
                0x080037d8                . = ALIGN (0x8)
 *(.rodata)
 .rodata        0x080037d8       0x48 Src/system_stm32l4xx.o
                0x080037d8                MSIRangeTable
                0x08003808                AHBPrescTable
                0x08003818                APBPrescTable
 *(.rodata*)
                0x08003820                . = ALIGN (0x8)

.rel.dyn        0x08003820        0x0
 .rel.iplt      0x08003820        0x0 d:/memes/plugins/fr.ac6.mcu.externaltools.arm-none.win32_1.15.0.201708311556/tools/compiler/bin/../lib/gcc/arm-none-eabi/6.3.1/thumb/v7e-m/fpv4-sp/hard/crtbegin.o

.ARM.extab      0x08003820        0x0
                0x08003820                . = ALIGN (0x8)
 *(.ARM.extab* .gnu.linkonce.armextab.*)
                0x08003820                . = ALIGN (0x8)

.ARM            0x08003820        0x0
                0x08003820                . = ALIGN (0x8)
                0x08003820                __exidx_start = .
 *(.ARM.exidx*)
                0x08003820                __exidx_end = .
                0x08003820                . = ALIGN (0x8)

.preinit_array  0x08003820        0x0
                0x08003820                . = ALIGN (0x8)
                0x08003820                PROVIDE (__preinit_array_start, .)
 *(.preinit_array*)
                0x08003820                PROVIDE (__preinit_array_end, .)
                0x08003820                . = ALIGN (0x8)

.init_array     0x08003820        0x8
                0x08003820                . = ALIGN (0x8)
                0x08003820                PROVIDE (__init_array_start, .)
 *(SORT(.init_array.*))
 *(.init_array*)
 .init_array    0x08003820        0x4 d:/memes/plugins/fr.ac6.mcu.externaltools.arm-none.win32_1.15.0.201708311556/tools/compiler/bin/../lib/gcc/arm-none-eabi/6.3.1/thumb/v7e-m/fpv4-sp/hard/crtbegin.o
                0x08003824                PROVIDE (__init_array_end, .)
                0x08003828                . = ALIGN (0x8)
 *fill*         0x08003824        0x4 

.fini_array     0x08003828        0x8
                0x08003828                . = ALIGN (0x8)
                [!provide]                PROVIDE (__fini_array_start, .)
 *(SORT(.fini_array.*))
 *(.fini_array*)
 .fini_array    0x08003828        0x4 d:/memes/plugins/fr.ac6.mcu.externaltools.arm-none.win32_1.15.0.201708311556/tools/compiler/bin/../lib/gcc/arm-none-eabi/6.3.1/thumb/v7e-m/fpv4-sp/hard/crtbegin.o
                [!provide]                PROVIDE (__fini_array_end, .)
                0x08003830                . = ALIGN (0x8)
 *fill*         0x0800382c        0x4 
                0x08003830                _sidata = LOADADDR (.data)

.data           0x20000000        0x8 load address 0x08003830
                0x20000000                . = ALIGN (0x8)
                0x20000000                _sdata = .
 *(.data)
 .data          0x20000000        0x4 Src/system_stm32l4xx.o
                0x20000000                SystemCoreClock
 *(.data*)
                0x20000008                . = ALIGN (0x8)
 *fill*         0x20000004        0x4 
                0x20000008                _edata = .

.jcr            0x20000008        0x0 load address 0x08003838
 .jcr           0x20000008        0x0 d:/memes/plugins/fr.ac6.mcu.externaltools.arm-none.win32_1.15.0.201708311556/tools/compiler/bin/../lib/gcc/arm-none-eabi/6.3.1/thumb/v7e-m/fpv4-sp/hard/crtbegin.o

.igot.plt       0x20000008        0x0 load address 0x08003838
 .igot.plt      0x20000008        0x0 d:/memes/plugins/fr.ac6.mcu.externaltools.arm-none.win32_1.15.0.201708311556/tools/compiler/bin/../lib/gcc/arm-none-eabi/6.3.1/thumb/v7e-m/fpv4-sp/hard/crtbegin.o
                0x20000008                . = ALIGN (0x4)

.bss            0x20000008      0x4d4 load address 0x08003838
                0x20000008                _sbss = .
                0x20000008                __bss_start__ = _sbss
 *(.bss)
 .bss           0x20000008       0x1c d:/memes/plugins/fr.ac6.mcu.externaltools.arm-none.win32_1.15.0.201708311556/tools/compiler/bin/../lib/gcc/arm-none-eabi/6.3.1/thumb/v7e-m/fpv4-sp/hard/crtbegin.o
 .bss           0x20000024        0x1 Middlewares/ST/STM32_USB_Device_Library/Core/Src/usbd_ctlreq.o
 *(.bss*)
 *(COMMON)
 *fill*         0x20000025        0x3 
 COMMON         0x20000028        0x4 Drivers/STM32L4xx_HAL_Driver/Src/stm32l4xx_hal.o
                0x20000028                uwTick
 COMMON         0x2000002c       0x68 Src/adc.o
                0x2000002c                hadc1
 COMMON         0x20000094       0x14 Src/dac.o
                0x20000094                hdac1
 COMMON         0x200000a8      0x434 Src/usbd_conf.o
                0x200000a8                hpcd_USB_FS
                0x200004dc                . = ALIGN (0x4)
                0x200004dc                _ebss = .
                0x200004dc                __bss_end__ = _ebss

._user_heap_stack
                0x200004dc      0x604 load address 0x08003838
                0x200004e0                . = ALIGN (0x8)
 *fill*         0x200004dc        0x4 
                [!provide]                PROVIDE (end, .)
                [!provide]                PROVIDE (_end, .)
                0x200006e0                . = (. + _Min_Heap_Size)
 *fill*         0x200004e0      0x200 
                0x20000ae0                . = (. + _Min_Stack_Size)
 *fill*         0x200006e0      0x400 
                0x20000ae0                . = ALIGN (0x8)

/DISCARD/
 libc.a(*)
 libm.a(*)
 libgcc.a(*)

.ARM.attributes
                0x00000000       0x30
 *(.ARM.attributes)
 .ARM.attributes
                0x00000000       0x22 d:/memes/plugins/fr.ac6.mcu.externaltools.arm-none.win32_1.15.0.201708311556/tools/compiler/bin/../lib/gcc/arm-none-eabi/6.3.1/thumb/v7e-m/fpv4-sp/hard/crti.o
 .ARM.attributes
                0x00000022       0x34 d:/memes/plugins/fr.ac6.mcu.externaltools.arm-none.win32_1.15.0.201708311556/tools/compiler/bin/../lib/gcc/arm-none-eabi/6.3.1/thumb/v7e-m/fpv4-sp/hard/crtbegin.o
 .ARM.attributes
                0x00000056       0x39 Drivers/STM32L4xx_HAL_Driver/Src/stm32l4xx_hal.o
 .ARM.attributes
                0x0000008f       0x39 Drivers/STM32L4xx_HAL_Driver/Src/stm32l4xx_hal_adc.o
 .ARM.attributes
                0x000000c8       0x39 Drivers/STM32L4xx_HAL_Driver/Src/stm32l4xx_hal_cortex.o
 .ARM.attributes
                0x00000101       0x39 Drivers/STM32L4xx_HAL_Driver/Src/stm32l4xx_hal_dac.o
 .ARM.attributes
                0x0000013a       0x39 Drivers/STM32L4xx_HAL_Driver/Src/stm32l4xx_hal_gpio.o
 .ARM.attributes
                0x00000173       0x39 Drivers/STM32L4xx_HAL_Driver/Src/stm32l4xx_hal_pcd.o
 .ARM.attributes
                0x000001ac       0x39 Drivers/STM32L4xx_HAL_Driver/Src/stm32l4xx_hal_pwr_ex.o
 .ARM.attributes
                0x000001e5       0x39 Drivers/STM32L4xx_HAL_Driver/Src/stm32l4xx_hal_rcc.o
 .ARM.attributes
                0x0000021e       0x39 Drivers/STM32L4xx_HAL_Driver/Src/stm32l4xx_hal_rcc_ex.o
 .ARM.attributes
                0x00000257       0x39 Drivers/STM32L4xx_HAL_Driver/Src/stm32l4xx_ll_usb.o
 .ARM.attributes
                0x00000290       0x39 Middlewares/ST/STM32_USB_Device_Library/Core/Src/usbd_core.o
 .ARM.attributes
                0x000002c9       0x39 Middlewares/ST/STM32_USB_Device_Library/Core/Src/usbd_ctlreq.o
 .ARM.attributes
                0x00000302       0x39 Middlewares/ST/STM32_USB_Device_Library/Core/Src/usbd_ioreq.o
 .ARM.attributes
                0x0000033b       0x39 Src/adc.o
 .ARM.attributes
                0x00000374       0x39 Src/dac.o
 .ARM.attributes
                0x000003ad       0x39 Src/gpio.o
 .ARM.attributes
                0x000003e6       0x39 Src/main.o
 .ARM.attributes
                0x0000041f       0x39 Src/stm32l4xx_hal_msp.o
 .ARM.attributes
                0x00000458       0x39 Src/stm32l4xx_it.o
 .ARM.attributes
                0x00000491       0x39 Src/systemClock.o
 .ARM.attributes
                0x000004ca       0x39 Src/system_stm32l4xx.o
 .ARM.attributes
                0x00000503       0x39 Src/usbd_conf.o
 .ARM.attributes
                0x0000053c       0x21 startup/startup_stm32l432xx.o
 .ARM.attributes
                0x0000055d       0x34 d:/memes/plugins/fr.ac6.mcu.externaltools.arm-none.win32_1.15.0.201708311556/tools/compiler/bin/../lib/gcc/arm-none-eabi/6.3.1/../../../../arm-none-eabi/lib/thumb/v7e-m/fpv4-sp/hard\libc_nano.a(lib_a-init.o)
 .ARM.attributes
                0x00000591       0x22 d:/memes/plugins/fr.ac6.mcu.externaltools.arm-none.win32_1.15.0.201708311556/tools/compiler/bin/../lib/gcc/arm-none-eabi/6.3.1/thumb/v7e-m/fpv4-sp/hard/crtn.o
OUTPUT(projectsolar.elf elf32-littlearm)

.debug_info     0x00000000    0x1d5e6
 .debug_info    0x00000000     0x119b Drivers/STM32L4xx_HAL_Driver/Src/stm32l4xx_hal.o
 .debug_info    0x0000119b     0x2f2b Drivers/STM32L4xx_HAL_Driver/Src/stm32l4xx_hal_adc.o
 .debug_info    0x000040c6     0x170b Drivers/STM32L4xx_HAL_Driver/Src/stm32l4xx_hal_cortex.o
 .debug_info    0x000057d1     0x1404 Drivers/STM32L4xx_HAL_Driver/Src/stm32l4xx_hal_dac.o
 .debug_info    0x00006bd5     0x1090 Drivers/STM32L4xx_HAL_Driver/Src/stm32l4xx_hal_gpio.o
 .debug_info    0x00007c65     0x1b4c Drivers/STM32L4xx_HAL_Driver/Src/stm32l4xx_hal_pcd.o
 .debug_info    0x000097b1     0x122b Drivers/STM32L4xx_HAL_Driver/Src/stm32l4xx_hal_pwr_ex.o
 .debug_info    0x0000a9dc     0x15be Drivers/STM32L4xx_HAL_Driver/Src/stm32l4xx_hal_rcc.o
 .debug_info    0x0000bf9a     0x1898 Drivers/STM32L4xx_HAL_Driver/Src/stm32l4xx_hal_rcc_ex.o
 .debug_info    0x0000d832     0x176c Drivers/STM32L4xx_HAL_Driver/Src/stm32l4xx_ll_usb.o
 .debug_info    0x0000ef9e     0x14c1 Middlewares/ST/STM32_USB_Device_Library/Core/Src/usbd_core.o
 .debug_info    0x0001045f     0x16a7 Middlewares/ST/STM32_USB_Device_Library/Core/Src/usbd_ctlreq.o
 .debug_info    0x00011b06     0x100a Middlewares/ST/STM32_USB_Device_Library/Core/Src/usbd_ioreq.o
 .debug_info    0x00012b10     0x11aa Src/adc.o
 .debug_info    0x00013cba      0xefe Src/dac.o
 .debug_info    0x00014bb8      0xf3e Src/gpio.o
 .debug_info    0x00015af6     0x11fc Src/main.o
 .debug_info    0x00016cf2     0x1852 Src/stm32l4xx_hal_msp.o
 .debug_info    0x00018544      0xf11 Src/stm32l4xx_it.o
 .debug_info    0x00019455      0xef5 Src/systemClock.o
 .debug_info    0x0001a34a      0xdf6 Src/system_stm32l4xx.o
 .debug_info    0x0001b140     0x2433 Src/usbd_conf.o
 .debug_info    0x0001d573       0x73 startup/startup_stm32l432xx.o

.debug_abbrev   0x00000000     0x3b23
 .debug_abbrev  0x00000000      0x2e3 Drivers/STM32L4xx_HAL_Driver/Src/stm32l4xx_hal.o
 .debug_abbrev  0x000002e3      0x315 Drivers/STM32L4xx_HAL_Driver/Src/stm32l4xx_hal_adc.o
 .debug_abbrev  0x000005f8      0x3b8 Drivers/STM32L4xx_HAL_Driver/Src/stm32l4xx_hal_cortex.o
 .debug_abbrev  0x000009b0      0x2b3 Drivers/STM32L4xx_HAL_Driver/Src/stm32l4xx_hal_dac.o
 .debug_abbrev  0x00000c63      0x2a5 Drivers/STM32L4xx_HAL_Driver/Src/stm32l4xx_hal_gpio.o
 .debug_abbrev  0x00000f08      0x32c Drivers/STM32L4xx_HAL_Driver/Src/stm32l4xx_hal_pcd.o
 .debug_abbrev  0x00001234      0x2d2 Drivers/STM32L4xx_HAL_Driver/Src/stm32l4xx_hal_pwr_ex.o
 .debug_abbrev  0x00001506      0x2ea Drivers/STM32L4xx_HAL_Driver/Src/stm32l4xx_hal_rcc.o
 .debug_abbrev  0x000017f0      0x30a Drivers/STM32L4xx_HAL_Driver/Src/stm32l4xx_hal_rcc_ex.o
 .debug_abbrev  0x00001afa      0x2df Drivers/STM32L4xx_HAL_Driver/Src/stm32l4xx_ll_usb.o
 .debug_abbrev  0x00001dd9      0x2c6 Middlewares/ST/STM32_USB_Device_Library/Core/Src/usbd_core.o
 .debug_abbrev  0x0000209f      0x327 Middlewares/ST/STM32_USB_Device_Library/Core/Src/usbd_ctlreq.o
 .debug_abbrev  0x000023c6      0x213 Middlewares/ST/STM32_USB_Device_Library/Core/Src/usbd_ioreq.o
 .debug_abbrev  0x000025d9      0x256 Src/adc.o
 .debug_abbrev  0x0000282f      0x256 Src/dac.o
 .debug_abbrev  0x00002a85      0x252 Src/gpio.o
 .debug_abbrev  0x00002cd7      0x254 Src/main.o
 .debug_abbrev  0x00002f2b      0x241 Src/stm32l4xx_hal_msp.o
 .debug_abbrev  0x0000316c      0x21b Src/stm32l4xx_it.o
 .debug_abbrev  0x00003387      0x223 Src/systemClock.o
 .debug_abbrev  0x000035aa      0x226 Src/system_stm32l4xx.o
 .debug_abbrev  0x000037d0      0x341 Src/usbd_conf.o
 .debug_abbrev  0x00003b11       0x12 startup/startup_stm32l432xx.o

.debug_loc      0x00000000     0x8a86
 .debug_loc     0x00000000       0x76 Drivers/STM32L4xx_HAL_Driver/Src/stm32l4xx_hal.o
 .debug_loc     0x00000076     0x1c8d Drivers/STM32L4xx_HAL_Driver/Src/stm32l4xx_hal_adc.o
 .debug_loc     0x00001d03      0x5ce Drivers/STM32L4xx_HAL_Driver/Src/stm32l4xx_hal_cortex.o
 .debug_loc     0x000022d1      0x79d Drivers/STM32L4xx_HAL_Driver/Src/stm32l4xx_hal_dac.o
 .debug_loc     0x00002a6e      0x343 Drivers/STM32L4xx_HAL_Driver/Src/stm32l4xx_hal_gpio.o
 .debug_loc     0x00002db1      0xa4b Drivers/STM32L4xx_HAL_Driver/Src/stm32l4xx_hal_pcd.o
 .debug_loc     0x000037fc      0x571 Drivers/STM32L4xx_HAL_Driver/Src/stm32l4xx_hal_pwr_ex.o
 .debug_loc     0x00003d6d      0x623 Drivers/STM32L4xx_HAL_Driver/Src/stm32l4xx_hal_rcc.o
 .debug_loc     0x00004390     0x1555 Drivers/STM32L4xx_HAL_Driver/Src/stm32l4xx_hal_rcc_ex.o
 .debug_loc     0x000058e5      0xb2e Drivers/STM32L4xx_HAL_Driver/Src/stm32l4xx_ll_usb.o
 .debug_loc     0x00006413      0x71c Middlewares/ST/STM32_USB_Device_Library/Core/Src/usbd_core.o
 .debug_loc     0x00006b2f      0xb99 Middlewares/ST/STM32_USB_Device_Library/Core/Src/usbd_ctlreq.o
 .debug_loc     0x000076c8      0x23c Middlewares/ST/STM32_USB_Device_Library/Core/Src/usbd_ioreq.o
 .debug_loc     0x00007904       0x84 Src/adc.o
 .debug_loc     0x00007988       0x2c Src/dac.o
 .debug_loc     0x000079b4      0x1a0 Src/gpio.o
 .debug_loc     0x00007b54       0xb6 Src/stm32l4xx_hal_msp.o
 .debug_loc     0x00007c0a      0x1e4 Src/system_stm32l4xx.o
 .debug_loc     0x00007dee      0xc98 Src/usbd_conf.o

.debug_aranges  0x00000000      0xcb0
 .debug_aranges
                0x00000000       0xf0 Drivers/STM32L4xx_HAL_Driver/Src/stm32l4xx_hal.o
 .debug_aranges
                0x000000f0       0xf8 Drivers/STM32L4xx_HAL_Driver/Src/stm32l4xx_hal_adc.o
 .debug_aranges
                0x000001e8       0xa8 Drivers/STM32L4xx_HAL_Driver/Src/stm32l4xx_hal_cortex.o
 .debug_aranges
                0x00000290       0xc0 Drivers/STM32L4xx_HAL_Driver/Src/stm32l4xx_hal_dac.o
 .debug_aranges
                0x00000350       0x58 Drivers/STM32L4xx_HAL_Driver/Src/stm32l4xx_hal_gpio.o
 .debug_aranges
                0x000003a8      0x120 Drivers/STM32L4xx_HAL_Driver/Src/stm32l4xx_hal_pcd.o
 .debug_aranges
                0x000004c8      0x108 Drivers/STM32L4xx_HAL_Driver/Src/stm32l4xx_hal_pwr_ex.o
 .debug_aranges
                0x000005d0       0x88 Drivers/STM32L4xx_HAL_Driver/Src/stm32l4xx_hal_rcc.o
 .debug_aranges
                0x00000658       0xe8 Drivers/STM32L4xx_HAL_Driver/Src/stm32l4xx_hal_rcc_ex.o
 .debug_aranges
                0x00000740      0x100 Drivers/STM32L4xx_HAL_Driver/Src/stm32l4xx_ll_usb.o
 .debug_aranges
                0x00000840       0xb8 Middlewares/ST/STM32_USB_Device_Library/Core/Src/usbd_core.o
 .debug_aranges
                0x000008f8       0x88 Middlewares/ST/STM32_USB_Device_Library/Core/Src/usbd_ctlreq.o
 .debug_aranges
                0x00000980       0x50 Middlewares/ST/STM32_USB_Device_Library/Core/Src/usbd_ioreq.o
 .debug_aranges
                0x000009d0       0x28 Src/adc.o
 .debug_aranges
                0x000009f8       0x28 Src/dac.o
 .debug_aranges
                0x00000a20       0x28 Src/gpio.o
 .debug_aranges
                0x00000a48       0x28 Src/main.o
 .debug_aranges
                0x00000a70       0x40 Src/stm32l4xx_hal_msp.o
 .debug_aranges
                0x00000ab0       0x68 Src/stm32l4xx_it.o
 .debug_aranges
                0x00000b18       0x20 Src/systemClock.o
 .debug_aranges
                0x00000b38       0x28 Src/system_stm32l4xx.o
 .debug_aranges
                0x00000b60      0x128 Src/usbd_conf.o
 .debug_aranges
                0x00000c88       0x28 startup/startup_stm32l432xx.o

.debug_ranges   0x00000000      0xca0
 .debug_ranges  0x00000000       0xe0 Drivers/STM32L4xx_HAL_Driver/Src/stm32l4xx_hal.o
 .debug_ranges  0x000000e0       0xe8 Drivers/STM32L4xx_HAL_Driver/Src/stm32l4xx_hal_adc.o
 .debug_ranges  0x000001c8       0xf8 Drivers/STM32L4xx_HAL_Driver/Src/stm32l4xx_hal_cortex.o
 .debug_ranges  0x000002c0       0xb0 Drivers/STM32L4xx_HAL_Driver/Src/stm32l4xx_hal_dac.o
 .debug_ranges  0x00000370       0x48 Drivers/STM32L4xx_HAL_Driver/Src/stm32l4xx_hal_gpio.o
 .debug_ranges  0x000003b8      0x140 Drivers/STM32L4xx_HAL_Driver/Src/stm32l4xx_hal_pcd.o
 .debug_ranges  0x000004f8       0xf8 Drivers/STM32L4xx_HAL_Driver/Src/stm32l4xx_hal_pwr_ex.o
 .debug_ranges  0x000005f0       0x90 Drivers/STM32L4xx_HAL_Driver/Src/stm32l4xx_hal_rcc.o
 .debug_ranges  0x00000680       0xf8 Drivers/STM32L4xx_HAL_Driver/Src/stm32l4xx_hal_rcc_ex.o
 .debug_ranges  0x00000778      0x180 Drivers/STM32L4xx_HAL_Driver/Src/stm32l4xx_ll_usb.o
 .debug_ranges  0x000008f8       0xa8 Middlewares/ST/STM32_USB_Device_Library/Core/Src/usbd_core.o
 .debug_ranges  0x000009a0       0x78 Middlewares/ST/STM32_USB_Device_Library/Core/Src/usbd_ctlreq.o
 .debug_ranges  0x00000a18       0x40 Middlewares/ST/STM32_USB_Device_Library/Core/Src/usbd_ioreq.o
 .debug_ranges  0x00000a58       0x18 Src/adc.o
 .debug_ranges  0x00000a70       0x18 Src/dac.o
 .debug_ranges  0x00000a88       0x18 Src/gpio.o
 .debug_ranges  0x00000aa0       0x18 Src/main.o
 .debug_ranges  0x00000ab8       0x30 Src/stm32l4xx_hal_msp.o
 .debug_ranges  0x00000ae8       0x58 Src/stm32l4xx_it.o
 .debug_ranges  0x00000b40       0x10 Src/systemClock.o
 .debug_ranges  0x00000b50       0x18 Src/system_stm32l4xx.o
 .debug_ranges  0x00000b68      0x118 Src/usbd_conf.o
 .debug_ranges  0x00000c80       0x20 startup/startup_stm32l432xx.o

.debug_macro    0x00000000    0x23e2c
 .debug_macro   0x00000000      0x3a9 Drivers/STM32L4xx_HAL_Driver/Src/stm32l4xx_hal.o
 .debug_macro   0x000003a9      0x8bc Drivers/STM32L4xx_HAL_Driver/Src/stm32l4xx_hal.o
 .debug_macro   0x00000c65       0x34 Drivers/STM32L4xx_HAL_Driver/Src/stm32l4xx_hal.o
 .debug_macro   0x00000c99       0xba Drivers/STM32L4xx_HAL_Driver/Src/stm32l4xx_hal.o
 .debug_macro   0x00000d53       0x2e Drivers/STM32L4xx_HAL_Driver/Src/stm32l4xx_hal.o
 .debug_macro   0x00000d81       0x28 Drivers/STM32L4xx_HAL_Driver/Src/stm32l4xx_hal.o
 .debug_macro   0x00000da9       0x22 Drivers/STM32L4xx_HAL_Driver/Src/stm32l4xx_hal.o
 .debug_macro   0x00000dcb       0x87 Drivers/STM32L4xx_HAL_Driver/Src/stm32l4xx_hal.o
 .debug_macro   0x00000e52       0x51 Drivers/STM32L4xx_HAL_Driver/Src/stm32l4xx_hal.o
 .debug_macro   0x00000ea3       0xef Drivers/STM32L4xx_HAL_Driver/Src/stm32l4xx_hal.o
 .debug_macro   0x00000f92       0x6a Drivers/STM32L4xx_HAL_Driver/Src/stm32l4xx_hal.o
 .debug_macro   0x00000ffc      0x1df Drivers/STM32L4xx_HAL_Driver/Src/stm32l4xx_hal.o
 .debug_macro   0x000011db       0x35 Drivers/STM32L4xx_HAL_Driver/Src/stm32l4xx_hal.o
 .debug_macro   0x00001210       0x50 Drivers/STM32L4xx_HAL_Driver/Src/stm32l4xx_hal.o
 .debug_macro   0x00001260      0xe66 Drivers/STM32L4xx_HAL_Driver/Src/stm32l4xx_hal.o
 .debug_macro   0x000020c6    0x1470c Drivers/STM32L4xx_HAL_Driver/Src/stm32l4xx_hal.o
 .debug_macro   0x000167d2       0x43 Drivers/STM32L4xx_HAL_Driver/Src/stm32l4xx_hal.o
 .debug_macro   0x00016815     0x36a8 Drivers/STM32L4xx_HAL_Driver/Src/stm32l4xx_hal.o
 .debug_macro   0x00019ebd       0x58 Drivers/STM32L4xx_HAL_Driver/Src/stm32l4xx_hal.o
 .debug_macro   0x00019f15       0x35 Drivers/STM32L4xx_HAL_Driver/Src/stm32l4xx_hal.o
 .debug_macro   0x00019f4a       0x9c Drivers/STM32L4xx_HAL_Driver/Src/stm32l4xx_hal.o
 .debug_macro   0x00019fe6       0x16 Drivers/STM32L4xx_HAL_Driver/Src/stm32l4xx_hal.o
 .debug_macro   0x00019ffc       0x97 Drivers/STM32L4xx_HAL_Driver/Src/stm32l4xx_hal.o
 .debug_macro   0x0001a093      0x330 Drivers/STM32L4xx_HAL_Driver/Src/stm32l4xx_hal.o
 .debug_macro   0x0001a3c3       0xfd Drivers/STM32L4xx_HAL_Driver/Src/stm32l4xx_hal.o
 .debug_macro   0x0001a4c0       0x10 Drivers/STM32L4xx_HAL_Driver/Src/stm32l4xx_hal.o
 .debug_macro   0x0001a4d0       0x58 Drivers/STM32L4xx_HAL_Driver/Src/stm32l4xx_hal.o
 .debug_macro   0x0001a528       0x1f Drivers/STM32L4xx_HAL_Driver/Src/stm32l4xx_hal.o
 .debug_macro   0x0001a547       0x43 Drivers/STM32L4xx_HAL_Driver/Src/stm32l4xx_hal.o
 .debug_macro   0x0001a58a       0x20 Drivers/STM32L4xx_HAL_Driver/Src/stm32l4xx_hal.o
 .debug_macro   0x0001a5aa      0x187 Drivers/STM32L4xx_HAL_Driver/Src/stm32l4xx_hal.o
 .debug_macro   0x0001a731       0x10 Drivers/STM32L4xx_HAL_Driver/Src/stm32l4xx_hal.o
 .debug_macro   0x0001a741       0x1c Drivers/STM32L4xx_HAL_Driver/Src/stm32l4xx_hal.o
 .debug_macro   0x0001a75d       0x52 Drivers/STM32L4xx_HAL_Driver/Src/stm32l4xx_hal.o
 .debug_macro   0x0001a7af       0x40 Drivers/STM32L4xx_HAL_Driver/Src/stm32l4xx_hal.o
 .debug_macro   0x0001a7ef       0x10 Drivers/STM32L4xx_HAL_Driver/Src/stm32l4xx_hal.o
 .debug_macro   0x0001a7ff       0x40 Drivers/STM32L4xx_HAL_Driver/Src/stm32l4xx_hal.o
 .debug_macro   0x0001a83f       0xd7 Drivers/STM32L4xx_HAL_Driver/Src/stm32l4xx_hal.o
 .debug_macro   0x0001a916       0x16 Drivers/STM32L4xx_HAL_Driver/Src/stm32l4xx_hal.o
 .debug_macro   0x0001a92c      0x18b Drivers/STM32L4xx_HAL_Driver/Src/stm32l4xx_hal.o
 .debug_macro   0x0001aab7       0x50 Drivers/STM32L4xx_HAL_Driver/Src/stm32l4xx_hal.o
 .debug_macro   0x0001ab07     0x1192 Drivers/STM32L4xx_HAL_Driver/Src/stm32l4xx_hal.o
 .debug_macro   0x0001bc99      0x535 Drivers/STM32L4xx_HAL_Driver/Src/stm32l4xx_hal.o
 .debug_macro   0x0001c1ce      0x148 Drivers/STM32L4xx_HAL_Driver/Src/stm32l4xx_hal.o
 .debug_macro   0x0001c316      0x10b Drivers/STM32L4xx_HAL_Driver/Src/stm32l4xx_hal.o
 .debug_macro   0x0001c421      0x26b Drivers/STM32L4xx_HAL_Driver/Src/stm32l4xx_hal.o
 .debug_macro   0x0001c68c      0x23a Drivers/STM32L4xx_HAL_Driver/Src/stm32l4xx_hal.o
 .debug_macro   0x0001c8c6      0xd9d Drivers/STM32L4xx_HAL_Driver/Src/stm32l4xx_hal.o
 .debug_macro   0x0001d663      0x639 Drivers/STM32L4xx_HAL_Driver/Src/stm32l4xx_hal.o
 .debug_macro   0x0001dc9c      0x29c Drivers/STM32L4xx_HAL_Driver/Src/stm32l4xx_hal.o
 .debug_macro   0x0001df38      0x13e Drivers/STM32L4xx_HAL_Driver/Src/stm32l4xx_hal.o
 .debug_macro   0x0001e076       0xd8 Drivers/STM32L4xx_HAL_Driver/Src/stm32l4xx_hal.o
 .debug_macro   0x0001e14e      0x360 Drivers/STM32L4xx_HAL_Driver/Src/stm32l4xx_hal.o
 .debug_macro   0x0001e4ae       0x10 Drivers/STM32L4xx_HAL_Driver/Src/stm32l4xx_hal.o
 .debug_macro   0x0001e4be       0xe4 Drivers/STM32L4xx_HAL_Driver/Src/stm32l4xx_hal.o
 .debug_macro   0x0001e5a2      0x202 Drivers/STM32L4xx_HAL_Driver/Src/stm32l4xx_hal.o
 .debug_macro   0x0001e7a4       0x61 Drivers/STM32L4xx_HAL_Driver/Src/stm32l4xx_hal.o
 .debug_macro   0x0001e805       0x90 Drivers/STM32L4xx_HAL_Driver/Src/stm32l4xx_hal.o
 .debug_macro   0x0001e895      0x126 Drivers/STM32L4xx_HAL_Driver/Src/stm32l4xx_hal.o
 .debug_macro   0x0001e9bb      0x2d2 Drivers/STM32L4xx_HAL_Driver/Src/stm32l4xx_hal.o
 .debug_macro   0x0001ec8d       0x50 Drivers/STM32L4xx_HAL_Driver/Src/stm32l4xx_hal.o
 .debug_macro   0x0001ecdd      0x265 Drivers/STM32L4xx_HAL_Driver/Src/stm32l4xx_hal.o
 .debug_macro   0x0001ef42      0x21a Drivers/STM32L4xx_HAL_Driver/Src/stm32l4xx_hal.o
 .debug_macro   0x0001f15c      0x37e Drivers/STM32L4xx_HAL_Driver/Src/stm32l4xx_hal_adc.o
 .debug_macro   0x0001f4da      0x361 Drivers/STM32L4xx_HAL_Driver/Src/stm32l4xx_hal_cortex.o
 .debug_macro   0x0001f83b      0x370 Drivers/STM32L4xx_HAL_Driver/Src/stm32l4xx_hal_dac.o
 .debug_macro   0x0001fbab      0x3a0 Drivers/STM32L4xx_HAL_Driver/Src/stm32l4xx_hal_gpio.o
 .debug_macro   0x0001ff4b      0x379 Drivers/STM32L4xx_HAL_Driver/Src/stm32l4xx_hal_pcd.o
 .debug_macro   0x000202c4      0x385 Drivers/STM32L4xx_HAL_Driver/Src/stm32l4xx_hal_pwr_ex.o
 .debug_macro   0x00020649      0x3a3 Drivers/STM32L4xx_HAL_Driver/Src/stm32l4xx_hal_rcc.o
 .debug_macro   0x000209ec      0x397 Drivers/STM32L4xx_HAL_Driver/Src/stm32l4xx_hal_rcc_ex.o
 .debug_macro   0x00020d83      0x361 Drivers/STM32L4xx_HAL_Driver/Src/stm32l4xx_ll_usb.o
 .debug_macro   0x000210e4      0x3f0 Middlewares/ST/STM32_USB_Device_Library/Core/Src/usbd_core.o
 .debug_macro   0x000214d4      0x1c9 Middlewares/ST/STM32_USB_Device_Library/Core/Src/usbd_core.o
 .debug_macro   0x0002169d      0x3fa Middlewares/ST/STM32_USB_Device_Library/Core/Src/usbd_ctlreq.o
 .debug_macro   0x00021a97      0x3f6 Middlewares/ST/STM32_USB_Device_Library/Core/Src/usbd_ioreq.o
 .debug_macro   0x00021e8d      0x36b Src/adc.o
 .debug_macro   0x000221f8      0x36b Src/dac.o
 .debug_macro   0x00022563      0x36b Src/gpio.o
 .debug_macro   0x000228ce      0x39c Src/main.o
 .debug_macro   0x00022c6a       0x10 Src/main.o
 .debug_macro   0x00022c7a      0x361 Src/stm32l4xx_hal_msp.o
 .debug_macro   0x00022fdb      0x36b Src/stm32l4xx_it.o
 .debug_macro   0x00023346      0x36b Src/systemClock.o
 .debug_macro   0x000236b1      0x368 Src/system_stm32l4xx.o
 .debug_macro   0x00023a19      0x413 Src/usbd_conf.o

.debug_line     0x00000000     0xe94b
 .debug_line    0x00000000      0xa07 Drivers/STM32L4xx_HAL_Driver/Src/stm32l4xx_hal.o
 .debug_line    0x00000a07     0x1404 Drivers/STM32L4xx_HAL_Driver/Src/stm32l4xx_hal_adc.o
 .debug_line    0x00001e0b      0xa2c Drivers/STM32L4xx_HAL_Driver/Src/stm32l4xx_hal_cortex.o
 .debug_line    0x00002837      0xaa3 Drivers/STM32L4xx_HAL_Driver/Src/stm32l4xx_hal_dac.o
 .debug_line    0x000032da      0x96e Drivers/STM32L4xx_HAL_Driver/Src/stm32l4xx_hal_gpio.o
 .debug_line    0x00003c48      0xcf1 Drivers/STM32L4xx_HAL_Driver/Src/stm32l4xx_hal_pcd.o
 .debug_line    0x00004939      0xb5e Drivers/STM32L4xx_HAL_Driver/Src/stm32l4xx_hal_pwr_ex.o
 .debug_line    0x00005497      0xb78 Drivers/STM32L4xx_HAL_Driver/Src/stm32l4xx_hal_rcc.o
 .debug_line    0x0000600f      0xd8c Drivers/STM32L4xx_HAL_Driver/Src/stm32l4xx_hal_rcc_ex.o
 .debug_line    0x00006d9b      0xc2e Drivers/STM32L4xx_HAL_Driver/Src/stm32l4xx_ll_usb.o
 .debug_line    0x000079c9      0xb15 Middlewares/ST/STM32_USB_Device_Library/Core/Src/usbd_core.o
 .debug_line    0x000084de      0xb2c Middlewares/ST/STM32_USB_Device_Library/Core/Src/usbd_ctlreq.o
 .debug_line    0x0000900a      0x9a0 Middlewares/ST/STM32_USB_Device_Library/Core/Src/usbd_ioreq.o
 .debug_line    0x000099aa      0x852 Src/adc.o
 .debug_line    0x0000a1fc      0x829 Src/dac.o
 .debug_line    0x0000aa25      0x843 Src/gpio.o
 .debug_line    0x0000b268      0x859 Src/main.o
 .debug_line    0x0000bac1      0x87b Src/stm32l4xx_hal_msp.o
 .debug_line    0x0000c33c      0x8b5 Src/stm32l4xx_it.o
 .debug_line    0x0000cbf1      0x841 Src/systemClock.o
 .debug_line    0x0000d432      0x858 Src/system_stm32l4xx.o
 .debug_line    0x0000dc8a      0xc42 Src/usbd_conf.o
 .debug_line    0x0000e8cc       0x7f startup/startup_stm32l432xx.o

.debug_str      0x00000000    0xcbb41
 .debug_str     0x00000000    0xc71c2 Drivers/STM32L4xx_HAL_Driver/Src/stm32l4xx_hal.o
                              0xc7739 (size before relaxing)
 .debug_str     0x000c71c2      0xd16 Drivers/STM32L4xx_HAL_Driver/Src/stm32l4xx_hal_adc.o
                              0xc7ac1 (size before relaxing)
 .debug_str     0x000c7ed8      0x3a7 Drivers/STM32L4xx_HAL_Driver/Src/stm32l4xx_hal_cortex.o
                              0xc7554 (size before relaxing)
 .debug_str     0x000c827f      0x467 Drivers/STM32L4xx_HAL_Driver/Src/stm32l4xx_hal_dac.o
                              0xc7306 (size before relaxing)
 .debug_str     0x000c86e6      0x305 Drivers/STM32L4xx_HAL_Driver/Src/stm32l4xx_hal_gpio.o
                              0xc70fb (size before relaxing)
 .debug_str     0x000c89eb      0x89a Drivers/STM32L4xx_HAL_Driver/Src/stm32l4xx_hal_pcd.o
                              0xc7616 (size before relaxing)
 .debug_str     0x000c9285      0x3fa Drivers/STM32L4xx_HAL_Driver/Src/stm32l4xx_hal_pwr_ex.o
                              0xc7281 (size before relaxing)
 .debug_str     0x000c967f      0x4e6 Drivers/STM32L4xx_HAL_Driver/Src/stm32l4xx_hal_rcc.o
                              0xc73b9 (size before relaxing)
 .debug_str     0x000c9b65      0x6d7 Drivers/STM32L4xx_HAL_Driver/Src/stm32l4xx_hal_rcc_ex.o
                              0xc7675 (size before relaxing)
 .debug_str     0x000ca23c      0x14f Drivers/STM32L4xx_HAL_Driver/Src/stm32l4xx_ll_usb.o
                              0xc71a8 (size before relaxing)
 .debug_str     0x000ca38b      0xfe3 Middlewares/ST/STM32_USB_Device_Library/Core/Src/usbd_core.o
                              0xc7ccb (size before relaxing)
 .debug_str     0x000cb36e      0x13f Middlewares/ST/STM32_USB_Device_Library/Core/Src/usbd_ctlreq.o
                              0xc7be5 (size before relaxing)
 .debug_str     0x000cb4ad       0x8a Middlewares/ST/STM32_USB_Device_Library/Core/Src/usbd_ioreq.o
                              0xc7b12 (size before relaxing)
 .debug_str     0x000cb537       0x53 Src/adc.o
                              0xc71ce (size before relaxing)
 .debug_str     0x000cb58a       0x40 Src/dac.o
                              0xc709d (size before relaxing)
 .debug_str     0x000cb5ca       0x47 Src/gpio.o
                              0xc6e62 (size before relaxing)
 .debug_str     0x000cb611       0x82 Src/main.o
                              0xc72a8 (size before relaxing)
 .debug_str     0x000cb693       0x1b Src/stm32l4xx_hal_msp.o
                              0xc77b6 (size before relaxing)
 .debug_str     0x000cb6ae       0xc4 Src/stm32l4xx_it.o
                              0xc708f (size before relaxing)
 .debug_str     0x000cb772       0x15 Src/systemClock.o
                              0xc73db (size before relaxing)
 .debug_str     0x000cb787       0x50 Src/system_stm32l4xx.o
                              0xc6e25 (size before relaxing)
 .debug_str     0x000cb7d7      0x36a Src/usbd_conf.o
                              0xc8b35 (size before relaxing)

.comment        0x00000000       0x7f
 .comment       0x00000000       0x7f Drivers/STM32L4xx_HAL_Driver/Src/stm32l4xx_hal.o
                                 0x80 (size before relaxing)
 .comment       0x0000007f       0x80 Drivers/STM32L4xx_HAL_Driver/Src/stm32l4xx_hal_adc.o
 .comment       0x0000007f       0x80 Drivers/STM32L4xx_HAL_Driver/Src/stm32l4xx_hal_cortex.o
 .comment       0x0000007f       0x80 Drivers/STM32L4xx_HAL_Driver/Src/stm32l4xx_hal_dac.o
 .comment       0x0000007f       0x80 Drivers/STM32L4xx_HAL_Driver/Src/stm32l4xx_hal_gpio.o
 .comment       0x0000007f       0x80 Drivers/STM32L4xx_HAL_Driver/Src/stm32l4xx_hal_pcd.o
 .comment       0x0000007f       0x80 Drivers/STM32L4xx_HAL_Driver/Src/stm32l4xx_hal_pwr_ex.o
 .comment       0x0000007f       0x80 Drivers/STM32L4xx_HAL_Driver/Src/stm32l4xx_hal_rcc.o
 .comment       0x0000007f       0x80 Drivers/STM32L4xx_HAL_Driver/Src/stm32l4xx_hal_rcc_ex.o
 .comment       0x0000007f       0x80 Drivers/STM32L4xx_HAL_Driver/Src/stm32l4xx_ll_usb.o
 .comment       0x0000007f       0x80 Middlewares/ST/STM32_USB_Device_Library/Core/Src/usbd_core.o
 .comment       0x0000007f       0x80 Middlewares/ST/STM32_USB_Device_Library/Core/Src/usbd_ctlreq.o
 .comment       0x0000007f       0x80 Middlewares/ST/STM32_USB_Device_Library/Core/Src/usbd_ioreq.o
 .comment       0x0000007f       0x80 Src/adc.o
 .comment       0x0000007f       0x80 Src/dac.o
 .comment       0x0000007f       0x80 Src/gpio.o
 .comment       0x0000007f       0x80 Src/main.o
 .comment       0x0000007f       0x80 Src/stm32l4xx_hal_msp.o
 .comment       0x0000007f       0x80 Src/stm32l4xx_it.o
 .comment       0x0000007f       0x80 Src/systemClock.o
 .comment       0x0000007f       0x80 Src/system_stm32l4xx.o
 .comment       0x0000007f       0x80 Src/usbd_conf.o

.debug_frame    0x00000000     0x1d84
 .debug_frame   0x00000000      0x1e4 Drivers/STM32L4xx_HAL_Driver/Src/stm32l4xx_hal.o
 .debug_frame   0x000001e4      0x2e0 Drivers/STM32L4xx_HAL_Driver/Src/stm32l4xx_hal_adc.o
 .debug_frame   0x000004c4      0x15c Drivers/STM32L4xx_HAL_Driver/Src/stm32l4xx_hal_cortex.o
 .debug_frame   0x00000620      0x1f0 Drivers/STM32L4xx_HAL_Driver/Src/stm32l4xx_hal_dac.o
 .debug_frame   0x00000810       0xd0 Drivers/STM32L4xx_HAL_Driver/Src/stm32l4xx_hal_gpio.o
 .debug_frame   0x000008e0      0x2ec Drivers/STM32L4xx_HAL_Driver/Src/stm32l4xx_hal_pcd.o
 .debug_frame   0x00000bcc      0x1f8 Drivers/STM32L4xx_HAL_Driver/Src/stm32l4xx_hal_pwr_ex.o
 .debug_frame   0x00000dc4      0x160 Drivers/STM32L4xx_HAL_Driver/Src/stm32l4xx_hal_rcc.o
 .debug_frame   0x00000f24      0x238 Drivers/STM32L4xx_HAL_Driver/Src/stm32l4xx_hal_rcc_ex.o
 .debug_frame   0x0000115c      0x230 Drivers/STM32L4xx_HAL_Driver/Src/stm32l4xx_ll_usb.o
 .debug_frame   0x0000138c      0x1bc Middlewares/ST/STM32_USB_Device_Library/Core/Src/usbd_core.o
 .debug_frame   0x00001548      0x178 Middlewares/ST/STM32_USB_Device_Library/Core/Src/usbd_ctlreq.o
 .debug_frame   0x000016c0       0xb8 Middlewares/ST/STM32_USB_Device_Library/Core/Src/usbd_ioreq.o
 .debug_frame   0x00001778       0x48 Src/adc.o
 .debug_frame   0x000017c0       0x44 Src/dac.o
 .debug_frame   0x00001804       0x4c Src/gpio.o
 .debug_frame   0x00001850       0x38 Src/main.o
 .debug_frame   0x00001888       0x94 Src/stm32l4xx_hal_msp.o
 .debug_frame   0x0000191c       0xc0 Src/stm32l4xx_it.o
 .debug_frame   0x000019dc       0x30 Src/systemClock.o
 .debug_frame   0x00001a0c       0x30 Src/system_stm32l4xx.o
 .debug_frame   0x00001a3c      0x31c Src/usbd_conf.o
 .debug_frame   0x00001d58       0x2c d:/memes/plugins/fr.ac6.mcu.externaltools.arm-none.win32_1.15.0.201708311556/tools/compiler/bin/../lib/gcc/arm-none-eabi/6.3.1/../../../../arm-none-eabi/lib/thumb/v7e-m/fpv4-sp/hard\libc_nano.a(lib_a-init.o)
