Archive member included to satisfy reference by file (symbol)

d:/memes/plugins/fr.ac6.mcu.externaltools.arm-none.win32_1.15.0.201708311556/tools/compiler/bin/../lib/gcc/arm-none-eabi/6.3.1/../../../../arm-none-eabi/lib/thumb/v7e-m/fpv4-sp/hard\libc_nano.a(lib_a-exit.o)
                              d:/memes/plugins/fr.ac6.mcu.externaltools.arm-none.win32_1.15.0.201708311556/tools/compiler/bin/../lib/gcc/arm-none-eabi/6.3.1/../../../../arm-none-eabi/lib/thumb/v7e-m/fpv4-sp/hard/crt0.o (exit)
d:/memes/plugins/fr.ac6.mcu.externaltools.arm-none.win32_1.15.0.201708311556/tools/compiler/bin/../lib/gcc/arm-none-eabi/6.3.1/../../../../arm-none-eabi/lib/thumb/v7e-m/fpv4-sp/hard\libc_nano.a(lib_a-impure.o)
                              d:/memes/plugins/fr.ac6.mcu.externaltools.arm-none.win32_1.15.0.201708311556/tools/compiler/bin/../lib/gcc/arm-none-eabi/6.3.1/../../../../arm-none-eabi/lib/thumb/v7e-m/fpv4-sp/hard\libc_nano.a(lib_a-exit.o) (_global_impure_ptr)
d:/memes/plugins/fr.ac6.mcu.externaltools.arm-none.win32_1.15.0.201708311556/tools/compiler/bin/../lib/gcc/arm-none-eabi/6.3.1/../../../../arm-none-eabi/lib/thumb/v7e-m/fpv4-sp/hard\libc_nano.a(lib_a-init.o)
                              d:/memes/plugins/fr.ac6.mcu.externaltools.arm-none.win32_1.15.0.201708311556/tools/compiler/bin/../lib/gcc/arm-none-eabi/6.3.1/../../../../arm-none-eabi/lib/thumb/v7e-m/fpv4-sp/hard/crt0.o (__libc_init_array)
d:/memes/plugins/fr.ac6.mcu.externaltools.arm-none.win32_1.15.0.201708311556/tools/compiler/bin/../lib/gcc/arm-none-eabi/6.3.1/../../../../arm-none-eabi/lib/thumb/v7e-m/fpv4-sp/hard\libc_nano.a(lib_a-memcpy-stub.o)
                              Src/usb_device.o (memcpy)
d:/memes/plugins/fr.ac6.mcu.externaltools.arm-none.win32_1.15.0.201708311556/tools/compiler/bin/../lib/gcc/arm-none-eabi/6.3.1/../../../../arm-none-eabi/lib/thumb/v7e-m/fpv4-sp/hard\libc_nano.a(lib_a-memset.o)
                              d:/memes/plugins/fr.ac6.mcu.externaltools.arm-none.win32_1.15.0.201708311556/tools/compiler/bin/../lib/gcc/arm-none-eabi/6.3.1/../../../../arm-none-eabi/lib/thumb/v7e-m/fpv4-sp/hard/crt0.o (memset)
d:/memes/plugins/fr.ac6.mcu.externaltools.arm-none.win32_1.15.0.201708311556/tools/compiler/bin/../lib/gcc/arm-none-eabi/6.3.1/../../../../arm-none-eabi/lib/thumb/v7e-m/fpv4-sp/hard\libnosys.a(_exit.o)
                              d:/memes/plugins/fr.ac6.mcu.externaltools.arm-none.win32_1.15.0.201708311556/tools/compiler/bin/../lib/gcc/arm-none-eabi/6.3.1/../../../../arm-none-eabi/lib/thumb/v7e-m/fpv4-sp/hard\libc_nano.a(lib_a-exit.o) (_exit)

Allocating common symbols
Common symbol       size              file

hUsbDeviceFS        0x224             Src/usb_device.o
b                   0x4               Src/main.o
hdac1               0x14              Src/dac.o
uwTick              0x4               Drivers/STM32L4xx_HAL_Driver/Src/stm32l4xx_hal.o
pFlash              0x20              Drivers/STM32L4xx_HAL_Driver/Src/stm32l4xx_hal_flash.o
UserRxBufferFS      0x3e8             Src/usbd_cdc_if.o
hadc1               0x68              Src/adc.o
UserTxBufferFS      0x3e8             Src/usbd_cdc_if.o
c                   0x4               Src/main.o
nrOfCells           0x2               Src/main.o
a                   0x4               Src/main.o
hpcd_USB_FS         0x434             Src/usbd_conf.o
USBD_StrDesc        0x200             Src/usbd_desc.o

Discarded input sections

 .text          0x00000000        0x0 d:/memes/plugins/fr.ac6.mcu.externaltools.arm-none.win32_1.15.0.201708311556/tools/compiler/bin/../lib/gcc/arm-none-eabi/6.3.1/thumb/v7e-m/fpv4-sp/hard/crti.o
 .data          0x00000000        0x0 d:/memes/plugins/fr.ac6.mcu.externaltools.arm-none.win32_1.15.0.201708311556/tools/compiler/bin/../lib/gcc/arm-none-eabi/6.3.1/thumb/v7e-m/fpv4-sp/hard/crti.o
 .bss           0x00000000        0x0 d:/memes/plugins/fr.ac6.mcu.externaltools.arm-none.win32_1.15.0.201708311556/tools/compiler/bin/../lib/gcc/arm-none-eabi/6.3.1/thumb/v7e-m/fpv4-sp/hard/crti.o
 .data          0x00000000        0x4 d:/memes/plugins/fr.ac6.mcu.externaltools.arm-none.win32_1.15.0.201708311556/tools/compiler/bin/../lib/gcc/arm-none-eabi/6.3.1/thumb/v7e-m/fpv4-sp/hard/crtbegin.o
 .text          0x00000000       0x74 d:/memes/plugins/fr.ac6.mcu.externaltools.arm-none.win32_1.15.0.201708311556/tools/compiler/bin/../lib/gcc/arm-none-eabi/6.3.1/../../../../arm-none-eabi/lib/thumb/v7e-m/fpv4-sp/hard/crt0.o
 .data          0x00000000        0x0 d:/memes/plugins/fr.ac6.mcu.externaltools.arm-none.win32_1.15.0.201708311556/tools/compiler/bin/../lib/gcc/arm-none-eabi/6.3.1/../../../../arm-none-eabi/lib/thumb/v7e-m/fpv4-sp/hard/crt0.o
 .bss           0x00000000        0x0 d:/memes/plugins/fr.ac6.mcu.externaltools.arm-none.win32_1.15.0.201708311556/tools/compiler/bin/../lib/gcc/arm-none-eabi/6.3.1/../../../../arm-none-eabi/lib/thumb/v7e-m/fpv4-sp/hard/crt0.o
[...]
Memory Configuration

Name             Origin             Length             Attributes
RAM              0x20000000         0x00010000         xrw
FLASH            0x08000000         0x00040000         xr
*default*        0x00000000         0xffffffff

Linker script and memory map

LOAD d:/memes/plugins/fr.ac6.mcu.externaltools.arm-none.win32_1.15.0.201708311556/tools/compiler/bin/../lib/gcc/arm-none-eabi/6.3.1/thumb/v7e-m/fpv4-sp/hard/crti.o
LOAD d:/memes/plugins/fr.ac6.mcu.externaltools.arm-none.win32_1.15.0.201708311556/tools/compiler/bin/../lib/gcc/arm-none-eabi/6.3.1/thumb/v7e-m/fpv4-sp/hard/crtbegin.o
LOAD d:/memes/plugins/fr.ac6.mcu.externaltools.arm-none.win32_1.15.0.201708311556/tools/compiler/bin/../lib/gcc/arm-none-eabi/6.3.1/../../../../arm-none-eabi/lib/thumb/v7e-m/fpv4-sp/hard/crt0.o
LOAD Drivers/STM32L4xx_HAL_Driver/Src/stm32l4xx_hal.o
LOAD Drivers/STM32L4xx_HAL_Driver/Src/stm32l4xx_hal_adc.o
LOAD Drivers/STM32L4xx_HAL_Driver/Src/stm32l4xx_hal_adc_ex.o
LOAD Drivers/STM32L4xx_HAL_Driver/Src/stm32l4xx_hal_cortex.o
LOAD Drivers/STM32L4xx_HAL_Driver/Src/stm32l4xx_hal_dac.o
LOAD Drivers/STM32L4xx_HAL_Driver/Src/stm32l4xx_hal_dac_ex.o
LOAD Drivers/STM32L4xx_HAL_Driver/Src/stm32l4xx_hal_dma.o
LOAD Drivers/STM32L4xx_HAL_Driver/Src/stm32l4xx_hal_dma_ex.o
LOAD Drivers/STM32L4xx_HAL_Driver/Src/stm32l4xx_hal_flash.o
LOAD Drivers/STM32L4xx_HAL_Driver/Src/stm32l4xx_hal_flash_ex.o
LOAD Drivers/STM32L4xx_HAL_Driver/Src/stm32l4xx_hal_flash_ramfunc.o
LOAD Drivers/STM32L4xx_HAL_Driver/Src/stm32l4xx_hal_gpio.o
LOAD Drivers/STM32L4xx_HAL_Driver/Src/stm32l4xx_hal_i2c.o
LOAD Drivers/STM32L4xx_HAL_Driver/Src/stm32l4xx_hal_i2c_ex.o
LOAD Drivers/STM32L4xx_HAL_Driver/Src/stm32l4xx_hal_pcd.o
LOAD Drivers/STM32L4xx_HAL_Driver/Src/stm32l4xx_hal_pcd_ex.o
LOAD Drivers/STM32L4xx_HAL_Driver/Src/stm32l4xx_hal_pwr.o
LOAD Drivers/STM32L4xx_HAL_Driver/Src/stm32l4xx_hal_pwr_ex.o
LOAD Drivers/STM32L4xx_HAL_Driver/Src/stm32l4xx_hal_rcc.o
LOAD Drivers/STM32L4xx_HAL_Driver/Src/stm32l4xx_hal_rcc_ex.o
LOAD Drivers/STM32L4xx_HAL_Driver/Src/stm32l4xx_hal_tim.o
LOAD Drivers/STM32L4xx_HAL_Driver/Src/stm32l4xx_hal_tim_ex.o
LOAD Drivers/STM32L4xx_HAL_Driver/Src/stm32l4xx_ll_usb.o
LOAD Middlewares/ST/STM32_USB_Device_Library/Class/CDC/Src/usbd_cdc.o
LOAD Middlewares/ST/STM32_USB_Device_Library/Core/Src/usbd_core.o
LOAD Middlewares/ST/STM32_USB_Device_Library/Core/Src/usbd_ctlreq.o
LOAD Middlewares/ST/STM32_USB_Device_Library/Core/Src/usbd_ioreq.o
LOAD Src/adc.o
LOAD Src/dac.o
LOAD Src/main.o
LOAD Src/measurement.o
LOAD Src/stm32l4xx_hal_msp.o
LOAD Src/stm32l4xx_it.o
LOAD Src/system_stm32l4xx.o
LOAD Src/usb_device.o
LOAD Src/usbd_cdc_if.o
LOAD Src/usbd_conf.o
LOAD Src/usbd_desc.o
LOAD startup/startup_stm32l432xx.o
LOAD d:/memes/plugins/fr.ac6.mcu.externaltools.arm-none.win32_1.15.0.201708311556/tools/compiler/bin/../lib/gcc/arm-none-eabi/6.3.1/../../../../arm-none-eabi/lib/thumb/v7e-m/fpv4-sp/hard\libm.a
START GROUP
LOAD d:/memes/plugins/fr.ac6.mcu.externaltools.arm-none.win32_1.15.0.201708311556/tools/compiler/bin/../lib/gcc/arm-none-eabi/6.3.1/thumb/v7e-m/fpv4-sp/hard\libgcc.a
LOAD d:/memes/plugins/fr.ac6.mcu.externaltools.arm-none.win32_1.15.0.201708311556/tools/compiler/bin/../lib/gcc/arm-none-eabi/6.3.1/../../../../arm-none-eabi/lib/thumb/v7e-m/fpv4-sp/hard\libc_nano.a
END GROUP
START GROUP
LOAD d:/memes/plugins/fr.ac6.mcu.externaltools.arm-none.win32_1.15.0.201708311556/tools/compiler/bin/../lib/gcc/arm-none-eabi/6.3.1/thumb/v7e-m/fpv4-sp/hard\libgcc.a
LOAD d:/memes/plugins/fr.ac6.mcu.externaltools.arm-none.win32_1.15.0.201708311556/tools/compiler/bin/../lib/gcc/arm-none-eabi/6.3.1/../../../../arm-none-eabi/lib/thumb/v7e-m/fpv4-sp/hard\libc_nano.a
LOAD d:/memes/plugins/fr.ac6.mcu.externaltools.arm-none.win32_1.15.0.201708311556/tools/compiler/bin/../lib/gcc/arm-none-eabi/6.3.1/../../../../arm-none-eabi/lib/thumb/v7e-m/fpv4-sp/hard\libnosys.a
END GROUP
START GROUP
LOAD d:/memes/plugins/fr.ac6.mcu.externaltools.arm-none.win32_1.15.0.201708311556/tools/compiler/bin/../lib/gcc/arm-none-eabi/6.3.1/thumb/v7e-m/fpv4-sp/hard\libgcc.a
LOAD d:/memes/plugins/fr.ac6.mcu.externaltools.arm-none.win32_1.15.0.201708311556/tools/compiler/bin/../lib/gcc/arm-none-eabi/6.3.1/../../../../arm-none-eabi/lib/thumb/v7e-m/fpv4-sp/hard\libc_nano.a
LOAD d:/memes/plugins/fr.ac6.mcu.externaltools.arm-none.win32_1.15.0.201708311556/tools/compiler/bin/../lib/gcc/arm-none-eabi/6.3.1/../../../../arm-none-eabi/lib/thumb/v7e-m/fpv4-sp/hard\libnosys.a
END GROUP
LOAD d:/memes/plugins/fr.ac6.mcu.externaltools.arm-none.win32_1.15.0.201708311556/tools/compiler/bin/../lib/gcc/arm-none-eabi/6.3.1/thumb/v7e-m/fpv4-sp/hard/crtend.o
LOAD d:/memes/plugins/fr.ac6.mcu.externaltools.arm-none.win32_1.15.0.201708311556/tools/compiler/bin/../lib/gcc/arm-none-eabi/6.3.1/thumb/v7e-m/fpv4-sp/hard/crtn.o
                0x20010000                _estack = 0x20010000
                0x00000200                _Min_Heap_Size = 0x200
                0x00000400                _Min_Stack_Size = 0x400

.isr_vector     0x08000000      0x190
                0x08000000                . = ALIGN (0x8)
 *(.isr_vector)
 .isr_vector    0x08000000      0x18c startup/startup_stm32l432xx.o
                0x08000000                g_pfnVectors
                0x08000190                . = ALIGN (0x8)
 *fill*         0x0800018c        0x4 

.text           0x08000190     0x4578
                0x08000190                . = ALIGN (0x8)
 *(.text)
 .text          0x08000190       0x6c d:/memes/plugins/fr.ac6.mcu.externaltools.arm-none.win32_1.15.0.201708311556/tools/compiler/bin/../lib/gcc/arm-none-eabi/6.3.1/thumb/v7e-m/fpv4-sp/hard/crtbegin.o
 *(.text*)
 .text.HAL_InitTick
                0x080001fc       0x2c Drivers/STM32L4xx_HAL_Driver/Src/stm32l4xx_hal.o
                0x080001fc                HAL_InitTick
 .text.HAL_Init
                0x08000228       0x16 Drivers/STM32L4xx_HAL_Driver/Src/stm32l4xx_hal.o
                0x08000228                HAL_Init
 *fill*         0x0800023e        0x2 
 .text.HAL_IncTick
                0x08000240       0x10 Drivers/STM32L4xx_HAL_Driver/Src/stm32l4xx_hal.o
                0x08000240                HAL_IncTick
 .text.HAL_GetTick
                0x08000250        0xc Drivers/STM32L4xx_HAL_Driver/Src/stm32l4xx_hal.o
                0x08000250                HAL_GetTick
 .text.HAL_Delay
                0x0800025c       0x1e Drivers/STM32L4xx_HAL_Driver/Src/stm32l4xx_hal.o
                0x0800025c                HAL_Delay
 *fill*         0x0800027a        0x2 
 .text.HAL_ADC_Init
                0x0800027c      0x1c4 Drivers/STM32L4xx_HAL_Driver/Src/stm32l4xx_hal_adc.o
                0x0800027c                HAL_ADC_Init
 .text.HAL_ADC_PollForConversion
                0x08000440       0xaa Drivers/STM32L4xx_HAL_Driver/Src/stm32l4xx_hal_adc.o
                0x08000440                HAL_ADC_PollForConversion
 .text.HAL_ADC_GetValue
                0x080004ea        0x6 Drivers/STM32L4xx_HAL_Driver/Src/stm32l4xx_hal_adc.o
                0x080004ea                HAL_ADC_GetValue
 .text.HAL_ADC_ConfigChannel
                0x080004f0      0x4dc Drivers/STM32L4xx_HAL_Driver/Src/stm32l4xx_hal_adc.o
                0x080004f0                HAL_ADC_ConfigChannel
 .text.ADC_ConversionStop
                0x080009cc       0xe0 Drivers/STM32L4xx_HAL_Driver/Src/stm32l4xx_hal_adc.o
                0x080009cc                ADC_ConversionStop
 .text.ADC_Enable
                0x08000aac       0xdc Drivers/STM32L4xx_HAL_Driver/Src/stm32l4xx_hal_adc.o
                0x08000aac                ADC_Enable
 .text.HAL_ADC_Start
                0x08000b88       0x9c Drivers/STM32L4xx_HAL_Driver/Src/stm32l4xx_hal_adc.o
                0x08000b88                HAL_ADC_Start
 .text.ADC_Disable
                0x08000c24       0x90 Drivers/STM32L4xx_HAL_Driver/Src/stm32l4xx_hal_adc.o
                0x08000c24                ADC_Disable
 .text.HAL_ADC_Stop
                0x08000cb4       0x4a Drivers/STM32L4xx_HAL_Driver/Src/stm32l4xx_hal_adc.o
                0x08000cb4                HAL_ADC_Stop
 *fill*         0x08000cfe        0x2 
 .text.HAL_NVIC_SetPriorityGrouping
                0x08000d00       0x24 Drivers/STM32L4xx_HAL_Driver/Src/stm32l4xx_hal_cortex.o
                0x08000d00                HAL_NVIC_SetPriorityGrouping
 .text.HAL_NVIC_SetPriority
                0x08000d24       0x64 Drivers/STM32L4xx_HAL_Driver/Src/stm32l4xx_hal_cortex.o
                0x08000d24                HAL_NVIC_SetPriority
 .text.HAL_NVIC_EnableIRQ
                0x08000d88       0x18 Drivers/STM32L4xx_HAL_Driver/Src/stm32l4xx_hal_cortex.o
                0x08000d88                HAL_NVIC_EnableIRQ
 .text.HAL_SYSTICK_Config
                0x08000da0       0x2c Drivers/STM32L4xx_HAL_Driver/Src/stm32l4xx_hal_cortex.o
                0x08000da0                HAL_SYSTICK_Config
 .text.HAL_SYSTICK_CLKSourceConfig
                0x08000dcc       0x20 Drivers/STM32L4xx_HAL_Driver/Src/stm32l4xx_hal_cortex.o
                0x08000dcc                HAL_SYSTICK_CLKSourceConfig
 .text.HAL_SYSTICK_Callback
                0x08000dec        0x2 Drivers/STM32L4xx_HAL_Driver/Src/stm32l4xx_hal_cortex.o
                0x08000dec                HAL_SYSTICK_Callback
 .text.HAL_SYSTICK_IRQHandler
                0x08000dee        0x8 Drivers/STM32L4xx_HAL_Driver/Src/stm32l4xx_hal_cortex.o
                0x08000dee                HAL_SYSTICK_IRQHandler
 .text.HAL_DAC_Init
                0x08000df6       0x24 Drivers/STM32L4xx_HAL_Driver/Src/stm32l4xx_hal_dac.o
                0x08000df6                HAL_DAC_Init
 .text.HAL_DAC_Start
                0x08000e1a       0x5e Drivers/STM32L4xx_HAL_Driver/Src/stm32l4xx_hal_dac.o
                0x08000e1a                HAL_DAC_Start
 .text.HAL_DAC_SetValue
                0x08000e78       0x2e Drivers/STM32L4xx_HAL_Driver/Src/stm32l4xx_hal_dac.o
                0x08000e78                HAL_DAC_SetValue
 .text.HAL_DAC_ConfigChannel
                0x08000ea6      0x128 Drivers/STM32L4xx_HAL_Driver/Src/stm32l4xx_hal_dac.o
                0x08000ea6                HAL_DAC_ConfigChannel
 *fill*         0x08000fce        0x2 
 .text.HAL_GPIO_Init
                0x08000fd0      0x188 Drivers/STM32L4xx_HAL_Driver/Src/stm32l4xx_hal_gpio.o
                0x08000fd0                HAL_GPIO_Init
 .text.HAL_GPIO_WritePin
                0x08001158        0xa Drivers/STM32L4xx_HAL_Driver/Src/stm32l4xx_hal_gpio.o
                0x08001158                HAL_GPIO_WritePin
 .text.HAL_GPIO_TogglePin
                0x08001162        0x8 Drivers/STM32L4xx_HAL_Driver/Src/stm32l4xx_hal_gpio.o
                0x08001162                HAL_GPIO_TogglePin
 .text.HAL_PCD_Init
                0x0800116a      0x100 Drivers/STM32L4xx_HAL_Driver/Src/stm32l4xx_hal_pcd.o
                0x0800116a                HAL_PCD_Init
 .text.HAL_PCD_Start
                0x0800126a       0x2a Drivers/STM32L4xx_HAL_Driver/Src/stm32l4xx_hal_pcd.o
                0x0800126a                HAL_PCD_Start
 .text.HAL_PCD_SetAddress
                0x08001294       0x28 Drivers/STM32L4xx_HAL_Driver/Src/stm32l4xx_hal_pcd.o
                0x08001294                HAL_PCD_SetAddress
 .text.HAL_PCD_EP_Open
                0x080012bc       0x56 Drivers/STM32L4xx_HAL_Driver/Src/stm32l4xx_hal_pcd.o
                0x080012bc                HAL_PCD_EP_Open
 .text.HAL_PCD_EP_Close
                0x08001312       0x52 Drivers/STM32L4xx_HAL_Driver/Src/stm32l4xx_hal_pcd.o
                0x08001312                HAL_PCD_EP_Close
 .text.HAL_PCD_EP_Receive
                0x08001364       0x44 Drivers/STM32L4xx_HAL_Driver/Src/stm32l4xx_hal_pcd.o
                0x08001364                HAL_PCD_EP_Receive
 .text.HAL_PCD_EP_GetRxCount
                0x080013a8        0xe Drivers/STM32L4xx_HAL_Driver/Src/stm32l4xx_hal_pcd.o
                0x080013a8                HAL_PCD_EP_GetRxCount
 .text.HAL_PCD_EP_Transmit
                0x080013b6       0x42 Drivers/STM32L4xx_HAL_Driver/Src/stm32l4xx_hal_pcd.o
                0x080013b6                HAL_PCD_EP_Transmit
 .text.PCD_EP_ISR_Handler
                0x080013f8      0x442 Drivers/STM32L4xx_HAL_Driver/Src/stm32l4xx_hal_pcd.o
 .text.HAL_PCD_IRQHandler
                0x0800183a      0x216 Drivers/STM32L4xx_HAL_Driver/Src/stm32l4xx_hal_pcd.o
                0x0800183a                HAL_PCD_IRQHandler
 .text.HAL_PCD_EP_SetStall
                0x08001a50       0x62 Drivers/STM32L4xx_HAL_Driver/Src/stm32l4xx_hal_pcd.o
                0x08001a50                HAL_PCD_EP_SetStall
 .text.HAL_PCD_EP_ClrStall
                0x08001ab2       0x52 Drivers/STM32L4xx_HAL_Driver/Src/stm32l4xx_hal_pcd.o
                0x08001ab2                HAL_PCD_EP_ClrStall
 .text.HAL_PCDEx_PMAConfig
                0x08001b04       0x34 Drivers/STM32L4xx_HAL_Driver/Src/stm32l4xx_hal_pcd_ex.o
                0x08001b04                HAL_PCDEx_PMAConfig
 .text.HAL_PCDEx_ActivateBCD
                0x08001b38       0x28 Drivers/STM32L4xx_HAL_Driver/Src/stm32l4xx_hal_pcd_ex.o
                0x08001b38                HAL_PCDEx_ActivateBCD
 .text.HAL_PCDEx_ActivateLPM
                0x08001b60       0x2c Drivers/STM32L4xx_HAL_Driver/Src/stm32l4xx_hal_pcd_ex.o
                0x08001b60                HAL_PCDEx_ActivateLPM
 .text.HAL_PWREx_GetVoltageRange
                0x08001b8c       0x10 Drivers/STM32L4xx_HAL_Driver/Src/stm32l4xx_hal_pwr_ex.o
                0x08001b8c                HAL_PWREx_GetVoltageRange
 .text.HAL_PWREx_ControlVoltageScaling
                0x08001b9c       0x90 Drivers/STM32L4xx_HAL_Driver/Src/stm32l4xx_hal_pwr_ex.o
                0x08001b9c                HAL_PWREx_ControlVoltageScaling
 .text.HAL_PWREx_EnableVddUSB
                0x08001c2c       0x10 Drivers/STM32L4xx_HAL_Driver/Src/stm32l4xx_hal_pwr_ex.o
                0x08001c2c                HAL_PWREx_EnableVddUSB
 .text.RCC_SetFlashLatencyFromMSIRange
                0x08001c3c       0x90 Drivers/STM32L4xx_HAL_Driver/Src/stm32l4xx_hal_rcc.o
 .text.HAL_RCC_GetSysClockFreq
                0x08001ccc      0x100 Drivers/STM32L4xx_HAL_Driver/Src/stm32l4xx_hal_rcc.o
                0x08001ccc                HAL_RCC_GetSysClockFreq
 .text.HAL_RCC_OscConfig
                0x08001dcc      0x5cc Drivers/STM32L4xx_HAL_Driver/Src/stm32l4xx_hal_rcc.o
                0x08001dcc                HAL_RCC_OscConfig
 .text.HAL_RCC_ClockConfig
                0x08002398      0x1ac Drivers/STM32L4xx_HAL_Driver/Src/stm32l4xx_hal_rcc.o
                0x08002398                HAL_RCC_ClockConfig
 .text.HAL_RCC_GetHCLKFreq
                0x08002544        0xc Drivers/STM32L4xx_HAL_Driver/Src/stm32l4xx_hal_rcc.o
                0x08002544                HAL_RCC_GetHCLKFreq
 .text.RCCEx_PLLSAI1_Config
                0x08002550      0x17c Drivers/STM32L4xx_HAL_Driver/Src/stm32l4xx_hal_rcc_ex.o
 .text.HAL_RCCEx_PeriphCLKConfig
                0x080026cc      0x2e8 Drivers/STM32L4xx_HAL_Driver/Src/stm32l4xx_hal_rcc_ex.o
                0x080026cc                HAL_RCCEx_PeriphCLKConfig
 .text.USB_CoreInit
                0x080029b4        0xe Drivers/STM32L4xx_HAL_Driver/Src/stm32l4xx_ll_usb.o
                0x080029b4                USB_CoreInit
 .text.USB_EnableGlobalInt
                0x080029c2       0x12 Drivers/STM32L4xx_HAL_Driver/Src/stm32l4xx_ll_usb.o
                0x080029c2                USB_EnableGlobalInt
 .text.USB_DisableGlobalInt
                0x080029d4       0x14 Drivers/STM32L4xx_HAL_Driver/Src/stm32l4xx_ll_usb.o
                0x080029d4                USB_DisableGlobalInt
 .text.USB_SetCurrentMode
                0x080029e8        0x4 Drivers/STM32L4xx_HAL_Driver/Src/stm32l4xx_ll_usb.o
                0x080029e8                USB_SetCurrentMode
 .text.USB_DevInit
                0x080029ec       0x28 Drivers/STM32L4xx_HAL_Driver/Src/stm32l4xx_ll_usb.o
                0x080029ec                USB_DevInit
 .text.USB_ActivateEndpoint
                0x08002a14      0x342 Drivers/STM32L4xx_HAL_Driver/Src/stm32l4xx_ll_usb.o
                0x08002a14                USB_ActivateEndpoint
 .text.USB_DeactivateEndpoint
                0x08002d56      0x1d6 Drivers/STM32L4xx_HAL_Driver/Src/stm32l4xx_ll_usb.o
                0x08002d56                USB_DeactivateEndpoint
 .text.USB_EPSetStall
                0x08002f2c       0x6e Drivers/STM32L4xx_HAL_Driver/Src/stm32l4xx_ll_usb.o
                0x08002f2c                USB_EPSetStall
 .text.USB_EPClearStall
                0x08002f9a       0x96 Drivers/STM32L4xx_HAL_Driver/Src/stm32l4xx_ll_usb.o
                0x08002f9a                USB_EPClearStall
 .text.USB_SetDevAddress
                0x08003030        0xc Drivers/STM32L4xx_HAL_Driver/Src/stm32l4xx_ll_usb.o
                0x08003030                USB_SetDevAddress
 .text.USB_DevConnect
                0x0800303c       0x1c Drivers/STM32L4xx_HAL_Driver/Src/stm32l4xx_ll_usb.o
                0x0800303c                USB_DevConnect
 .text.USB_DevDisconnect
                0x08003058       0x18 Drivers/STM32L4xx_HAL_Driver/Src/stm32l4xx_ll_usb.o
                0x08003058                USB_DevDisconnect
 .text.USB_ReadInterrupts
                0x08003070        0x8 Drivers/STM32L4xx_HAL_Driver/Src/stm32l4xx_ll_usb.o
                0x08003070                USB_ReadInterrupts
 .text.USB_EP0_OutStart
                0x08003078        0x4 Drivers/STM32L4xx_HAL_Driver/Src/stm32l4xx_ll_usb.o
                0x08003078                USB_EP0_OutStart
 .text.USB_WritePMA
                0x0800307c       0x2a Drivers/STM32L4xx_HAL_Driver/Src/stm32l4xx_ll_usb.o
                0x0800307c                USB_WritePMA
 .text.USB_EPStartXfer
                0x080030a6      0x23c Drivers/STM32L4xx_HAL_Driver/Src/stm32l4xx_ll_usb.o
                0x080030a6                USB_EPStartXfer
 .text.USB_ReadPMA
                0x080032e2       0x1c Drivers/STM32L4xx_HAL_Driver/Src/stm32l4xx_ll_usb.o
                0x080032e2                USB_ReadPMA
 .text.USBD_CDC_DataIn
                0x080032fe       0x12 Middlewares/ST/STM32_USB_Device_Library/Class/CDC/Src/usbd_cdc.o
 .text.USBD_CDC_EP0_RxReady
                0x08003310       0x28 Middlewares/ST/STM32_USB_Device_Library/Class/CDC/Src/usbd_cdc.o
 .text.USBD_CDC_GetFSCfgDesc
                0x08003338        0xc Middlewares/ST/STM32_USB_Device_Library/Class/CDC/Src/usbd_cdc.o
 .text.USBD_CDC_GetHSCfgDesc
                0x08003344        0xc Middlewares/ST/STM32_USB_Device_Library/Class/CDC/Src/usbd_cdc.o
 .text.USBD_CDC_GetOtherSpeedCfgDesc
                0x08003350        0xc Middlewares/ST/STM32_USB_Device_Library/Class/CDC/Src/usbd_cdc.o
 .text.USBD_CDC_GetDeviceQualifierDescriptor
                0x0800335c        0xc Middlewares/ST/STM32_USB_Device_Library/Class/CDC/Src/usbd_cdc.o
                0x0800335c                USBD_CDC_GetDeviceQualifierDescriptor
 .text.USBD_CDC_DataOut
                0x08003368       0x2e Middlewares/ST/STM32_USB_Device_Library/Class/CDC/Src/usbd_cdc.o
 *fill*         0x08003396        0x2 
 .text.USBD_CDC_Setup
                0x08003398       0x74 Middlewares/ST/STM32_USB_Device_Library/Class/CDC/Src/usbd_cdc.o
 .text.USBD_CDC_DeInit
                0x0800340c       0x3a Middlewares/ST/STM32_USB_Device_Library/Class/CDC/Src/usbd_cdc.o
 .text.USBD_CDC_Init
                0x08003446       0x96 Middlewares/ST/STM32_USB_Device_Library/Class/CDC/Src/usbd_cdc.o
 .text.USBD_CDC_RegisterInterface
                0x080034dc        0xe Middlewares/ST/STM32_USB_Device_Library/Class/CDC/Src/usbd_cdc.o
                0x080034dc                USBD_CDC_RegisterInterface
 .text.USBD_CDC_SetTxBuffer
                0x080034ea       0x10 Middlewares/ST/STM32_USB_Device_Library/Class/CDC/Src/usbd_cdc.o
                0x080034ea                USBD_CDC_SetTxBuffer
 .text.USBD_CDC_SetRxBuffer
                0x080034fa        0xc Middlewares/ST/STM32_USB_Device_Library/Class/CDC/Src/usbd_cdc.o
                0x080034fa                USBD_CDC_SetRxBuffer
 .text.USBD_CDC_ReceivePacket
                0x08003506       0x32 Middlewares/ST/STM32_USB_Device_Library/Class/CDC/Src/usbd_cdc.o
                0x08003506                USBD_CDC_ReceivePacket
 .text.USBD_Init
                0x08003538       0x2e Middlewares/ST/STM32_USB_Device_Library/Core/Src/usbd_core.o
                0x08003538                USBD_Init
 .text.USBD_RegisterClass
                0x08003566        0xe Middlewares/ST/STM32_USB_Device_Library/Core/Src/usbd_core.o
                0x08003566                USBD_RegisterClass
 .text.USBD_Start
                0x08003574        0xa Middlewares/ST/STM32_USB_Device_Library/Core/Src/usbd_core.o
                0x08003574                USBD_Start
 .text.USBD_SetClassConfig
                0x0800357e       0x1a Middlewares/ST/STM32_USB_Device_Library/Core/Src/usbd_core.o
                0x0800357e                USBD_SetClassConfig
 .text.USBD_ClrClassConfig
                0x08003598        0xe Middlewares/ST/STM32_USB_Device_Library/Core/Src/usbd_core.o
                0x08003598                USBD_ClrClassConfig
 .text.USBD_LL_SetupStage
                0x080035a6       0x5a Middlewares/ST/STM32_USB_Device_Library/Core/Src/usbd_core.o
                0x080035a6                USBD_LL_SetupStage
 .text.USBD_LL_DataOutStage
                0x08003600       0x6a Middlewares/ST/STM32_USB_Device_Library/Core/Src/usbd_core.o
                0x08003600                USBD_LL_DataOutStage
 .text.USBD_LL_DataInStage
                0x0800366a       0xb2 Middlewares/ST/STM32_USB_Device_Library/Core/Src/usbd_core.o
                0x0800366a                USBD_LL_DataInStage
 .text.USBD_LL_Reset
                0x0800371c       0x3e Middlewares/ST/STM32_USB_Device_Library/Core/Src/usbd_core.o
                0x0800371c                USBD_LL_Reset
 .text.USBD_LL_SetSpeed
                0x0800375a        0x6 Middlewares/ST/STM32_USB_Device_Library/Core/Src/usbd_core.o
                0x0800375a                USBD_LL_SetSpeed
 .text.USBD_LL_Suspend
                0x08003760       0x12 Middlewares/ST/STM32_USB_Device_Library/Core/Src/usbd_core.o
                0x08003760                USBD_LL_Suspend
 .text.USBD_LL_Resume
                0x08003772        0xc Middlewares/ST/STM32_USB_Device_Library/Core/Src/usbd_core.o
                0x08003772                USBD_LL_Resume
 .text.USBD_LL_SOF
                0x0800377e       0x1c Middlewares/ST/STM32_USB_Device_Library/Core/Src/usbd_core.o
                0x0800377e                USBD_LL_SOF
 .text.USBD_GetLen
                0x0800379a       0x14 Middlewares/ST/STM32_USB_Device_Library/Core/Src/usbd_ctlreq.o
 .text.USBD_SetFeature
                0x080037ae       0x20 Middlewares/ST/STM32_USB_Device_Library/Core/Src/usbd_ctlreq.o
 .text.USBD_ParseSetupRequest
                0x080037ce       0x28 Middlewares/ST/STM32_USB_Device_Library/Core/Src/usbd_ctlreq.o
                0x080037ce                USBD_ParseSetupRequest
 .text.USBD_CtlError
                0x080037f6       0x14 Middlewares/ST/STM32_USB_Device_Library/Core/Src/usbd_ctlreq.o
                0x080037f6                USBD_CtlError
 .text.USBD_GetDescriptor
                0x0800380a      0x14a Middlewares/ST/STM32_USB_Device_Library/Core/Src/usbd_ctlreq.o
 .text.USBD_SetAddress
                0x08003954       0x4a Middlewares/ST/STM32_USB_Device_Library/Core/Src/usbd_ctlreq.o
 *fill*         0x0800399e        0x2 
 .text.USBD_SetConfig
                0x080039a0       0xa4 Middlewares/ST/STM32_USB_Device_Library/Core/Src/usbd_ctlreq.o
 .text.USBD_GetConfig
                0x08003a44       0x3a Middlewares/ST/STM32_USB_Device_Library/Core/Src/usbd_ctlreq.o
 .text.USBD_GetStatus
                0x08003a7e       0x2c Middlewares/ST/STM32_USB_Device_Library/Core/Src/usbd_ctlreq.o
 .text.USBD_ClrFeature
                0x08003aaa       0x32 Middlewares/ST/STM32_USB_Device_Library/Core/Src/usbd_ctlreq.o
 .text.USBD_StdDevReq
                0x08003adc       0x48 Middlewares/ST/STM32_USB_Device_Library/Core/Src/usbd_ctlreq.o
                0x08003adc                USBD_StdDevReq
 .text.USBD_StdItfReq
                0x08003b24       0x38 Middlewares/ST/STM32_USB_Device_Library/Core/Src/usbd_ctlreq.o
                0x08003b24                USBD_StdItfReq
 .text.USBD_StdEPReq
                0x08003b5c      0x118 Middlewares/ST/STM32_USB_Device_Library/Core/Src/usbd_ctlreq.o
                0x08003b5c                USBD_StdEPReq
 .text.USBD_GetString
                0x08003c74       0x3a Middlewares/ST/STM32_USB_Device_Library/Core/Src/usbd_ctlreq.o
                0x08003c74                USBD_GetString
 .text.USBD_CtlSendData
                0x08003cae       0x1a Middlewares/ST/STM32_USB_Device_Library/Core/Src/usbd_ioreq.o
                0x08003cae                USBD_CtlSendData
 .text.USBD_CtlContinueSendData
                0x08003cc8       0x10 Middlewares/ST/STM32_USB_Device_Library/Core/Src/usbd_ioreq.o
                0x08003cc8                USBD_CtlContinueSendData
 .text.USBD_CtlPrepareRx
                0x08003cd8       0x1e Middlewares/ST/STM32_USB_Device_Library/Core/Src/usbd_ioreq.o
                0x08003cd8                USBD_CtlPrepareRx
 .text.USBD_CtlContinueRx
                0x08003cf6       0x10 Middlewares/ST/STM32_USB_Device_Library/Core/Src/usbd_ioreq.o
                0x08003cf6                USBD_CtlContinueRx
 .text.USBD_CtlSendStatus
                0x08003d06       0x16 Middlewares/ST/STM32_USB_Device_Library/Core/Src/usbd_ioreq.o
                0x08003d06                USBD_CtlSendStatus
 .text.USBD_CtlReceiveStatus
                0x08003d1c       0x16 Middlewares/ST/STM32_USB_Device_Library/Core/Src/usbd_ioreq.o
                0x08003d1c                USBD_CtlReceiveStatus
 *fill*         0x08003d32        0x2 
 .text.ADC_getADC
                0x08003d34       0x58 Src/adc.o
                0x08003d34                ADC_getADC
 .text.DAC_setDAC
                0x08003d8c       0x18 Src/dac.o
                0x08003d8c                DAC_setDAC
 .text.MX_GPIO_Init
                0x08003da4       0x78 Src/main.o
 .text._Error_Handler
                0x08003e1c        0x2 Src/main.o
                0x08003e1c                _Error_Handler
 *fill*         0x08003e1e        0x2 
 .text.MX_DAC1_Init
                0x08003e20       0x4c Src/main.o
 .text.MX_ADC1_Init
                0x08003e6c       0xbc Src/main.o
 .text.SystemClock_Config
                0x08003f28       0xdc Src/main.o
                0x08003f28                SystemClock_Config
 .text.main     0x08004004       0x60 Src/main.o
                0x08004004                main
 .text.HAL_MspInit
                0x08004064       0x90 Src/stm32l4xx_hal_msp.o
                0x08004064                HAL_MspInit
 .text.HAL_ADC_MspInit
                0x080040f4       0x48 Src/stm32l4xx_hal_msp.o
                0x080040f4                HAL_ADC_MspInit
 .text.HAL_DAC_MspInit
                0x0800413c       0x44 Src/stm32l4xx_hal_msp.o
                0x0800413c                HAL_DAC_MspInit
 .text.NMI_Handler
                0x08004180        0x2 Src/stm32l4xx_it.o
                0x08004180                NMI_Handler
 .text.HardFault_Handler
                0x08004182        0x2 Src/stm32l4xx_it.o
                0x08004182                HardFault_Handler
 .text.MemManage_Handler
                0x08004184        0x2 Src/stm32l4xx_it.o
                0x08004184                MemManage_Handler
 .text.BusFault_Handler
                0x08004186        0x2 Src/stm32l4xx_it.o
                0x08004186                BusFault_Handler
 .text.UsageFault_Handler
                0x08004188        0x2 Src/stm32l4xx_it.o
                0x08004188                UsageFault_Handler
 .text.SVC_Handler
                0x0800418a        0x2 Src/stm32l4xx_it.o
                0x0800418a                SVC_Handler
 .text.DebugMon_Handler
                0x0800418c        0x2 Src/stm32l4xx_it.o
                0x0800418c                DebugMon_Handler
 .text.PendSV_Handler
                0x0800418e        0x2 Src/stm32l4xx_it.o
                0x0800418e                PendSV_Handler
 .text.SysTick_Handler
                0x08004190        0xc Src/stm32l4xx_it.o
                0x08004190                SysTick_Handler
 .text.USB_IRQHandler
                0x0800419c       0x10 Src/stm32l4xx_it.o
                0x0800419c                USB_IRQHandler
 .text.SystemInit
                0x080041ac       0x48 Src/system_stm32l4xx.o
                0x080041ac                SystemInit
 .text.MX_USB_DEVICE_Init
                0x080041f4       0x40 Src/usb_device.o
                0x080041f4                MX_USB_DEVICE_Init
 .text.CDC_DeInit_FS
                0x08004234        0x4 Src/usbd_cdc_if.o
 .text.CDC_Control_FS
                0x08004238        0x4 Src/usbd_cdc_if.o
 .text.CDC_Receive_FS
                0x0800423c       0x1c Src/usbd_cdc_if.o
 .text.CDC_Init_FS
                0x08004258       0x28 Src/usbd_cdc_if.o
 .text.SystemClockConfig_Resume
                0x08004280        0x8 Src/usbd_conf.o
 .text.HAL_PCD_MspInit
                0x08004288       0x40 Src/usbd_conf.o
                0x08004288                HAL_PCD_MspInit
 .text.HAL_PCD_SetupStageCallback
                0x080042c8       0x10 Src/usbd_conf.o
                0x080042c8                HAL_PCD_SetupStageCallback
 .text.HAL_PCD_DataOutStageCallback
                0x080042d8       0x14 Src/usbd_conf.o
                0x080042d8                HAL_PCD_DataOutStageCallback
 .text.HAL_PCD_DataInStageCallback
                0x080042ec       0x12 Src/usbd_conf.o
                0x080042ec                HAL_PCD_DataInStageCallback
 .text.HAL_PCD_SOFCallback
                0x080042fe        0xc Src/usbd_conf.o
                0x080042fe                HAL_PCD_SOFCallback
 .text.HAL_PCD_ResetCallback
                0x0800430a       0x18 Src/usbd_conf.o
                0x0800430a                HAL_PCD_ResetCallback
 *fill*         0x08004322        0x2 
 .text.HAL_PCD_SuspendCallback
                0x08004324       0x20 Src/usbd_conf.o
                0x08004324                HAL_PCD_SuspendCallback
 .text.HAL_PCD_ResumeCallback
                0x08004344       0x28 Src/usbd_conf.o
                0x08004344                HAL_PCD_ResumeCallback
 .text.USBD_LL_Init
                0x0800436c       0x98 Src/usbd_conf.o
                0x0800436c                USBD_LL_Init
 .text.USBD_LL_Start
                0x08004404       0x1c Src/usbd_conf.o
                0x08004404                USBD_LL_Start
 .text.USBD_LL_OpenEP
                0x08004420       0x22 Src/usbd_conf.o
                0x08004420                USBD_LL_OpenEP
 .text.USBD_LL_CloseEP
                0x08004442       0x1c Src/usbd_conf.o
                0x08004442                USBD_LL_CloseEP
 .text.USBD_LL_StallEP
                0x0800445e       0x1c Src/usbd_conf.o
                0x0800445e                USBD_LL_StallEP
 .text.USBD_LL_ClearStallEP
                0x0800447a       0x1c Src/usbd_conf.o
                0x0800447a                USBD_LL_ClearStallEP
 .text.USBD_LL_IsStallEP
                0x08004496       0x26 Src/usbd_conf.o
                0x08004496                USBD_LL_IsStallEP
 .text.USBD_LL_SetUSBAddress
                0x080044bc       0x1c Src/usbd_conf.o
                0x080044bc                USBD_LL_SetUSBAddress
 .text.USBD_LL_Transmit
                0x080044d8       0x1c Src/usbd_conf.o
                0x080044d8                USBD_LL_Transmit
 .text.USBD_LL_PrepareReceive
                0x080044f4       0x1c Src/usbd_conf.o
                0x080044f4                USBD_LL_PrepareReceive
 .text.USBD_LL_GetRxDataSize
                0x08004510        0xc Src/usbd_conf.o
                0x08004510                USBD_LL_GetRxDataSize
 .text.HAL_PCDEx_LPM_Callback
                0x0800451c       0x48 Src/usbd_conf.o
                0x0800451c                HAL_PCDEx_LPM_Callback
 .text.USBD_static_malloc
                0x08004564        0x8 Src/usbd_conf.o
                0x08004564                USBD_static_malloc
 .text.USBD_static_free
                0x0800456c        0x2 Src/usbd_conf.o
                0x0800456c                USBD_static_free
 .text.USBD_LL_BatteryCharging
                0x0800456e       0x12 Src/usbd_conf.o
                0x0800456e                USBD_LL_BatteryCharging
 .text.USBD_FS_DeviceDescriptor
                0x08004580        0xc Src/usbd_desc.o
                0x08004580                USBD_FS_DeviceDescriptor
 .text.USBD_FS_LangIDStrDescriptor
                0x0800458c        0xc Src/usbd_desc.o
                0x0800458c                USBD_FS_LangIDStrDescriptor
 .text.USBD_FS_USR_BOSDescriptor
                0x08004598        0xc Src/usbd_desc.o
                0x08004598                USBD_FS_USR_BOSDescriptor
 .text.USBD_FS_ProductStrDescriptor
                0x080045a4       0x24 Src/usbd_desc.o
                0x080045a4                USBD_FS_ProductStrDescriptor
 .text.USBD_FS_ManufacturerStrDescriptor
                0x080045c8       0x1c Src/usbd_desc.o
                0x080045c8                USBD_FS_ManufacturerStrDescriptor
 .text.USBD_FS_SerialStrDescriptor
                0x080045e4       0x24 Src/usbd_desc.o
                0x080045e4                USBD_FS_SerialStrDescriptor
 .text.USBD_FS_ConfigStrDescriptor
                0x08004608       0x24 Src/usbd_desc.o
                0x08004608                USBD_FS_ConfigStrDescriptor
 .text.USBD_FS_InterfaceStrDescriptor
                0x0800462c       0x24 Src/usbd_desc.o
                0x0800462c                USBD_FS_InterfaceStrDescriptor
 .text.Reset_Handler
                0x08004650       0x50 startup/startup_stm32l432xx.o
                0x08004650                Reset_Handler
 .text.Default_Handler
                0x080046a0        0x2 startup/startup_stm32l432xx.o
                0x080046a0                RTC_Alarm_IRQHandler
                0x080046a0                EXTI2_IRQHandler
                0x080046a0                TIM1_CC_IRQHandler
                0x080046a0                TSC_IRQHandler
                0x080046a0                TAMP_STAMP_IRQHandler
                0x080046a0                EXTI3_IRQHandler
                0x080046a0                LPTIM2_IRQHandler
                0x080046a0                I2C3_ER_IRQHandler
                0x080046a0                EXTI0_IRQHandler
                0x080046a0                CAN1_RX0_IRQHandler
                0x080046a0                FPU_IRQHandler
                0x080046a0                TIM1_UP_TIM16_IRQHandler
                0x080046a0                SPI1_IRQHandler
                0x080046a0                TIM6_DAC_IRQHandler
                0x080046a0                DMA2_Channel2_IRQHandler
                0x080046a0                DMA1_Channel4_IRQHandler
                0x080046a0                ADC1_IRQHandler
                0x080046a0                DMA1_Channel7_IRQHandler
                0x080046a0                CAN1_RX1_IRQHandler
                0x080046a0                DMA2_Channel1_IRQHandler
                0x080046a0                QUADSPI_IRQHandler
                0x080046a0                I2C1_EV_IRQHandler
                0x080046a0                DMA1_Channel6_IRQHandler
                0x080046a0                DMA2_Channel4_IRQHandler
                0x080046a0                RCC_IRQHandler
                0x080046a0                TIM1_TRG_COM_IRQHandler
                0x080046a0                DMA1_Channel1_IRQHandler
                0x080046a0                Default_Handler
                0x080046a0                DMA2_Channel7_IRQHandler
                0x080046a0                EXTI15_10_IRQHandler
                0x080046a0                TIM7_IRQHandler
                0x080046a0                I2C3_EV_IRQHandler
                0x080046a0                EXTI9_5_IRQHandler
                0x080046a0                RTC_WKUP_IRQHandler
                0x080046a0                PVD_PVM_IRQHandler
                0x080046a0                CAN1_TX_IRQHandler
                0x080046a0                DMA2_Channel5_IRQHandler
                0x080046a0                CRS_IRQHandler
                0x080046a0                DMA1_Channel5_IRQHandler
                0x080046a0                EXTI4_IRQHandler
                0x080046a0                RNG_IRQHandler
                0x080046a0                DMA1_Channel3_IRQHandler
                0x080046a0                COMP_IRQHandler
                0x080046a0                WWDG_IRQHandler
                0x080046a0                LPUART1_IRQHandler
                0x080046a0                DMA2_Channel6_IRQHandler
                0x080046a0                TIM2_IRQHandler
                0x080046a0                EXTI1_IRQHandler
                0x080046a0                USART2_IRQHandler
                0x080046a0                DMA1_Channel2_IRQHandler
                0x080046a0                CAN1_SCE_IRQHandler
                0x080046a0                FLASH_IRQHandler
                0x080046a0                USART1_IRQHandler
                0x080046a0                SPI3_IRQHandler
                0x080046a0                I2C1_ER_IRQHandler
                0x080046a0                SWPMI1_IRQHandler
                0x080046a0                LPTIM1_IRQHandler
                0x080046a0                SAI1_IRQHandler
                0x080046a0                DMA2_Channel3_IRQHandler
                0x080046a0                TIM1_BRK_TIM15_IRQHandler
 *fill*         0x080046a2        0x2 
 .text.__libc_init_array
                0x080046a4       0x48 d:/memes/plugins/fr.ac6.mcu.externaltools.arm-none.win32_1.15.0.201708311556/tools/compiler/bin/../lib/gcc/arm-none-eabi/6.3.1/../../../../arm-none-eabi/lib/thumb/v7e-m/fpv4-sp/hard\libc_nano.a(lib_a-init.o)
                0x080046a4                __libc_init_array
 *(.glue_7)
 .glue_7        0x080046ec        0x0 linker stubs
 *(.glue_7t)
 .glue_7t       0x080046ec        0x0 linker stubs
 *(.eh_frame)
 .eh_frame      0x080046ec        0x0 d:/memes/plugins/fr.ac6.mcu.externaltools.arm-none.win32_1.15.0.201708311556/tools/compiler/bin/../lib/gcc/arm-none-eabi/6.3.1/thumb/v7e-m/fpv4-sp/hard/crtbegin.o
 *(.init)
 .init          0x080046ec        0x4 d:/memes/plugins/fr.ac6.mcu.externaltools.arm-none.win32_1.15.0.201708311556/tools/compiler/bin/../lib/gcc/arm-none-eabi/6.3.1/thumb/v7e-m/fpv4-sp/hard/crti.o
                0x080046ec                _init
 .init          0x080046f0        0x8 d:/memes/plugins/fr.ac6.mcu.externaltools.arm-none.win32_1.15.0.201708311556/tools/compiler/bin/../lib/gcc/arm-none-eabi/6.3.1/thumb/v7e-m/fpv4-sp/hard/crtn.o
 *(.fini)
 .fini          0x080046f8        0x4 d:/memes/plugins/fr.ac6.mcu.externaltools.arm-none.win32_1.15.0.201708311556/tools/compiler/bin/../lib/gcc/arm-none-eabi/6.3.1/thumb/v7e-m/fpv4-sp/hard/crti.o
                0x080046f8                _fini
 .fini          0x080046fc        0x8 d:/memes/plugins/fr.ac6.mcu.externaltools.arm-none.win32_1.15.0.201708311556/tools/compiler/bin/../lib/gcc/arm-none-eabi/6.3.1/thumb/v7e-m/fpv4-sp/hard/crtn.o
                0x08004708                . = ALIGN (0x8)
 *fill*         0x08004704        0x4 
                0x08004708                _etext = .

.vfp11_veneer   0x08004708        0x0
 .vfp11_veneer  0x08004708        0x0 linker stubs

.v4_bx          0x08004708        0x0
 .v4_bx         0x08004708        0x0 linker stubs

.iplt           0x08004708        0x0
 .iplt          0x08004708        0x0 d:/memes/plugins/fr.ac6.mcu.externaltools.arm-none.win32_1.15.0.201708311556/tools/compiler/bin/../lib/gcc/arm-none-eabi/6.3.1/thumb/v7e-m/fpv4-sp/hard/crtbegin.o

.rodata         0x08004708       0xc8
                0x08004708                . = ALIGN (0x8)
 *(.rodata)
 .rodata        0x08004708       0x48 Src/system_stm32l4xx.o
                0x08004708                MSIRangeTable
                0x08004738                AHBPrescTable
                0x08004748                APBPrescTable
 *(.rodata*)
 .rodata.str1.4
                0x08004750        0xe Src/main.o
 *fill*         0x0800475e        0x2 
 .rodata.str1.4
                0x08004760       0x13 Src/usbd_conf.o
 *fill*         0x08004773        0x1 
 .rodata.str1.4
                0x08004774       0x58 Src/usbd_desc.o
                                 0x56 (size before relaxing)
                0x080047d0                . = ALIGN (0x8)
 *fill*         0x080047cc        0x4 

.rel.dyn        0x080047d0        0x0
 .rel.iplt      0x080047d0        0x0 d:/memes/plugins/fr.ac6.mcu.externaltools.arm-none.win32_1.15.0.201708311556/tools/compiler/bin/../lib/gcc/arm-none-eabi/6.3.1/thumb/v7e-m/fpv4-sp/hard/crtbegin.o

.ARM.extab      0x080047d0        0x0
                0x080047d0                . = ALIGN (0x8)
 *(.ARM.extab* .gnu.linkonce.armextab.*)
                0x080047d0                . = ALIGN (0x8)

.ARM            0x080047d0        0x0
                0x080047d0                . = ALIGN (0x8)
                0x080047d0                __exidx_start = .
 *(.ARM.exidx*)
                0x080047d0                __exidx_end = .
                0x080047d0                . = ALIGN (0x8)

.preinit_array  0x080047d0        0x0
                0x080047d0                . = ALIGN (0x8)
                0x080047d0                PROVIDE (__preinit_array_start, .)
 *(.preinit_array*)
                0x080047d0                PROVIDE (__preinit_array_end, .)
                0x080047d0                . = ALIGN (0x8)

.init_array     0x080047d0        0x8
                0x080047d0                . = ALIGN (0x8)
                0x080047d0                PROVIDE (__init_array_start, .)
 *(SORT(.init_array.*))
 *(.init_array*)
 .init_array    0x080047d0        0x4 d:/memes/plugins/fr.ac6.mcu.externaltools.arm-none.win32_1.15.0.201708311556/tools/compiler/bin/../lib/gcc/arm-none-eabi/6.3.1/thumb/v7e-m/fpv4-sp/hard/crtbegin.o
                0x080047d4                PROVIDE (__init_array_end, .)
                0x080047d8                . = ALIGN (0x8)
 *fill*         0x080047d4        0x4 

.fini_array     0x080047d8        0x8
                0x080047d8                . = ALIGN (0x8)
                [!provide]                PROVIDE (__fini_array_start, .)
 *(SORT(.fini_array.*))
 *(.fini_array*)
 .fini_array    0x080047d8        0x4 d:/memes/plugins/fr.ac6.mcu.externaltools.arm-none.win32_1.15.0.201708311556/tools/compiler/bin/../lib/gcc/arm-none-eabi/6.3.1/thumb/v7e-m/fpv4-sp/hard/crtbegin.o
                [!provide]                PROVIDE (__fini_array_end, .)
                0x080047e0                . = ALIGN (0x8)
 *fill*         0x080047dc        0x4 
                0x080047e0                _sidata = LOADADDR (.data)

.data           0x20000000      0x168 load address 0x080047e0
                0x20000000                . = ALIGN (0x8)
                0x20000000                _sdata = .
 *(.data)
 .data          0x20000000      0x110 Middlewares/ST/STM32_USB_Device_Library/Class/CDC/Src/usbd_cdc.o
                0x20000000                USBD_CDC_CfgFSDesc
                0x20000044                USBD_CDC_CfgHSDesc
                0x20000088                USBD_CDC_OtherSpeedCfgDesc
                0x200000d8                USBD_CDC
 .data          0x20000110        0x4 Src/system_stm32l4xx.o
                0x20000110                SystemCoreClock
 .data          0x20000114       0x10 Src/usbd_cdc_if.o
                0x20000114                USBD_Interface_fops_FS
 .data          0x20000124       0x44 Src/usbd_desc.o
                0x20000124                USBD_FS_DeviceDesc
                0x20000138                USBD_LangIDDesc
                0x2000013c                USBD_FS_BOSDesc
                0x20000148                FS_Desc
 *(.data*)
                0x20000168                . = ALIGN (0x8)
                0x20000168                _edata = .

.jcr            0x20000168        0x0 load address 0x08004948
 .jcr           0x20000168        0x0 d:/memes/plugins/fr.ac6.mcu.externaltools.arm-none.win32_1.15.0.201708311556/tools/compiler/bin/../lib/gcc/arm-none-eabi/6.3.1/thumb/v7e-m/fpv4-sp/hard/crtbegin.o

.igot.plt       0x20000168        0x0 load address 0x08004948
 .igot.plt      0x20000168        0x0 d:/memes/plugins/fr.ac6.mcu.externaltools.arm-none.win32_1.15.0.201708311556/tools/compiler/bin/../lib/gcc/arm-none-eabi/6.3.1/thumb/v7e-m/fpv4-sp/hard/crtbegin.o
                0x20000168                . = ALIGN (0x4)

.bss            0x20000168     0x12f8 load address 0x08004948
                0x20000168                _sbss = .
                0x20000168                __bss_start__ = _sbss
 *(.bss)
 .bss           0x20000168       0x1c d:/memes/plugins/fr.ac6.mcu.externaltools.arm-none.win32_1.15.0.201708311556/tools/compiler/bin/../lib/gcc/arm-none-eabi/6.3.1/thumb/v7e-m/fpv4-sp/hard/crtbegin.o
 .bss           0x20000184        0x1 Middlewares/ST/STM32_USB_Device_Library/Class/CDC/Src/usbd_cdc.o
 .bss           0x20000185        0x1 Middlewares/ST/STM32_USB_Device_Library/Core/Src/usbd_ctlreq.o
 *fill*         0x20000186        0x2 
 .bss           0x20000188      0x220 Src/usbd_conf.o
 *(.bss*)
 *(COMMON)
 COMMON         0x200003a8        0x4 Drivers/STM32L4xx_HAL_Driver/Src/stm32l4xx_hal.o
                0x200003a8                uwTick
 COMMON         0x200003ac       0x68 Src/adc.o
                0x200003ac                hadc1
 COMMON         0x20000414       0x14 Src/dac.o
                0x20000414                hdac1
 COMMON         0x20000428       0x10 Src/main.o
                0x20000428                b
                0x2000042c                c
                0x20000430                nrOfCells
                0x20000434                a
 COMMON         0x20000438      0x224 Src/usb_device.o
                0x20000438                hUsbDeviceFS
 COMMON         0x2000065c      0x7d0 Src/usbd_cdc_if.o
                0x2000065c                UserRxBufferFS
                0x20000a44                UserTxBufferFS
 COMMON         0x20000e2c      0x434 Src/usbd_conf.o
                0x20000e2c                hpcd_USB_FS
 COMMON         0x20001260      0x200 Src/usbd_desc.o
                0x20001260                USBD_StrDesc
                0x20001460                . = ALIGN (0x4)
                0x20001460                _ebss = .
                0x20001460                __bss_end__ = _ebss

._user_heap_stack
                0x20001460      0x600 load address 0x08004948
                0x20001460                . = ALIGN (0x8)
                [!provide]                PROVIDE (end, .)
                [!provide]                PROVIDE (_end, .)
                0x20001660                . = (. + _Min_Heap_Size)
 *fill*         0x20001460      0x200 
                0x20001a60                . = (. + _Min_Stack_Size)
 *fill*         0x20001660      0x400 
                0x20001a60                . = ALIGN (0x8)

/DISCARD/
 libc.a(*)
 libm.a(*)
 libgcc.a(*)

.ARM.attributes
                0x00000000       0x30
 *(.ARM.attributes)
 .ARM.attributes
                0x00000000       0x22 d:/memes/plugins/fr.ac6.mcu.externaltools.arm-none.win32_1.15.0.201708311556/tools/compiler/bin/../lib/gcc/arm-none-eabi/6.3.1/thumb/v7e-m/fpv4-sp/hard/crti.o
 .ARM.attributes
                0x00000022       0x34 d:/memes/plugins/fr.ac6.mcu.externaltools.arm-none.win32_1.15.0.201708311556/tools/compiler/bin/../lib/gcc/arm-none-eabi/6.3.1/thumb/v7e-m/fpv4-sp/hard/crtbegin.o
 .ARM.attributes
                0x00000056       0x39 Drivers/STM32L4xx_HAL_Driver/Src/stm32l4xx_hal.o
 .ARM.attributes
                0x0000008f       0x39 Drivers/STM32L4xx_HAL_Driver/Src/stm32l4xx_hal_adc.o
 .ARM.attributes
                0x000000c8       0x39 Drivers/STM32L4xx_HAL_Driver/Src/stm32l4xx_hal_cortex.o
 .ARM.attributes
                0x00000101       0x39 Drivers/STM32L4xx_HAL_Driver/Src/stm32l4xx_hal_dac.o
 .ARM.attributes
                0x0000013a       0x39 Drivers/STM32L4xx_HAL_Driver/Src/stm32l4xx_hal_gpio.o
 .ARM.attributes
                0x00000173       0x39 Drivers/STM32L4xx_HAL_Driver/Src/stm32l4xx_hal_pcd.o
 .ARM.attributes
                0x000001ac       0x39 Drivers/STM32L4xx_HAL_Driver/Src/stm32l4xx_hal_pcd_ex.o
 .ARM.attributes
                0x000001e5       0x39 Drivers/STM32L4xx_HAL_Driver/Src/stm32l4xx_hal_pwr_ex.o
 .ARM.attributes
                0x0000021e       0x39 Drivers/STM32L4xx_HAL_Driver/Src/stm32l4xx_hal_rcc.o
 .ARM.attributes
                0x00000257       0x39 Drivers/STM32L4xx_HAL_Driver/Src/stm32l4xx_hal_rcc_ex.o
 .ARM.attributes
                0x00000290       0x39 Drivers/STM32L4xx_HAL_Driver/Src/stm32l4xx_ll_usb.o
 .ARM.attributes
                0x000002c9       0x39 Middlewares/ST/STM32_USB_Device_Library/Class/CDC/Src/usbd_cdc.o
 .ARM.attributes
                0x00000302       0x39 Middlewares/ST/STM32_USB_Device_Library/Core/Src/usbd_core.o
 .ARM.attributes
                0x0000033b       0x39 Middlewares/ST/STM32_USB_Device_Library/Core/Src/usbd_ctlreq.o
 .ARM.attributes
                0x00000374       0x39 Middlewares/ST/STM32_USB_Device_Library/Core/Src/usbd_ioreq.o
 .ARM.attributes
                0x000003ad       0x39 Src/adc.o
 .ARM.attributes
                0x000003e6       0x39 Src/dac.o
 .ARM.attributes
                0x0000041f       0x39 Src/main.o
 .ARM.attributes
                0x00000458       0x39 Src/stm32l4xx_hal_msp.o
 .ARM.attributes
                0x00000491       0x39 Src/stm32l4xx_it.o
 .ARM.attributes
                0x000004ca       0x39 Src/system_stm32l4xx.o
 .ARM.attributes
                0x00000503       0x39 Src/usb_device.o
 .ARM.attributes
                0x0000053c       0x39 Src/usbd_cdc_if.o
 .ARM.attributes
                0x00000575       0x39 Src/usbd_conf.o
 .ARM.attributes
                0x000005ae       0x39 Src/usbd_desc.o
 .ARM.attributes
                0x000005e7       0x21 startup/startup_stm32l432xx.o
 .ARM.attributes
                0x00000608       0x34 d:/memes/plugins/fr.ac6.mcu.externaltools.arm-none.win32_1.15.0.201708311556/tools/compiler/bin/../lib/gcc/arm-none-eabi/6.3.1/../../../../arm-none-eabi/lib/thumb/v7e-m/fpv4-sp/hard\libc_nano.a(lib_a-init.o)
 .ARM.attributes
                0x0000063c       0x22 d:/memes/plugins/fr.ac6.mcu.externaltools.arm-none.win32_1.15.0.201708311556/tools/compiler/bin/../lib/gcc/arm-none-eabi/6.3.1/thumb/v7e-m/fpv4-sp/hard/crtn.o
OUTPUT(projectsolar.elf elf32-littlearm)

.debug_info     0x00000000    0x223b0
 .debug_info    0x00000000     0x119b Drivers/STM32L4xx_HAL_Driver/Src/stm32l4xx_hal.o
 .debug_info    0x0000119b     0x2f2b Drivers/STM32L4xx_HAL_Driver/Src/stm32l4xx_hal_adc.o
 .debug_info    0x000040c6     0x170b Drivers/STM32L4xx_HAL_Driver/Src/stm32l4xx_hal_cortex.o
 .debug_info    0x000057d1     0x1404 Drivers/STM32L4xx_HAL_Driver/Src/stm32l4xx_hal_dac.o
 .debug_info    0x00006bd5     0x1090 Drivers/STM32L4xx_HAL_Driver/Src/stm32l4xx_hal_gpio.o
 .debug_info    0x00007c65     0x1b4c Drivers/STM32L4xx_HAL_Driver/Src/stm32l4xx_hal_pcd.o
 .debug_info    0x000097b1     0x11c5 Drivers/STM32L4xx_HAL_Driver/Src/stm32l4xx_hal_pcd_ex.o
 .debug_info    0x0000a976     0x122b Drivers/STM32L4xx_HAL_Driver/Src/stm32l4xx_hal_pwr_ex.o
 .debug_info    0x0000bba1     0x15be Drivers/STM32L4xx_HAL_Driver/Src/stm32l4xx_hal_rcc.o
 .debug_info    0x0000d15f     0x1898 Drivers/STM32L4xx_HAL_Driver/Src/stm32l4xx_hal_rcc_ex.o
 .debug_info    0x0000e9f7     0x176c Drivers/STM32L4xx_HAL_Driver/Src/stm32l4xx_ll_usb.o
 .debug_info    0x00010163     0x15bb Middlewares/ST/STM32_USB_Device_Library/Class/CDC/Src/usbd_cdc.o
 .debug_info    0x0001171e     0x14c1 Middlewares/ST/STM32_USB_Device_Library/Core/Src/usbd_core.o
 .debug_info    0x00012bdf     0x16a7 Middlewares/ST/STM32_USB_Device_Library/Core/Src/usbd_ctlreq.o
 .debug_info    0x00014286     0x100a Middlewares/ST/STM32_USB_Device_Library/Core/Src/usbd_ioreq.o
 .debug_info    0x00015290     0x11aa Src/adc.o
 .debug_info    0x0001643a      0xed6 Src/dac.o
 .debug_info    0x00017310     0x2364 Src/main.o
 .debug_info    0x00019674     0x1852 Src/stm32l4xx_hal_msp.o
 .debug_info    0x0001aec6      0xf11 Src/stm32l4xx_it.o
 .debug_info    0x0001bdd7      0xdf6 Src/system_stm32l4xx.o
 .debug_info    0x0001cbcd     0x146c Src/usb_device.o
 .debug_info    0x0001e039     0x10df Src/usbd_cdc_if.o
 .debug_info    0x0001f118     0x2433 Src/usbd_conf.o
 .debug_info    0x0002154b      0xdf4 Src/usbd_desc.o
 .debug_info    0x0002233f       0x71 startup/startup_stm32l432xx.o

.debug_abbrev   0x00000000     0x4491
 .debug_abbrev  0x00000000      0x2e3 Drivers/STM32L4xx_HAL_Driver/Src/stm32l4xx_hal.o
 .debug_abbrev  0x000002e3      0x315 Drivers/STM32L4xx_HAL_Driver/Src/stm32l4xx_hal_adc.o
 .debug_abbrev  0x000005f8      0x3b8 Drivers/STM32L4xx_HAL_Driver/Src/stm32l4xx_hal_cortex.o
 .debug_abbrev  0x000009b0      0x2b3 Drivers/STM32L4xx_HAL_Driver/Src/stm32l4xx_hal_dac.o
 .debug_abbrev  0x00000c63      0x2a5 Drivers/STM32L4xx_HAL_Driver/Src/stm32l4xx_hal_gpio.o
 .debug_abbrev  0x00000f08      0x32c Drivers/STM32L4xx_HAL_Driver/Src/stm32l4xx_hal_pcd.o
 .debug_abbrev  0x00001234      0x28e Drivers/STM32L4xx_HAL_Driver/Src/stm32l4xx_hal_pcd_ex.o
 .debug_abbrev  0x000014c2      0x2d2 Drivers/STM32L4xx_HAL_Driver/Src/stm32l4xx_hal_pwr_ex.o
 .debug_abbrev  0x00001794      0x2ea Drivers/STM32L4xx_HAL_Driver/Src/stm32l4xx_hal_rcc.o
 .debug_abbrev  0x00001a7e      0x30a Drivers/STM32L4xx_HAL_Driver/Src/stm32l4xx_hal_rcc_ex.o
 .debug_abbrev  0x00001d88      0x2df Drivers/STM32L4xx_HAL_Driver/Src/stm32l4xx_ll_usb.o
 .debug_abbrev  0x00002067      0x312 Middlewares/ST/STM32_USB_Device_Library/Class/CDC/Src/usbd_cdc.o
 .debug_abbrev  0x00002379      0x2c6 Middlewares/ST/STM32_USB_Device_Library/Core/Src/usbd_core.o
 .debug_abbrev  0x0000263f      0x327 Middlewares/ST/STM32_USB_Device_Library/Core/Src/usbd_ctlreq.o
 .debug_abbrev  0x00002966      0x213 Middlewares/ST/STM32_USB_Device_Library/Core/Src/usbd_ioreq.o
 .debug_abbrev  0x00002b79      0x256 Src/adc.o
 .debug_abbrev  0x00002dcf      0x256 Src/dac.o
 .debug_abbrev  0x00003025      0x30c Src/main.o
 .debug_abbrev  0x00003331      0x241 Src/stm32l4xx_hal_msp.o
 .debug_abbrev  0x00003572      0x21b Src/stm32l4xx_it.o
 .debug_abbrev  0x0000378d      0x226 Src/system_stm32l4xx.o
 .debug_abbrev  0x000039b3      0x26c Src/usb_device.o
 .debug_abbrev  0x00003c1f      0x2c7 Src/usbd_cdc_if.o
 .debug_abbrev  0x00003ee6      0x341 Src/usbd_conf.o
 .debug_abbrev  0x00004227      0x258 Src/usbd_desc.o
 .debug_abbrev  0x0000447f       0x12 startup/startup_stm32l432xx.o

.debug_loc      0x00000000     0x9389
 .debug_loc     0x00000000       0x76 Drivers/STM32L4xx_HAL_Driver/Src/stm32l4xx_hal.o
 .debug_loc     0x00000076     0x1c8d Drivers/STM32L4xx_HAL_Driver/Src/stm32l4xx_hal_adc.o
 .debug_loc     0x00001d03      0x5ce Drivers/STM32L4xx_HAL_Driver/Src/stm32l4xx_hal_cortex.o
 .debug_loc     0x000022d1      0x79d Drivers/STM32L4xx_HAL_Driver/Src/stm32l4xx_hal_dac.o
 .debug_loc     0x00002a6e      0x343 Drivers/STM32L4xx_HAL_Driver/Src/stm32l4xx_hal_gpio.o
 .debug_loc     0x00002db1      0xa4b Drivers/STM32L4xx_HAL_Driver/Src/stm32l4xx_hal_pcd.o
 .debug_loc     0x000037fc      0x1a1 Drivers/STM32L4xx_HAL_Driver/Src/stm32l4xx_hal_pcd_ex.o
 .debug_loc     0x0000399d      0x571 Drivers/STM32L4xx_HAL_Driver/Src/stm32l4xx_hal_pwr_ex.o
 .debug_loc     0x00003f0e      0x623 Drivers/STM32L4xx_HAL_Driver/Src/stm32l4xx_hal_rcc.o
 .debug_loc     0x00004531     0x1555 Drivers/STM32L4xx_HAL_Driver/Src/stm32l4xx_hal_rcc_ex.o
 .debug_loc     0x00005a86      0xb2e Drivers/STM32L4xx_HAL_Driver/Src/stm32l4xx_ll_usb.o
 .debug_loc     0x000065b4      0x4b9 Middlewares/ST/STM32_USB_Device_Library/Class/CDC/Src/usbd_cdc.o
 .debug_loc     0x00006a6d      0x71c Middlewares/ST/STM32_USB_Device_Library/Core/Src/usbd_core.o
 .debug_loc     0x00007189      0xb99 Middlewares/ST/STM32_USB_Device_Library/Core/Src/usbd_ctlreq.o
 .debug_loc     0x00007d22      0x23c Middlewares/ST/STM32_USB_Device_Library/Core/Src/usbd_ioreq.o
 .debug_loc     0x00007f5e       0x84 Src/adc.o
 .debug_loc     0x00007fe2       0x2c Src/dac.o
 .debug_loc     0x0000800e       0x1f Src/main.o
 .debug_loc     0x0000802d       0xb6 Src/stm32l4xx_hal_msp.o
 .debug_loc     0x000080e3      0x1e4 Src/system_stm32l4xx.o
 .debug_loc     0x000082c7       0x3f Src/usb_device.o
 .debug_loc     0x00008306      0x113 Src/usbd_cdc_if.o
 .debug_loc     0x00008419      0xc98 Src/usbd_conf.o
 .debug_loc     0x000090b1      0x2d8 Src/usbd_desc.o

.debug_aranges  0x00000000      0xe30
 .debug_aranges
                0x00000000       0xf0 Drivers/STM32L4xx_HAL_Driver/Src/stm32l4xx_hal.o
 .debug_aranges
                0x000000f0       0xf8 Drivers/STM32L4xx_HAL_Driver/Src/stm32l4xx_hal_adc.o
 .debug_aranges
                0x000001e8       0xa8 Drivers/STM32L4xx_HAL_Driver/Src/stm32l4xx_hal_cortex.o
 .debug_aranges
                0x00000290       0xc0 Drivers/STM32L4xx_HAL_Driver/Src/stm32l4xx_hal_dac.o
 .debug_aranges
                0x00000350       0x58 Drivers/STM32L4xx_HAL_Driver/Src/stm32l4xx_hal_gpio.o
 .debug_aranges
                0x000003a8      0x120 Drivers/STM32L4xx_HAL_Driver/Src/stm32l4xx_hal_pcd.o
 .debug_aranges
                0x000004c8       0x58 Drivers/STM32L4xx_HAL_Driver/Src/stm32l4xx_hal_pcd_ex.o
 .debug_aranges
                0x00000520      0x108 Drivers/STM32L4xx_HAL_Driver/Src/stm32l4xx_hal_pwr_ex.o
 .debug_aranges
                0x00000628       0x88 Drivers/STM32L4xx_HAL_Driver/Src/stm32l4xx_hal_rcc.o
 .debug_aranges
                0x000006b0       0xe8 Drivers/STM32L4xx_HAL_Driver/Src/stm32l4xx_hal_rcc_ex.o
 .debug_aranges
                0x00000798      0x100 Drivers/STM32L4xx_HAL_Driver/Src/stm32l4xx_ll_usb.o
 .debug_aranges
                0x00000898       0x90 Middlewares/ST/STM32_USB_Device_Library/Class/CDC/Src/usbd_cdc.o
 .debug_aranges
                0x00000928       0xb8 Middlewares/ST/STM32_USB_Device_Library/Core/Src/usbd_core.o
 .debug_aranges
                0x000009e0       0x88 Middlewares/ST/STM32_USB_Device_Library/Core/Src/usbd_ctlreq.o
 .debug_aranges
                0x00000a68       0x50 Middlewares/ST/STM32_USB_Device_Library/Core/Src/usbd_ioreq.o
 .debug_aranges
                0x00000ab8       0x28 Src/adc.o
 .debug_aranges
                0x00000ae0       0x28 Src/dac.o
 .debug_aranges
                0x00000b08       0x48 Src/main.o
 .debug_aranges
                0x00000b50       0x40 Src/stm32l4xx_hal_msp.o
 .debug_aranges
                0x00000b90       0x68 Src/stm32l4xx_it.o
 .debug_aranges
                0x00000bf8       0x28 Src/system_stm32l4xx.o
 .debug_aranges
                0x00000c20       0x28 Src/usb_device.o
 .debug_aranges
                0x00000c48       0x40 Src/usbd_cdc_if.o
 .debug_aranges
                0x00000c88      0x128 Src/usbd_conf.o
 .debug_aranges
                0x00000db0       0x58 Src/usbd_desc.o
 .debug_aranges
                0x00000e08       0x28 startup/startup_stm32l432xx.o

.debug_ranges   0x00000000      0xe08
 .debug_ranges  0x00000000       0xe0 Drivers/STM32L4xx_HAL_Driver/Src/stm32l4xx_hal.o
 .debug_ranges  0x000000e0       0xe8 Drivers/STM32L4xx_HAL_Driver/Src/stm32l4xx_hal_adc.o
 .debug_ranges  0x000001c8       0xf8 Drivers/STM32L4xx_HAL_Driver/Src/stm32l4xx_hal_cortex.o
 .debug_ranges  0x000002c0       0xb0 Drivers/STM32L4xx_HAL_Driver/Src/stm32l4xx_hal_dac.o
 .debug_ranges  0x00000370       0x48 Drivers/STM32L4xx_HAL_Driver/Src/stm32l4xx_hal_gpio.o
 .debug_ranges  0x000003b8      0x140 Drivers/STM32L4xx_HAL_Driver/Src/stm32l4xx_hal_pcd.o
 .debug_ranges  0x000004f8       0x48 Drivers/STM32L4xx_HAL_Driver/Src/stm32l4xx_hal_pcd_ex.o
 .debug_ranges  0x00000540       0xf8 Drivers/STM32L4xx_HAL_Driver/Src/stm32l4xx_hal_pwr_ex.o
 .debug_ranges  0x00000638       0x90 Drivers/STM32L4xx_HAL_Driver/Src/stm32l4xx_hal_rcc.o
 .debug_ranges  0x000006c8       0xf8 Drivers/STM32L4xx_HAL_Driver/Src/stm32l4xx_hal_rcc_ex.o
 .debug_ranges  0x000007c0      0x180 Drivers/STM32L4xx_HAL_Driver/Src/stm32l4xx_ll_usb.o
 .debug_ranges  0x00000940       0x80 Middlewares/ST/STM32_USB_Device_Library/Class/CDC/Src/usbd_cdc.o
 .debug_ranges  0x000009c0       0xa8 Middlewares/ST/STM32_USB_Device_Library/Core/Src/usbd_core.o
 .debug_ranges  0x00000a68       0x78 Middlewares/ST/STM32_USB_Device_Library/Core/Src/usbd_ctlreq.o
 .debug_ranges  0x00000ae0       0x40 Middlewares/ST/STM32_USB_Device_Library/Core/Src/usbd_ioreq.o
 .debug_ranges  0x00000b20       0x18 Src/adc.o
 .debug_ranges  0x00000b38       0x18 Src/dac.o
 .debug_ranges  0x00000b50       0x50 Src/main.o
 .debug_ranges  0x00000ba0       0x30 Src/stm32l4xx_hal_msp.o
 .debug_ranges  0x00000bd0       0x58 Src/stm32l4xx_it.o
 .debug_ranges  0x00000c28       0x18 Src/system_stm32l4xx.o
 .debug_ranges  0x00000c40       0x18 Src/usb_device.o
 .debug_ranges  0x00000c58       0x30 Src/usbd_cdc_if.o
 .debug_ranges  0x00000c88      0x118 Src/usbd_conf.o
 .debug_ranges  0x00000da0       0x48 Src/usbd_desc.o
 .debug_ranges  0x00000de8       0x20 startup/startup_stm32l432xx.o

.debug_macro    0x00000000    0x2503d
 .debug_macro   0x00000000      0x3a9 Drivers/STM32L4xx_HAL_Driver/Src/stm32l4xx_hal.o
 .debug_macro   0x000003a9      0x8bc Drivers/STM32L4xx_HAL_Driver/Src/stm32l4xx_hal.o
 .debug_macro   0x00000c65       0x34 Drivers/STM32L4xx_HAL_Driver/Src/stm32l4xx_hal.o
 .debug_macro   0x00000c99       0xba Drivers/STM32L4xx_HAL_Driver/Src/stm32l4xx_hal.o
 .debug_macro   0x00000d53       0x2e Drivers/STM32L4xx_HAL_Driver/Src/stm32l4xx_hal.o
 .debug_macro   0x00000d81       0x28 Drivers/STM32L4xx_HAL_Driver/Src/stm32l4xx_hal.o
 .debug_macro   0x00000da9       0x22 Drivers/STM32L4xx_HAL_Driver/Src/stm32l4xx_hal.o
 .debug_macro   0x00000dcb       0x87 Drivers/STM32L4xx_HAL_Driver/Src/stm32l4xx_hal.o
 .debug_macro   0x00000e52       0x51 Drivers/STM32L4xx_HAL_Driver/Src/stm32l4xx_hal.o
 .debug_macro   0x00000ea3       0xef Drivers/STM32L4xx_HAL_Driver/Src/stm32l4xx_hal.o
 .debug_macro   0x00000f92       0x6a Drivers/STM32L4xx_HAL_Driver/Src/stm32l4xx_hal.o
 .debug_macro   0x00000ffc      0x1df Drivers/STM32L4xx_HAL_Driver/Src/stm32l4xx_hal.o
 .debug_macro   0x000011db       0x35 Drivers/STM32L4xx_HAL_Driver/Src/stm32l4xx_hal.o
 .debug_macro   0x00001210       0x50 Drivers/STM32L4xx_HAL_Driver/Src/stm32l4xx_hal.o
 .debug_macro   0x00001260      0xe66 Drivers/STM32L4xx_HAL_Driver/Src/stm32l4xx_hal.o
 .debug_macro   0x000020c6    0x1470c Drivers/STM32L4xx_HAL_Driver/Src/stm32l4xx_hal.o
 .debug_macro   0x000167d2       0x43 Drivers/STM32L4xx_HAL_Driver/Src/stm32l4xx_hal.o
 .debug_macro   0x00016815     0x36a8 Drivers/STM32L4xx_HAL_Driver/Src/stm32l4xx_hal.o
 .debug_macro   0x00019ebd       0x58 Drivers/STM32L4xx_HAL_Driver/Src/stm32l4xx_hal.o
 .debug_macro   0x00019f15       0x35 Drivers/STM32L4xx_HAL_Driver/Src/stm32l4xx_hal.o
 .debug_macro   0x00019f4a       0x9c Drivers/STM32L4xx_HAL_Driver/Src/stm32l4xx_hal.o
 .debug_macro   0x00019fe6       0x16 Drivers/STM32L4xx_HAL_Driver/Src/stm32l4xx_hal.o
 .debug_macro   0x00019ffc       0x97 Drivers/STM32L4xx_HAL_Driver/Src/stm32l4xx_hal.o
 .debug_macro   0x0001a093      0x330 Drivers/STM32L4xx_HAL_Driver/Src/stm32l4xx_hal.o
 .debug_macro   0x0001a3c3       0xfd Drivers/STM32L4xx_HAL_Driver/Src/stm32l4xx_hal.o
 .debug_macro   0x0001a4c0       0x10 Drivers/STM32L4xx_HAL_Driver/Src/stm32l4xx_hal.o
 .debug_macro   0x0001a4d0       0x58 Drivers/STM32L4xx_HAL_Driver/Src/stm32l4xx_hal.o
 .debug_macro   0x0001a528       0x1f Drivers/STM32L4xx_HAL_Driver/Src/stm32l4xx_hal.o
 .debug_macro   0x0001a547       0x43 Drivers/STM32L4xx_HAL_Driver/Src/stm32l4xx_hal.o
 .debug_macro   0x0001a58a       0x20 Drivers/STM32L4xx_HAL_Driver/Src/stm32l4xx_hal.o
 .debug_macro   0x0001a5aa      0x187 Drivers/STM32L4xx_HAL_Driver/Src/stm32l4xx_hal.o
 .debug_macro   0x0001a731       0x10 Drivers/STM32L4xx_HAL_Driver/Src/stm32l4xx_hal.o
 .debug_macro   0x0001a741       0x1c Drivers/STM32L4xx_HAL_Driver/Src/stm32l4xx_hal.o
 .debug_macro   0x0001a75d       0x52 Drivers/STM32L4xx_HAL_Driver/Src/stm32l4xx_hal.o
 .debug_macro   0x0001a7af       0x40 Drivers/STM32L4xx_HAL_Driver/Src/stm32l4xx_hal.o
 .debug_macro   0x0001a7ef       0x10 Drivers/STM32L4xx_HAL_Driver/Src/stm32l4xx_hal.o
 .debug_macro   0x0001a7ff       0x40 Drivers/STM32L4xx_HAL_Driver/Src/stm32l4xx_hal.o
 .debug_macro   0x0001a83f       0xd7 Drivers/STM32L4xx_HAL_Driver/Src/stm32l4xx_hal.o
 .debug_macro   0x0001a916       0x16 Drivers/STM32L4xx_HAL_Driver/Src/stm32l4xx_hal.o
 .debug_macro   0x0001a92c      0x18b Drivers/STM32L4xx_HAL_Driver/Src/stm32l4xx_hal.o
 .debug_macro   0x0001aab7       0x50 Drivers/STM32L4xx_HAL_Driver/Src/stm32l4xx_hal.o
 .debug_macro   0x0001ab07     0x1192 Drivers/STM32L4xx_HAL_Driver/Src/stm32l4xx_hal.o
 .debug_macro   0x0001bc99      0x535 Drivers/STM32L4xx_HAL_Driver/Src/stm32l4xx_hal.o
 .debug_macro   0x0001c1ce      0x148 Drivers/STM32L4xx_HAL_Driver/Src/stm32l4xx_hal.o
 .debug_macro   0x0001c316      0x10b Drivers/STM32L4xx_HAL_Driver/Src/stm32l4xx_hal.o
 .debug_macro   0x0001c421      0x26b Drivers/STM32L4xx_HAL_Driver/Src/stm32l4xx_hal.o
 .debug_macro   0x0001c68c      0x23a Drivers/STM32L4xx_HAL_Driver/Src/stm32l4xx_hal.o
 .debug_macro   0x0001c8c6      0xd9d Drivers/STM32L4xx_HAL_Driver/Src/stm32l4xx_hal.o
 .debug_macro   0x0001d663      0x639 Drivers/STM32L4xx_HAL_Driver/Src/stm32l4xx_hal.o
 .debug_macro   0x0001dc9c      0x29c Drivers/STM32L4xx_HAL_Driver/Src/stm32l4xx_hal.o
 .debug_macro   0x0001df38      0x13e Drivers/STM32L4xx_HAL_Driver/Src/stm32l4xx_hal.o
 .debug_macro   0x0001e076       0xd8 Drivers/STM32L4xx_HAL_Driver/Src/stm32l4xx_hal.o
 .debug_macro   0x0001e14e      0x360 Drivers/STM32L4xx_HAL_Driver/Src/stm32l4xx_hal.o
 .debug_macro   0x0001e4ae       0x10 Drivers/STM32L4xx_HAL_Driver/Src/stm32l4xx_hal.o
 .debug_macro   0x0001e4be       0xe4 Drivers/STM32L4xx_HAL_Driver/Src/stm32l4xx_hal.o
 .debug_macro   0x0001e5a2      0x202 Drivers/STM32L4xx_HAL_Driver/Src/stm32l4xx_hal.o
 .debug_macro   0x0001e7a4       0x61 Drivers/STM32L4xx_HAL_Driver/Src/stm32l4xx_hal.o
 .debug_macro   0x0001e805       0x90 Drivers/STM32L4xx_HAL_Driver/Src/stm32l4xx_hal.o
 .debug_macro   0x0001e895      0x126 Drivers/STM32L4xx_HAL_Driver/Src/stm32l4xx_hal.o
 .debug_macro   0x0001e9bb      0x2d2 Drivers/STM32L4xx_HAL_Driver/Src/stm32l4xx_hal.o
 .debug_macro   0x0001ec8d       0x50 Drivers/STM32L4xx_HAL_Driver/Src/stm32l4xx_hal.o
 .debug_macro   0x0001ecdd      0x265 Drivers/STM32L4xx_HAL_Driver/Src/stm32l4xx_hal.o
 .debug_macro   0x0001ef42      0x21a Drivers/STM32L4xx_HAL_Driver/Src/stm32l4xx_hal.o
 .debug_macro   0x0001f15c      0x37e Drivers/STM32L4xx_HAL_Driver/Src/stm32l4xx_hal_adc.o
 .debug_macro   0x0001f4da      0x361 Drivers/STM32L4xx_HAL_Driver/Src/stm32l4xx_hal_cortex.o
 .debug_macro   0x0001f83b      0x370 Drivers/STM32L4xx_HAL_Driver/Src/stm32l4xx_hal_dac.o
 .debug_macro   0x0001fbab      0x3a0 Drivers/STM32L4xx_HAL_Driver/Src/stm32l4xx_hal_gpio.o
 .debug_macro   0x0001ff4b      0x379 Drivers/STM32L4xx_HAL_Driver/Src/stm32l4xx_hal_pcd.o
 .debug_macro   0x000202c4      0x361 Drivers/STM32L4xx_HAL_Driver/Src/stm32l4xx_hal_pcd_ex.o
 .debug_macro   0x00020625      0x385 Drivers/STM32L4xx_HAL_Driver/Src/stm32l4xx_hal_pwr_ex.o
 .debug_macro   0x000209aa      0x3a3 Drivers/STM32L4xx_HAL_Driver/Src/stm32l4xx_hal_rcc.o
 .debug_macro   0x00020d4d      0x397 Drivers/STM32L4xx_HAL_Driver/Src/stm32l4xx_hal_rcc_ex.o
 .debug_macro   0x000210e4      0x361 Drivers/STM32L4xx_HAL_Driver/Src/stm32l4xx_ll_usb.o
 .debug_macro   0x00021445      0x417 Middlewares/ST/STM32_USB_Device_Library/Class/CDC/Src/usbd_cdc.o
 .debug_macro   0x0002185c       0x52 Middlewares/ST/STM32_USB_Device_Library/Class/CDC/Src/usbd_cdc.o
 .debug_macro   0x000218ae       0x8d Middlewares/ST/STM32_USB_Device_Library/Class/CDC/Src/usbd_cdc.o
 .debug_macro   0x0002193b       0x57 Middlewares/ST/STM32_USB_Device_Library/Class/CDC/Src/usbd_cdc.o
 .debug_macro   0x00021992       0x16 Middlewares/ST/STM32_USB_Device_Library/Class/CDC/Src/usbd_cdc.o
 .debug_macro   0x000219a8       0x35 Middlewares/ST/STM32_USB_Device_Library/Class/CDC/Src/usbd_cdc.o
 .debug_macro   0x000219dd       0x16 Middlewares/ST/STM32_USB_Device_Library/Class/CDC/Src/usbd_cdc.o
 .debug_macro   0x000219f3       0x29 Middlewares/ST/STM32_USB_Device_Library/Class/CDC/Src/usbd_cdc.o
 .debug_macro   0x00021a1c       0x16 Middlewares/ST/STM32_USB_Device_Library/Class/CDC/Src/usbd_cdc.o
 .debug_macro   0x00021a32       0x6a Middlewares/ST/STM32_USB_Device_Library/Class/CDC/Src/usbd_cdc.o
 .debug_macro   0x00021a9c      0x1c3 Middlewares/ST/STM32_USB_Device_Library/Class/CDC/Src/usbd_cdc.o
 .debug_macro   0x00021c5f       0x83 Middlewares/ST/STM32_USB_Device_Library/Class/CDC/Src/usbd_cdc.o
 .debug_macro   0x00021ce2      0x3f0 Middlewares/ST/STM32_USB_Device_Library/Core/Src/usbd_core.o
 .debug_macro   0x000220d2      0x1c9 Middlewares/ST/STM32_USB_Device_Library/Core/Src/usbd_core.o
 .debug_macro   0x0002229b      0x3fa Middlewares/ST/STM32_USB_Device_Library/Core/Src/usbd_ctlreq.o
 .debug_macro   0x00022695      0x3f6 Middlewares/ST/STM32_USB_Device_Library/Core/Src/usbd_ioreq.o
 .debug_macro   0x00022a8b      0x36b Src/adc.o
 .debug_macro   0x00022df6      0x36b Src/dac.o
 .debug_macro   0x00023161      0x405 Src/main.o
 .debug_macro   0x00023566       0x10 Src/main.o
 .debug_macro   0x00023576      0x361 Src/stm32l4xx_hal_msp.o
 .debug_macro   0x000238d7      0x36b Src/stm32l4xx_it.o
 .debug_macro   0x00023c42      0x368 Src/system_stm32l4xx.o
 .debug_macro   0x00023faa      0x431 Src/usb_device.o
 .debug_macro   0x000243db      0x41b Src/usbd_cdc_if.o
 .debug_macro   0x000247f6      0x413 Src/usbd_conf.o
 .debug_macro   0x00024c09      0x434 Src/usbd_desc.o

.debug_line     0x00000000    0x10a54
 .debug_line    0x00000000      0x9fd Drivers/STM32L4xx_HAL_Driver/Src/stm32l4xx_hal.o
 .debug_line    0x000009fd     0x13fa Drivers/STM32L4xx_HAL_Driver/Src/stm32l4xx_hal_adc.o
 .debug_line    0x00001df7      0xa22 Drivers/STM32L4xx_HAL_Driver/Src/stm32l4xx_hal_cortex.o
 .debug_line    0x00002819      0xa99 Drivers/STM32L4xx_HAL_Driver/Src/stm32l4xx_hal_dac.o
 .debug_line    0x000032b2      0x964 Drivers/STM32L4xx_HAL_Driver/Src/stm32l4xx_hal_gpio.o
 .debug_line    0x00003c16      0xce7 Drivers/STM32L4xx_HAL_Driver/Src/stm32l4xx_hal_pcd.o
 .debug_line    0x000048fd      0x8d7 Drivers/STM32L4xx_HAL_Driver/Src/stm32l4xx_hal_pcd_ex.o
 .debug_line    0x000051d4      0xb54 Drivers/STM32L4xx_HAL_Driver/Src/stm32l4xx_hal_pwr_ex.o
 .debug_line    0x00005d28      0xb6e Drivers/STM32L4xx_HAL_Driver/Src/stm32l4xx_hal_rcc.o
 .debug_line    0x00006896      0xd82 Drivers/STM32L4xx_HAL_Driver/Src/stm32l4xx_hal_rcc_ex.o
 .debug_line    0x00007618      0xc24 Drivers/STM32L4xx_HAL_Driver/Src/stm32l4xx_ll_usb.o
 .debug_line    0x0000823c      0xb0d Middlewares/ST/STM32_USB_Device_Library/Class/CDC/Src/usbd_cdc.o
 .debug_line    0x00008d49      0xb09 Middlewares/ST/STM32_USB_Device_Library/Core/Src/usbd_core.o
 .debug_line    0x00009852      0xb20 Middlewares/ST/STM32_USB_Device_Library/Core/Src/usbd_ctlreq.o
 .debug_line    0x0000a372      0x994 Middlewares/ST/STM32_USB_Device_Library/Core/Src/usbd_ioreq.o
 .debug_line    0x0000ad06      0x848 Src/adc.o
 .debug_line    0x0000b54e      0x81e Src/dac.o
 .debug_line    0x0000bd6c      0x9cf Src/main.o
 .debug_line    0x0000c73b      0x871 Src/stm32l4xx_hal_msp.o
 .debug_line    0x0000cfac      0x8ab Src/stm32l4xx_it.o
 .debug_line    0x0000d857      0x84e Src/system_stm32l4xx.o
 .debug_line    0x0000e0a5      0x9af Src/usb_device.o
 .debug_line    0x0000ea54      0x9be Src/usbd_cdc_if.o
 .debug_line    0x0000f412      0xc34 Src/usbd_conf.o
 .debug_line    0x00010046      0x98f Src/usbd_desc.o
 .debug_line    0x000109d5       0x7f startup/startup_stm32l432xx.o

.debug_str      0x00000000    0xcc234
 .debug_str     0x00000000    0xc71c0 Drivers/STM32L4xx_HAL_Driver/Src/stm32l4xx_hal.o
                              0xc7737 (size before relaxing)
 .debug_str     0x000c71c0      0xd16 Drivers/STM32L4xx_HAL_Driver/Src/stm32l4xx_hal_adc.o
                              0xc7abf (size before relaxing)
 .debug_str     0x000c7ed6      0x3a7 Drivers/STM32L4xx_HAL_Driver/Src/stm32l4xx_hal_cortex.o
                              0xc7552 (size before relaxing)
 .debug_str     0x000c827d      0x467 Drivers/STM32L4xx_HAL_Driver/Src/stm32l4xx_hal_dac.o
                              0xc7304 (size before relaxing)
 .debug_str     0x000c86e4      0x305 Drivers/STM32L4xx_HAL_Driver/Src/stm32l4xx_hal_gpio.o
                              0xc70f9 (size before relaxing)
 .debug_str     0x000c89e9      0x894 Drivers/STM32L4xx_HAL_Driver/Src/stm32l4xx_hal_pcd.o
                              0xc7614 (size before relaxing)
 .debug_str     0x000c927d      0x17e Drivers/STM32L4xx_HAL_Driver/Src/stm32l4xx_hal_pcd_ex.o
                              0xc71e2 (size before relaxing)
 .debug_str     0x000c93fb      0x3ff Drivers/STM32L4xx_HAL_Driver/Src/stm32l4xx_hal_pwr_ex.o
                              0xc727f (size before relaxing)
 .debug_str     0x000c97fa      0x4e6 Drivers/STM32L4xx_HAL_Driver/Src/stm32l4xx_hal_rcc.o
                              0xc73b7 (size before relaxing)
 .debug_str     0x000c9ce0      0x6d7 Drivers/STM32L4xx_HAL_Driver/Src/stm32l4xx_hal_rcc_ex.o
                              0xc7673 (size before relaxing)
 .debug_str     0x000ca3b7      0x14f Drivers/STM32L4xx_HAL_Driver/Src/stm32l4xx_ll_usb.o
                              0xc71a6 (size before relaxing)
 .debug_str     0x000ca506     0x12a1 Middlewares/ST/STM32_USB_Device_Library/Class/CDC/Src/usbd_cdc.o
                              0xc8008 (size before relaxing)
 .debug_str     0x000cb7a7      0x294 Middlewares/ST/STM32_USB_Device_Library/Core/Src/usbd_core.o
                              0xc7cc9 (size before relaxing)
 .debug_str     0x000cba3b      0x12e Middlewares/ST/STM32_USB_Device_Library/Core/Src/usbd_ctlreq.o
                              0xc7be3 (size before relaxing)
 .debug_str     0x000cbb69       0x51 Middlewares/ST/STM32_USB_Device_Library/Core/Src/usbd_ioreq.o
                              0xc7b10 (size before relaxing)
 .debug_str     0x000cbbba       0x53 Src/adc.o
                              0xc71cc (size before relaxing)
 .debug_str     0x000cbc0d       0x40 Src/dac.o
                              0xc708d (size before relaxing)
 .debug_str     0x000cbc4d       0xcc Src/main.o
                              0xc8b1e (size before relaxing)
 .debug_str     0x000cbd19       0x1b Src/stm32l4xx_hal_msp.o
                              0xc77b4 (size before relaxing)
 .debug_str     0x000cbd34       0xc4 Src/stm32l4xx_it.o
                              0xc708d (size before relaxing)
 .debug_str     0x000cbdf8       0x50 Src/system_stm32l4xx.o
                              0xc6e23 (size before relaxing)
 .debug_str     0x000cbe48       0x68 Src/usb_device.o
                              0xc81f1 (size before relaxing)
 .debug_str     0x000cbeb0       0xa7 Src/usbd_cdc_if.o
                              0xc7e81 (size before relaxing)
 .debug_str     0x000cbf57       0x7c Src/usbd_conf.o
                              0xc8b33 (size before relaxing)
 .debug_str     0x000cbfd3      0x261 Src/usbd_desc.o
                              0xc79e9 (size before relaxing)

.comment        0x00000000       0x7f
 .comment       0x00000000       0x7f Drivers/STM32L4xx_HAL_Driver/Src/stm32l4xx_hal.o
                                 0x80 (size before relaxing)
 .comment       0x0000007f       0x80 Drivers/STM32L4xx_HAL_Driver/Src/stm32l4xx_hal_adc.o
 .comment       0x0000007f       0x80 Drivers/STM32L4xx_HAL_Driver/Src/stm32l4xx_hal_cortex.o
 .comment       0x0000007f       0x80 Drivers/STM32L4xx_HAL_Driver/Src/stm32l4xx_hal_dac.o
 .comment       0x0000007f       0x80 Drivers/STM32L4xx_HAL_Driver/Src/stm32l4xx_hal_gpio.o
 .comment       0x0000007f       0x80 Drivers/STM32L4xx_HAL_Driver/Src/stm32l4xx_hal_pcd.o
 .comment       0x0000007f       0x80 Drivers/STM32L4xx_HAL_Driver/Src/stm32l4xx_hal_pcd_ex.o
 .comment       0x0000007f       0x80 Drivers/STM32L4xx_HAL_Driver/Src/stm32l4xx_hal_pwr_ex.o
 .comment       0x0000007f       0x80 Drivers/STM32L4xx_HAL_Driver/Src/stm32l4xx_hal_rcc.o
 .comment       0x0000007f       0x80 Drivers/STM32L4xx_HAL_Driver/Src/stm32l4xx_hal_rcc_ex.o
 .comment       0x0000007f       0x80 Drivers/STM32L4xx_HAL_Driver/Src/stm32l4xx_ll_usb.o
 .comment       0x0000007f       0x80 Middlewares/ST/STM32_USB_Device_Library/Class/CDC/Src/usbd_cdc.o
 .comment       0x0000007f       0x80 Middlewares/ST/STM32_USB_Device_Library/Core/Src/usbd_core.o
 .comment       0x0000007f       0x80 Middlewares/ST/STM32_USB_Device_Library/Core/Src/usbd_ctlreq.o
 .comment       0x0000007f       0x80 Middlewares/ST/STM32_USB_Device_Library/Core/Src/usbd_ioreq.o
 .comment       0x0000007f       0x80 Src/adc.o
 .comment       0x0000007f       0x80 Src/dac.o
 .comment       0x0000007f       0x80 Src/main.o
 .comment       0x0000007f       0x80 Src/stm32l4xx_hal_msp.o
 .comment       0x0000007f       0x80 Src/stm32l4xx_it.o
 .comment       0x0000007f       0x80 Src/system_stm32l4xx.o
 .comment       0x0000007f       0x80 Src/usb_device.o
 .comment       0x0000007f       0x80 Src/usbd_cdc_if.o
 .comment       0x0000007f       0x80 Src/usbd_conf.o
 .comment       0x0000007f       0x80 Src/usbd_desc.o

.debug_frame    0x00000000     0x20ec
 .debug_frame   0x00000000      0x1e4 Drivers/STM32L4xx_HAL_Driver/Src/stm32l4xx_hal.o
 .debug_frame   0x000001e4      0x2e0 Drivers/STM32L4xx_HAL_Driver/Src/stm32l4xx_hal_adc.o
 .debug_frame   0x000004c4      0x15c Drivers/STM32L4xx_HAL_Driver/Src/stm32l4xx_hal_cortex.o
 .debug_frame   0x00000620      0x1f0 Drivers/STM32L4xx_HAL_Driver/Src/stm32l4xx_hal_dac.o
 .debug_frame   0x00000810       0xd0 Drivers/STM32L4xx_HAL_Driver/Src/stm32l4xx_hal_gpio.o
 .debug_frame   0x000008e0      0x2ec Drivers/STM32L4xx_HAL_Driver/Src/stm32l4xx_hal_pcd.o
 .debug_frame   0x00000bcc       0x9c Drivers/STM32L4xx_HAL_Driver/Src/stm32l4xx_hal_pcd_ex.o
 .debug_frame   0x00000c68      0x1f8 Drivers/STM32L4xx_HAL_Driver/Src/stm32l4xx_hal_pwr_ex.o
 .debug_frame   0x00000e60      0x160 Drivers/STM32L4xx_HAL_Driver/Src/stm32l4xx_hal_rcc.o
 .debug_frame   0x00000fc0      0x238 Drivers/STM32L4xx_HAL_Driver/Src/stm32l4xx_hal_rcc_ex.o
 .debug_frame   0x000011f8      0x230 Drivers/STM32L4xx_HAL_Driver/Src/stm32l4xx_ll_usb.o
 .debug_frame   0x00001428      0x14c Middlewares/ST/STM32_USB_Device_Library/Class/CDC/Src/usbd_cdc.o
 .debug_frame   0x00001574      0x1bc Middlewares/ST/STM32_USB_Device_Library/Core/Src/usbd_core.o
 .debug_frame   0x00001730      0x178 Middlewares/ST/STM32_USB_Device_Library/Core/Src/usbd_ctlreq.o
 .debug_frame   0x000018a8       0xb8 Middlewares/ST/STM32_USB_Device_Library/Core/Src/usbd_ioreq.o
 .debug_frame   0x00001960       0x48 Src/adc.o
 .debug_frame   0x000019a8       0x44 Src/dac.o
 .debug_frame   0x000019ec       0xb8 Src/main.o
 .debug_frame   0x00001aa4       0x94 Src/stm32l4xx_hal_msp.o
 .debug_frame   0x00001b38       0xc0 Src/stm32l4xx_it.o
 .debug_frame   0x00001bf8       0x30 Src/system_stm32l4xx.o
 .debug_frame   0x00001c28       0x4c Src/usb_device.o
 .debug_frame   0x00001c74       0x78 Src/usbd_cdc_if.o
 .debug_frame   0x00001cec      0x31c Src/usbd_conf.o
 .debug_frame   0x00002008       0xb8 Src/usbd_desc.o
 .debug_frame   0x000020c0       0x2c d:/memes/plugins/fr.ac6.mcu.externaltools.arm-none.win32_1.15.0.201708311556/tools/compiler/bin/../lib/gcc/arm-none-eabi/6.3.1/../../../../arm-none-eabi/lib/thumb/v7e-m/fpv4-sp/hard\libc_nano.a(lib_a-init.o)
