13:10:46 **** Build of configuration Debug for project projectsolar ****
make all 
Building file: ../startup/startup_stm32l432xx.s
Invoking: MCU GCC Assembler
C:\Users\Joepi\workspace\projectsolar\Debug
arm-none-eabi-as -mcpu=cortex-m4 -mthumb -mfloat-abi=hard -mfpu=fpv4-sp-d16 -g -o "startup/startup_stm32l432xx.o" "../startup/startup_stm32l432xx.s"
Finished building: ../startup/startup_stm32l432xx.s
 
Building file: ../Src/adc.c
Invoking: MCU GCC Compiler
C:\Users\Joepi\workspace\projectsolar\Debug
arm-none-eabi-gcc -mcpu=cortex-m4 -mthumb -mfloat-abi=hard -mfpu=fpv4-sp-d16 '-D__weak=__attribute__((weak))' '-D__packed=__attribute__((__packed__))' -DUSE_HAL_DRIVER -DSTM32L432xx -I"C:/Users/Joepi/workspace/projectsolar/Inc" -I"C:/Users/Joepi/workspace/projectsolar/Drivers/STM32L4xx_HAL_Driver/Inc" -I"C:/Users/Joepi/workspace/projectsolar/Drivers/STM32L4xx_HAL_Driver/Inc/Legacy" -I"C:/Users/Joepi/workspace/projectsolar/Middlewares/ST/STM32_USB_Device_Library/Core/Inc" -I"C:/Users/Joepi/workspace/projectsolar/Middlewares/ST/STM32_USB_Device_Library/Class/CDC/Inc" -I"C:/Users/Joepi/workspace/projectsolar/Drivers/CMSIS/Device/ST/STM32L4xx/Include" -I"C:/Users/Joepi/workspace/projectsolar/Drivers/CMSIS/Include"  -Og -g3 -Wall -fmessage-length=0 -ffunction-sections -c -fmessage-length=0 -MMD -MP -MF"Src/adc.d" -MT"Src/adc.o" -o "Src/adc.o" "../Src/adc.c"
Finished building: ../Src/adc.c
 
Building file: ../Src/dac.c
Invoking: MCU GCC Compiler
C:\Users\Joepi\workspace\projectsolar\Debug
arm-none-eabi-gcc -mcpu=cortex-m4 -mthumb -mfloat-abi=hard -mfpu=fpv4-sp-d16 '-D__weak=__attribute__((weak))' '-D__packed=__attribute__((__packed__))' -DUSE_HAL_DRIVER -DSTM32L432xx -I"C:/Users/Joepi/workspace/projectsolar/Inc" -I"C:/Users/Joepi/workspace/projectsolar/Drivers/STM32L4xx_HAL_Driver/Inc" -I"C:/Users/Joepi/workspace/projectsolar/Drivers/STM32L4xx_HAL_Driver/Inc/Legacy" -I"C:/Users/Joepi/workspace/projectsolar/Middlewares/ST/STM32_USB_Device_Library/Core/Inc" -I"C:/Users/Joepi/workspace/projectsolar/Middlewares/ST/STM32_USB_Device_Library/Class/CDC/Inc" -I"C:/Users/Joepi/workspace/projectsolar/Drivers/CMSIS/Device/ST/STM32L4xx/Include" -I"C:/Users/Joepi/workspace/projectsolar/Drivers/CMSIS/Include"  -Og -g3 -Wall -fmessage-length=0 -ffunction-sections -c -fmessage-length=0 -MMD -MP -MF"Src/dac.d" -MT"Src/dac.o" -o "Src/dac.o" "../Src/dac.c"
Finished building: ../Src/dac.c
 
Building file: ../Src/main.c
Invoking: MCU GCC Compiler
C:\Users\Joepi\workspace\projectsolar\Debug
arm-none-eabi-gcc -mcpu=cortex-m4 -mthumb -mfloat-abi=hard -mfpu=fpv4-sp-d16 '-D__weak=__attribute__((weak))' '-D__packed=__attribute__((__packed__))' -DUSE_HAL_DRIVER -DSTM32L432xx -I"C:/Users/Joepi/workspace/projectsolar/Inc" -I"C:/Users/Joepi/workspace/projectsolar/Drivers/STM32L4xx_HAL_Driver/Inc" -I"C:/Users/Joepi/workspace/projectsolar/Drivers/STM32L4xx_HAL_Driver/Inc/Legacy" -I"C:/Users/Joepi/workspace/projectsolar/Middlewares/ST/STM32_USB_Device_Library/Core/Inc" -I"C:/Users/Joepi/workspace/projectsolar/Middlewares/ST/STM32_USB_Device_Library/Class/CDC/Inc" -I"C:/Users/Joepi/workspace/projectsolar/Drivers/CMSIS/Device/ST/STM32L4xx/Include" -I"C:/Users/Joepi/workspace/projectsolar/Drivers/CMSIS/Include"  -Og -g3 -Wall -fmessage-length=0 -ffunction-sections -c -fmessage-length=0 -MMD -MP -MF"Src/main.d" -MT"Src/main.o" -o "Src/main.o" "../Src/main.c"
Finished building: ../Src/main.c
 
Building file: ../Src/measurement.c
Invoking: MCU GCC Compiler
C:\Users\Joepi\workspace\projectsolar\Debug
arm-none-eabi-gcc -mcpu=cortex-m4 -mthumb -mfloat-abi=hard -mfpu=fpv4-sp-d16 '-D__weak=__attribute__((weak))' '-D__packed=__attribute__((__packed__))' -DUSE_HAL_DRIVER -DSTM32L432xx -I"C:/Users/Joepi/workspace/projectsolar/Inc" -I"C:/Users/Joepi/workspace/projectsolar/Drivers/STM32L4xx_HAL_Driver/Inc" -I"C:/Users/Joepi/workspace/projectsolar/Drivers/STM32L4xx_HAL_Driver/Inc/Legacy" -I"C:/Users/Joepi/workspace/projectsolar/Middlewares/ST/STM32_USB_Device_Library/Core/Inc" -I"C:/Users/Joepi/workspace/projectsolar/Middlewares/ST/STM32_USB_Device_Library/Class/CDC/Inc" -I"C:/Users/Joepi/workspace/projectsolar/Drivers/CMSIS/Device/ST/STM32L4xx/Include" -I"C:/Users/Joepi/workspace/projectsolar/Drivers/CMSIS/Include"  -Og -g3 -Wall -fmessage-length=0 -ffunction-sections -c -fmessage-length=0 -MMD -MP -MF"Src/measurement.d" -MT"Src/measurement.o" -o "Src/measurement.o" "../Src/measurement.c"
../Src/measurement.c: In function 'measurePoint':
../Src/measurement.c:64:13: warning: passing argument 1 of 'ADC_getADC' from incompatible pointer type [-Wincompatible-pointer-types]
  ADC_getADC(&voltage, &current, 0);      //get the voltage and current measurements
             ^
In file included from C:/Users/Joepi/workspace/projectsolar/Inc/measurement.h:11:0,
                 from ../Src/measurement.c:9:
C:/Users/Joepi/workspace/projectsolar/Inc/adc.h:26:6: note: expected 'uint32_t * {aka long unsigned int *}' but argument is of type 'uint16_t * {aka short unsigned int *}'
 void ADC_getADC(uint32_t* channel1, uint32_t* channel2, uint32_t* channel3);
      ^~~~~~~~~~
../Src/measurement.c:64:23: warning: passing argument 2 of 'ADC_getADC' from incompatible pointer type [-Wincompatible-pointer-types]
  ADC_getADC(&voltage, &current, 0);      //get the voltage and current measurements
                       ^
In file included from C:/Users/Joepi/workspace/projectsolar/Inc/measurement.h:11:0,
                 from ../Src/measurement.c:9:
C:/Users/Joepi/workspace/projectsolar/Inc/adc.h:26:6: note: expected 'uint32_t * {aka long unsigned int *}' but argument is of type 'uint16_t * {aka short unsigned int *}'
 void ADC_getADC(uint32_t* channel1, uint32_t* channel2, uint32_t* channel3);
      ^~~~~~~~~~
../Src/measurement.c: In function 'measureString':
../Src/measurement.c:74:19: warning: passing argument 3 of 'ADC_getADC' from incompatible pointer type [-Wincompatible-pointer-types]
  ADC_getADC(0, 0, &voltage);       //measures the voltage
                   ^
In file included from C:/Users/Joepi/workspace/projectsolar/Inc/measurement.h:11:0,
                 from ../Src/measurement.c:9:
C:/Users/Joepi/workspace/projectsolar/Inc/adc.h:26:6: note: expected 'uint32_t * {aka long unsigned int *}' but argument is of type 'uint16_t * {aka short unsigned int *}'
 void ADC_getADC(uint32_t* channel1, uint32_t* channel2, uint32_t* channel3);
      ^~~~~~~~~~
Finished building: ../Src/measurement.c
 
Building file: ../Src/stm32l4xx_hal_msp.c
Invoking: MCU GCC Compiler
C:\Users\Joepi\workspace\projectsolar\Debug
arm-none-eabi-gcc -mcpu=cortex-m4 -mthumb -mfloat-abi=hard -mfpu=fpv4-sp-d16 '-D__weak=__attribute__((weak))' '-D__packed=__attribute__((__packed__))' -DUSE_HAL_DRIVER -DSTM32L432xx -I"C:/Users/Joepi/workspace/projectsolar/Inc" -I"C:/Users/Joepi/workspace/projectsolar/Drivers/STM32L4xx_HAL_Driver/Inc" -I"C:/Users/Joepi/workspace/projectsolar/Drivers/STM32L4xx_HAL_Driver/Inc/Legacy" -I"C:/Users/Joepi/workspace/projectsolar/Middlewares/ST/STM32_USB_Device_Library/Core/Inc" -I"C:/Users/Joepi/workspace/projectsolar/Middlewares/ST/STM32_USB_Device_Library/Class/CDC/Inc" -I"C:/Users/Joepi/workspace/projectsolar/Drivers/CMSIS/Device/ST/STM32L4xx/Include" -I"C:/Users/Joepi/workspace/projectsolar/Drivers/CMSIS/Include"  -Og -g3 -Wall -fmessage-length=0 -ffunction-sections -c -fmessage-length=0 -MMD -MP -MF"Src/stm32l4xx_hal_msp.d" -MT"Src/stm32l4xx_hal_msp.o" -o "Src/stm32l4xx_hal_msp.o" "../Src/stm32l4xx_hal_msp.c"
Finished building: ../Src/stm32l4xx_hal_msp.c
 
Building file: ../Src/stm32l4xx_it.c
Invoking: MCU GCC Compiler
C:\Users\Joepi\workspace\projectsolar\Debug
arm-none-eabi-gcc -mcpu=cortex-m4 -mthumb -mfloat-abi=hard -mfpu=fpv4-sp-d16 '-D__weak=__attribute__((weak))' '-D__packed=__attribute__((__packed__))' -DUSE_HAL_DRIVER -DSTM32L432xx -I"C:/Users/Joepi/workspace/projectsolar/Inc" -I"C:/Users/Joepi/workspace/projectsolar/Drivers/STM32L4xx_HAL_Driver/Inc" -I"C:/Users/Joepi/workspace/projectsolar/Drivers/STM32L4xx_HAL_Driver/Inc/Legacy" -I"C:/Users/Joepi/workspace/projectsolar/Middlewares/ST/STM32_USB_Device_Library/Core/Inc" -I"C:/Users/Joepi/workspace/projectsolar/Middlewares/ST/STM32_USB_Device_Library/Class/CDC/Inc" -I"C:/Users/Joepi/workspace/projectsolar/Drivers/CMSIS/Device/ST/STM32L4xx/Include" -I"C:/Users/Joepi/workspace/projectsolar/Drivers/CMSIS/Include"  -Og -g3 -Wall -fmessage-length=0 -ffunction-sections -c -fmessage-length=0 -MMD -MP -MF"Src/stm32l4xx_it.d" -MT"Src/stm32l4xx_it.o" -o "Src/stm32l4xx_it.o" "../Src/stm32l4xx_it.c"
Finished building: ../Src/stm32l4xx_it.c
 
Building file: ../Src/system_stm32l4xx.c
Invoking: MCU GCC Compiler
C:\Users\Joepi\workspace\projectsolar\Debug
arm-none-eabi-gcc -mcpu=cortex-m4 -mthumb -mfloat-abi=hard -mfpu=fpv4-sp-d16 '-D__weak=__attribute__((weak))' '-D__packed=__attribute__((__packed__))' -DUSE_HAL_DRIVER -DSTM32L432xx -I"C:/Users/Joepi/workspace/projectsolar/Inc" -I"C:/Users/Joepi/workspace/projectsolar/Drivers/STM32L4xx_HAL_Driver/Inc" -I"C:/Users/Joepi/workspace/projectsolar/Drivers/STM32L4xx_HAL_Driver/Inc/Legacy" -I"C:/Users/Joepi/workspace/projectsolar/Middlewares/ST/STM32_USB_Device_Library/Core/Inc" -I"C:/Users/Joepi/workspace/projectsolar/Middlewares/ST/STM32_USB_Device_Library/Class/CDC/Inc" -I"C:/Users/Joepi/workspace/projectsolar/Drivers/CMSIS/Device/ST/STM32L4xx/Include" -I"C:/Users/Joepi/workspace/projectsolar/Drivers/CMSIS/Include"  -Og -g3 -Wall -fmessage-length=0 -ffunction-sections -c -fmessage-length=0 -MMD -MP -MF"Src/system_stm32l4xx.d" -MT"Src/system_stm32l4xx.o" -o "Src/system_stm32l4xx.o" "../Src/system_stm32l4xx.c"
Finished building: ../Src/system_stm32l4xx.c
 
Building file: ../Src/usb_device.c
Invoking: MCU GCC Compiler
C:\Users\Joepi\workspace\projectsolar\Debug
arm-none-eabi-gcc -mcpu=cortex-m4 -mthumb -mfloat-abi=hard -mfpu=fpv4-sp-d16 '-D__weak=__attribute__((weak))' '-D__packed=__attribute__((__packed__))' -DUSE_HAL_DRIVER -DSTM32L432xx -I"C:/Users/Joepi/workspace/projectsolar/Inc" -I"C:/Users/Joepi/workspace/projectsolar/Drivers/STM32L4xx_HAL_Driver/Inc" -I"C:/Users/Joepi/workspace/projectsolar/Drivers/STM32L4xx_HAL_Driver/Inc/Legacy" -I"C:/Users/Joepi/workspace/projectsolar/Middlewares/ST/STM32_USB_Device_Library/Core/Inc" -I"C:/Users/Joepi/workspace/projectsolar/Middlewares/ST/STM32_USB_Device_Library/Class/CDC/Inc" -I"C:/Users/Joepi/workspace/projectsolar/Drivers/CMSIS/Device/ST/STM32L4xx/Include" -I"C:/Users/Joepi/workspace/projectsolar/Drivers/CMSIS/Include"  -Og -g3 -Wall -fmessage-length=0 -ffunction-sections -c -fmessage-length=0 -MMD -MP -MF"Src/usb_device.d" -MT"Src/usb_device.o" -o "Src/usb_device.o" "../Src/usb_device.c"
Finished building: ../Src/usb_device.c
 
Building file: ../Src/usbd_cdc_if.c
Invoking: MCU GCC Compiler
C:\Users\Joepi\workspace\projectsolar\Debug
arm-none-eabi-gcc -mcpu=cortex-m4 -mthumb -mfloat-abi=hard -mfpu=fpv4-sp-d16 '-D__weak=__attribute__((weak))' '-D__packed=__attribute__((__packed__))' -DUSE_HAL_DRIVER -DSTM32L432xx -I"C:/Users/Joepi/workspace/projectsolar/Inc" -I"C:/Users/Joepi/workspace/projectsolar/Drivers/STM32L4xx_HAL_Driver/Inc" -I"C:/Users/Joepi/workspace/projectsolar/Drivers/STM32L4xx_HAL_Driver/Inc/Legacy" -I"C:/Users/Joepi/workspace/projectsolar/Middlewares/ST/STM32_USB_Device_Library/Core/Inc" -I"C:/Users/Joepi/workspace/projectsolar/Middlewares/ST/STM32_USB_Device_Library/Class/CDC/Inc" -I"C:/Users/Joepi/workspace/projectsolar/Drivers/CMSIS/Device/ST/STM32L4xx/Include" -I"C:/Users/Joepi/workspace/projectsolar/Drivers/CMSIS/Include"  -Og -g3 -Wall -fmessage-length=0 -ffunction-sections -c -fmessage-length=0 -MMD -MP -MF"Src/usbd_cdc_if.d" -MT"Src/usbd_cdc_if.o" -o "Src/usbd_cdc_if.o" "../Src/usbd_cdc_if.c"
Finished building: ../Src/usbd_cdc_if.c
 
Building file: ../Src/usbd_conf.c
Invoking: MCU GCC Compiler
C:\Users\Joepi\workspace\projectsolar\Debug
arm-none-eabi-gcc -mcpu=cortex-m4 -mthumb -mfloat-abi=hard -mfpu=fpv4-sp-d16 '-D__weak=__attribute__((weak))' '-D__packed=__attribute__((__packed__))' -DUSE_HAL_DRIVER -DSTM32L432xx -I"C:/Users/Joepi/workspace/projectsolar/Inc" -I"C:/Users/Joepi/workspace/projectsolar/Drivers/STM32L4xx_HAL_Driver/Inc" -I"C:/Users/Joepi/workspace/projectsolar/Drivers/STM32L4xx_HAL_Driver/Inc/Legacy" -I"C:/Users/Joepi/workspace/projectsolar/Middlewares/ST/STM32_USB_Device_Library/Core/Inc" -I"C:/Users/Joepi/workspace/projectsolar/Middlewares/ST/STM32_USB_Device_Library/Class/CDC/Inc" -I"C:/Users/Joepi/workspace/projectsolar/Drivers/CMSIS/Device/ST/STM32L4xx/Include" -I"C:/Users/Joepi/workspace/projectsolar/Drivers/CMSIS/Include"  -Og -g3 -Wall -fmessage-length=0 -ffunction-sections -c -fmessage-length=0 -MMD -MP -MF"Src/usbd_conf.d" -MT"Src/usbd_conf.o" -o "Src/usbd_conf.o" "../Src/usbd_conf.c"
Finished building: ../Src/usbd_conf.c
 
Building file: ../Src/usbd_desc.c
Invoking: MCU GCC Compiler
C:\Users\Joepi\workspace\projectsolar\Debug
arm-none-eabi-gcc -mcpu=cortex-m4 -mthumb -mfloat-abi=hard -mfpu=fpv4-sp-d16 '-D__weak=__attribute__((weak))' '-D__packed=__attribute__((__packed__))' -DUSE_HAL_DRIVER -DSTM32L432xx -I"C:/Users/Joepi/workspace/projectsolar/Inc" -I"C:/Users/Joepi/workspace/projectsolar/Drivers/STM32L4xx_HAL_Driver/Inc" -I"C:/Users/Joepi/workspace/projectsolar/Drivers/STM32L4xx_HAL_Driver/Inc/Legacy" -I"C:/Users/Joepi/workspace/projectsolar/Middlewares/ST/STM32_USB_Device_Library/Core/Inc" -I"C:/Users/Joepi/workspace/projectsolar/Middlewares/ST/STM32_USB_Device_Library/Class/CDC/Inc" -I"C:/Users/Joepi/workspace/projectsolar/Drivers/CMSIS/Device/ST/STM32L4xx/Include" -I"C:/Users/Joepi/workspace/projectsolar/Drivers/CMSIS/Include"  -Og -g3 -Wall -fmessage-length=0 -ffunction-sections -c -fmessage-length=0 -MMD -MP -MF"Src/usbd_desc.d" -MT"Src/usbd_desc.o" -o "Src/usbd_desc.o" "../Src/usbd_desc.c"
Finished building: ../Src/usbd_desc.c
 
Building file: ../Middlewares/ST/STM32_USB_Device_Library/Core/Src/usbd_core.c
Invoking: MCU GCC Compiler
C:\Users\Joepi\workspace\projectsolar\Debug
arm-none-eabi-gcc -mcpu=cortex-m4 -mthumb -mfloat-abi=hard -mfpu=fpv4-sp-d16 '-D__weak=__attribute__((weak))' '-D__packed=__attribute__((__packed__))' -DUSE_HAL_DRIVER -DSTM32L432xx -I"C:/Users/Joepi/workspace/projectsolar/Inc" -I"C:/Users/Joepi/workspace/projectsolar/Drivers/STM32L4xx_HAL_Driver/Inc" -I"C:/Users/Joepi/workspace/projectsolar/Drivers/STM32L4xx_HAL_Driver/Inc/Legacy" -I"C:/Users/Joepi/workspace/projectsolar/Middlewares/ST/STM32_USB_Device_Library/Core/Inc" -I"C:/Users/Joepi/workspace/projectsolar/Middlewares/ST/STM32_USB_Device_Library/Class/CDC/Inc" -I"C:/Users/Joepi/workspace/projectsolar/Drivers/CMSIS/Device/ST/STM32L4xx/Include" -I"C:/Users/Joepi/workspace/projectsolar/Drivers/CMSIS/Include"  -Og -g3 -Wall -fmessage-length=0 -ffunction-sections -c -fmessage-length=0 -MMD -MP -MF"Middlewares/ST/STM32_USB_Device_Library/Core/Src/usbd_core.d" -MT"Middlewares/ST/STM32_USB_Device_Library/Core/Src/usbd_core.o" -o "Middlewares/ST/STM32_USB_Device_Library/Core/Src/usbd_core.o" "../Middlewares/ST/STM32_USB_Device_Library/Core/Src/usbd_core.c"
Finished building: ../Middlewares/ST/STM32_USB_Device_Library/Core/Src/usbd_core.c
 
Building file: ../Middlewares/ST/STM32_USB_Device_Library/Core/Src/usbd_ctlreq.c
Invoking: MCU GCC Compiler
C:\Users\Joepi\workspace\projectsolar\Debug
arm-none-eabi-gcc -mcpu=cortex-m4 -mthumb -mfloat-abi=hard -mfpu=fpv4-sp-d16 '-D__weak=__attribute__((weak))' '-D__packed=__attribute__((__packed__))' -DUSE_HAL_DRIVER -DSTM32L432xx -I"C:/Users/Joepi/workspace/projectsolar/Inc" -I"C:/Users/Joepi/workspace/projectsolar/Drivers/STM32L4xx_HAL_Driver/Inc" -I"C:/Users/Joepi/workspace/projectsolar/Drivers/STM32L4xx_HAL_Driver/Inc/Legacy" -I"C:/Users/Joepi/workspace/projectsolar/Middlewares/ST/STM32_USB_Device_Library/Core/Inc" -I"C:/Users/Joepi/workspace/projectsolar/Middlewares/ST/STM32_USB_Device_Library/Class/CDC/Inc" -I"C:/Users/Joepi/workspace/projectsolar/Drivers/CMSIS/Device/ST/STM32L4xx/Include" -I"C:/Users/Joepi/workspace/projectsolar/Drivers/CMSIS/Include"  -Og -g3 -Wall -fmessage-length=0 -ffunction-sections -c -fmessage-length=0 -MMD -MP -MF"Middlewares/ST/STM32_USB_Device_Library/Core/Src/usbd_ctlreq.d" -MT"Middlewares/ST/STM32_USB_Device_Library/Core/Src/usbd_ctlreq.o" -o "Middlewares/ST/STM32_USB_Device_Library/Core/Src/usbd_ctlreq.o" "../Middlewares/ST/STM32_USB_Device_Library/Core/Src/usbd_ctlreq.c"
Finished building: ../Middlewares/ST/STM32_USB_Device_Library/Core/Src/usbd_ctlreq.c
 
Building file: ../Middlewares/ST/STM32_USB_Device_Library/Core/Src/usbd_ioreq.c
Invoking: MCU GCC Compiler
C:\Users\Joepi\workspace\projectsolar\Debug
arm-none-eabi-gcc -mcpu=cortex-m4 -mthumb -mfloat-abi=hard -mfpu=fpv4-sp-d16 '-D__weak=__attribute__((weak))' '-D__packed=__attribute__((__packed__))' -DUSE_HAL_DRIVER -DSTM32L432xx -I"C:/Users/Joepi/workspace/projectsolar/Inc" -I"C:/Users/Joepi/workspace/projectsolar/Drivers/STM32L4xx_HAL_Driver/Inc" -I"C:/Users/Joepi/workspace/projectsolar/Drivers/STM32L4xx_HAL_Driver/Inc/Legacy" -I"C:/Users/Joepi/workspace/projectsolar/Middlewares/ST/STM32_USB_Device_Library/Core/Inc" -I"C:/Users/Joepi/workspace/projectsolar/Middlewares/ST/STM32_USB_Device_Library/Class/CDC/Inc" -I"C:/Users/Joepi/workspace/projectsolar/Drivers/CMSIS/Device/ST/STM32L4xx/Include" -I"C:/Users/Joepi/workspace/projectsolar/Drivers/CMSIS/Include"  -Og -g3 -Wall -fmessage-length=0 -ffunction-sections -c -fmessage-length=0 -MMD -MP -MF"Middlewares/ST/STM32_USB_Device_Library/Core/Src/usbd_ioreq.d" -MT"Middlewares/ST/STM32_USB_Device_Library/Core/Src/usbd_ioreq.o" -o "Middlewares/ST/STM32_USB_Device_Library/Core/Src/usbd_ioreq.o" "../Middlewares/ST/STM32_USB_Device_Library/Core/Src/usbd_ioreq.c"
Finished building: ../Middlewares/ST/STM32_USB_Device_Library/Core/Src/usbd_ioreq.c
 
Building file: ../Middlewares/ST/STM32_USB_Device_Library/Class/CDC/Src/usbd_cdc.c
Invoking: MCU GCC Compiler
C:\Users\Joepi\workspace\projectsolar\Debug
arm-none-eabi-gcc -mcpu=cortex-m4 -mthumb -mfloat-abi=hard -mfpu=fpv4-sp-d16 '-D__weak=__attribute__((weak))' '-D__packed=__attribute__((__packed__))' -DUSE_HAL_DRIVER -DSTM32L432xx -I"C:/Users/Joepi/workspace/projectsolar/Inc" -I"C:/Users/Joepi/workspace/projectsolar/Drivers/STM32L4xx_HAL_Driver/Inc" -I"C:/Users/Joepi/workspace/projectsolar/Drivers/STM32L4xx_HAL_Driver/Inc/Legacy" -I"C:/Users/Joepi/workspace/projectsolar/Middlewares/ST/STM32_USB_Device_Library/Core/Inc" -I"C:/Users/Joepi/workspace/projectsolar/Middlewares/ST/STM32_USB_Device_Library/Class/CDC/Inc" -I"C:/Users/Joepi/workspace/projectsolar/Drivers/CMSIS/Device/ST/STM32L4xx/Include" -I"C:/Users/Joepi/workspace/projectsolar/Drivers/CMSIS/Include"  -Og -g3 -Wall -fmessage-length=0 -ffunction-sections -c -fmessage-length=0 -MMD -MP -MF"Middlewares/ST/STM32_USB_Device_Library/Class/CDC/Src/usbd_cdc.d" -MT"Middlewares/ST/STM32_USB_Device_Library/Class/CDC/Src/usbd_cdc.o" -o "Middlewares/ST/STM32_USB_Device_Library/Class/CDC/Src/usbd_cdc.o" "../Middlewares/ST/STM32_USB_Device_Library/Class/CDC/Src/usbd_cdc.c"
Finished building: ../Middlewares/ST/STM32_USB_Device_Library/Class/CDC/Src/usbd_cdc.c
 
Building file: ../Drivers/STM32L4xx_HAL_Driver/Src/stm32l4xx_hal.c
Invoking: MCU GCC Compiler
C:\Users\Joepi\workspace\projectsolar\Debug
arm-none-eabi-gcc -mcpu=cortex-m4 -mthumb -mfloat-abi=hard -mfpu=fpv4-sp-d16 '-D__weak=__attribute__((weak))' '-D__packed=__attribute__((__packed__))' -DUSE_HAL_DRIVER -DSTM32L432xx -I"C:/Users/Joepi/workspace/projectsolar/Inc" -I"C:/Users/Joepi/workspace/projectsolar/Drivers/STM32L4xx_HAL_Driver/Inc" -I"C:/Users/Joepi/workspace/projectsolar/Drivers/STM32L4xx_HAL_Driver/Inc/Legacy" -I"C:/Users/Joepi/workspace/projectsolar/Middlewares/ST/STM32_USB_Device_Library/Core/Inc" -I"C:/Users/Joepi/workspace/projectsolar/Middlewares/ST/STM32_USB_Device_Library/Class/CDC/Inc" -I"C:/Users/Joepi/workspace/projectsolar/Drivers/CMSIS/Device/ST/STM32L4xx/Include" -I"C:/Users/Joepi/workspace/projectsolar/Drivers/CMSIS/Include"  -Og -g3 -Wall -fmessage-length=0 -ffunction-sections -c -fmessage-length=0 -MMD -MP -MF"Drivers/STM32L4xx_HAL_Driver/Src/stm32l4xx_hal.d" -MT"Drivers/STM32L4xx_HAL_Driver/Src/stm32l4xx_hal.o" -o "Drivers/STM32L4xx_HAL_Driver/Src/stm32l4xx_hal.o" "../Drivers/STM32L4xx_HAL_Driver/Src/stm32l4xx_hal.c"
Finished building: ../Drivers/STM32L4xx_HAL_Driver/Src/stm32l4xx_hal.c
 
Building file: ../Drivers/STM32L4xx_HAL_Driver/Src/stm32l4xx_hal_adc.c
Invoking: MCU GCC Compiler
C:\Users\Joepi\workspace\projectsolar\Debug
arm-none-eabi-gcc -mcpu=cortex-m4 -mthumb -mfloat-abi=hard -mfpu=fpv4-sp-d16 '-D__weak=__attribute__((weak))' '-D__packed=__attribute__((__packed__))' -DUSE_HAL_DRIVER -DSTM32L432xx -I"C:/Users/Joepi/workspace/projectsolar/Inc" -I"C:/Users/Joepi/workspace/projectsolar/Drivers/STM32L4xx_HAL_Driver/Inc" -I"C:/Users/Joepi/workspace/projectsolar/Drivers/STM32L4xx_HAL_Driver/Inc/Legacy" -I"C:/Users/Joepi/workspace/projectsolar/Middlewares/ST/STM32_USB_Device_Library/Core/Inc" -I"C:/Users/Joepi/workspace/projectsolar/Middlewares/ST/STM32_USB_Device_Library/Class/CDC/Inc" -I"C:/Users/Joepi/workspace/projectsolar/Drivers/CMSIS/Device/ST/STM32L4xx/Include" -I"C:/Users/Joepi/workspace/projectsolar/Drivers/CMSIS/Include"  -Og -g3 -Wall -fmessage-length=0 -ffunction-sections -c -fmessage-length=0 -MMD -MP -MF"Drivers/STM32L4xx_HAL_Driver/Src/stm32l4xx_hal_adc.d" -MT"Drivers/STM32L4xx_HAL_Driver/Src/stm32l4xx_hal_adc.o" -o "Drivers/STM32L4xx_HAL_Driver/Src/stm32l4xx_hal_adc.o" "../Drivers/STM32L4xx_HAL_Driver/Src/stm32l4xx_hal_adc.c"
Finished building: ../Drivers/STM32L4xx_HAL_Driver/Src/stm32l4xx_hal_adc.c
 
Building file: ../Drivers/STM32L4xx_HAL_Driver/Src/stm32l4xx_hal_adc_ex.c
Invoking: MCU GCC Compiler
C:\Users\Joepi\workspace\projectsolar\Debug
arm-none-eabi-gcc -mcpu=cortex-m4 -mthumb -mfloat-abi=hard -mfpu=fpv4-sp-d16 '-D__weak=__attribute__((weak))' '-D__packed=__attribute__((__packed__))' -DUSE_HAL_DRIVER -DSTM32L432xx -I"C:/Users/Joepi/workspace/projectsolar/Inc" -I"C:/Users/Joepi/workspace/projectsolar/Drivers/STM32L4xx_HAL_Driver/Inc" -I"C:/Users/Joepi/workspace/projectsolar/Drivers/STM32L4xx_HAL_Driver/Inc/Legacy" -I"C:/Users/Joepi/workspace/projectsolar/Middlewares/ST/STM32_USB_Device_Library/Core/Inc" -I"C:/Users/Joepi/workspace/projectsolar/Middlewares/ST/STM32_USB_Device_Library/Class/CDC/Inc" -I"C:/Users/Joepi/workspace/projectsolar/Drivers/CMSIS/Device/ST/STM32L4xx/Include" -I"C:/Users/Joepi/workspace/projectsolar/Drivers/CMSIS/Include"  -Og -g3 -Wall -fmessage-length=0 -ffunction-sections -c -fmessage-length=0 -MMD -MP -MF"Drivers/STM32L4xx_HAL_Driver/Src/stm32l4xx_hal_adc_ex.d" -MT"Drivers/STM32L4xx_HAL_Driver/Src/stm32l4xx_hal_adc_ex.o" -o "Drivers/STM32L4xx_HAL_Driver/Src/stm32l4xx_hal_adc_ex.o" "../Drivers/STM32L4xx_HAL_Driver/Src/stm32l4xx_hal_adc_ex.c"
Finished building: ../Drivers/STM32L4xx_HAL_Driver/Src/stm32l4xx_hal_adc_ex.c
 
Building file: ../Drivers/STM32L4xx_HAL_Driver/Src/stm32l4xx_hal_cortex.c
Invoking: MCU GCC Compiler
C:\Users\Joepi\workspace\projectsolar\Debug
arm-none-eabi-gcc -mcpu=cortex-m4 -mthumb -mfloat-abi=hard -mfpu=fpv4-sp-d16 '-D__weak=__attribute__((weak))' '-D__packed=__attribute__((__packed__))' -DUSE_HAL_DRIVER -DSTM32L432xx -I"C:/Users/Joepi/workspace/projectsolar/Inc" -I"C:/Users/Joepi/workspace/projectsolar/Drivers/STM32L4xx_HAL_Driver/Inc" -I"C:/Users/Joepi/workspace/projectsolar/Drivers/STM32L4xx_HAL_Driver/Inc/Legacy" -I"C:/Users/Joepi/workspace/projectsolar/Middlewares/ST/STM32_USB_Device_Library/Core/Inc" -I"C:/Users/Joepi/workspace/projectsolar/Middlewares/ST/STM32_USB_Device_Library/Class/CDC/Inc" -I"C:/Users/Joepi/workspace/projectsolar/Drivers/CMSIS/Device/ST/STM32L4xx/Include" -I"C:/Users/Joepi/workspace/projectsolar/Drivers/CMSIS/Include"  -Og -g3 -Wall -fmessage-length=0 -ffunction-sections -c -fmessage-length=0 -MMD -MP -MF"Drivers/STM32L4xx_HAL_Driver/Src/stm32l4xx_hal_cortex.d" -MT"Drivers/STM32L4xx_HAL_Driver/Src/stm32l4xx_hal_cortex.o" -o "Drivers/STM32L4xx_HAL_Driver/Src/stm32l4xx_hal_cortex.o" "../Drivers/STM32L4xx_HAL_Driver/Src/stm32l4xx_hal_cortex.c"
Finished building: ../Drivers/STM32L4xx_HAL_Driver/Src/stm32l4xx_hal_cortex.c
 
Building file: ../Drivers/STM32L4xx_HAL_Driver/Src/stm32l4xx_hal_dac.c
Invoking: MCU GCC Compiler
C:\Users\Joepi\workspace\projectsolar\Debug
arm-none-eabi-gcc -mcpu=cortex-m4 -mthumb -mfloat-abi=hard -mfpu=fpv4-sp-d16 '-D__weak=__attribute__((weak))' '-D__packed=__attribute__((__packed__))' -DUSE_HAL_DRIVER -DSTM32L432xx -I"C:/Users/Joepi/workspace/projectsolar/Inc" -I"C:/Users/Joepi/workspace/projectsolar/Drivers/STM32L4xx_HAL_Driver/Inc" -I"C:/Users/Joepi/workspace/projectsolar/Drivers/STM32L4xx_HAL_Driver/Inc/Legacy" -I"C:/Users/Joepi/workspace/projectsolar/Middlewares/ST/STM32_USB_Device_Library/Core/Inc" -I"C:/Users/Joepi/workspace/projectsolar/Middlewares/ST/STM32_USB_Device_Library/Class/CDC/Inc" -I"C:/Users/Joepi/workspace/projectsolar/Drivers/CMSIS/Device/ST/STM32L4xx/Include" -I"C:/Users/Joepi/workspace/projectsolar/Drivers/CMSIS/Include"  -Og -g3 -Wall -fmessage-length=0 -ffunction-sections -c -fmessage-length=0 -MMD -MP -MF"Drivers/STM32L4xx_HAL_Driver/Src/stm32l4xx_hal_dac.d" -MT"Drivers/STM32L4xx_HAL_Driver/Src/stm32l4xx_hal_dac.o" -o "Drivers/STM32L4xx_HAL_Driver/Src/stm32l4xx_hal_dac.o" "../Drivers/STM32L4xx_HAL_Driver/Src/stm32l4xx_hal_dac.c"
Finished building: ../Drivers/STM32L4xx_HAL_Driver/Src/stm32l4xx_hal_dac.c
 
Building file: ../Drivers/STM32L4xx_HAL_Driver/Src/stm32l4xx_hal_dac_ex.c
Invoking: MCU GCC Compiler
C:\Users\Joepi\workspace\projectsolar\Debug
arm-none-eabi-gcc -mcpu=cortex-m4 -mthumb -mfloat-abi=hard -mfpu=fpv4-sp-d16 '-D__weak=__attribute__((weak))' '-D__packed=__attribute__((__packed__))' -DUSE_HAL_DRIVER -DSTM32L432xx -I"C:/Users/Joepi/workspace/projectsolar/Inc" -I"C:/Users/Joepi/workspace/projectsolar/Drivers/STM32L4xx_HAL_Driver/Inc" -I"C:/Users/Joepi/workspace/projectsolar/Drivers/STM32L4xx_HAL_Driver/Inc/Legacy" -I"C:/Users/Joepi/workspace/projectsolar/Middlewares/ST/STM32_USB_Device_Library/Core/Inc" -I"C:/Users/Joepi/workspace/projectsolar/Middlewares/ST/STM32_USB_Device_Library/Class/CDC/Inc" -I"C:/Users/Joepi/workspace/projectsolar/Drivers/CMSIS/Device/ST/STM32L4xx/Include" -I"C:/Users/Joepi/workspace/projectsolar/Drivers/CMSIS/Include"  -Og -g3 -Wall -fmessage-length=0 -ffunction-sections -c -fmessage-length=0 -MMD -MP -MF"Drivers/STM32L4xx_HAL_Driver/Src/stm32l4xx_hal_dac_ex.d" -MT"Drivers/STM32L4xx_HAL_Driver/Src/stm32l4xx_hal_dac_ex.o" -o "Drivers/STM32L4xx_HAL_Driver/Src/stm32l4xx_hal_dac_ex.o" "../Drivers/STM32L4xx_HAL_Driver/Src/stm32l4xx_hal_dac_ex.c"
Finished building: ../Drivers/STM32L4xx_HAL_Driver/Src/stm32l4xx_hal_dac_ex.c
 
Building file: ../Drivers/STM32L4xx_HAL_Driver/Src/stm32l4xx_hal_dma.c
Invoking: MCU GCC Compiler
C:\Users\Joepi\workspace\projectsolar\Debug
arm-none-eabi-gcc -mcpu=cortex-m4 -mthumb -mfloat-abi=hard -mfpu=fpv4-sp-d16 '-D__weak=__attribute__((weak))' '-D__packed=__attribute__((__packed__))' -DUSE_HAL_DRIVER -DSTM32L432xx -I"C:/Users/Joepi/workspace/projectsolar/Inc" -I"C:/Users/Joepi/workspace/projectsolar/Drivers/STM32L4xx_HAL_Driver/Inc" -I"C:/Users/Joepi/workspace/projectsolar/Drivers/STM32L4xx_HAL_Driver/Inc/Legacy" -I"C:/Users/Joepi/workspace/projectsolar/Middlewares/ST/STM32_USB_Device_Library/Core/Inc" -I"C:/Users/Joepi/workspace/projectsolar/Middlewares/ST/STM32_USB_Device_Library/Class/CDC/Inc" -I"C:/Users/Joepi/workspace/projectsolar/Drivers/CMSIS/Device/ST/STM32L4xx/Include" -I"C:/Users/Joepi/workspace/projectsolar/Drivers/CMSIS/Include"  -Og -g3 -Wall -fmessage-length=0 -ffunction-sections -c -fmessage-length=0 -MMD -MP -MF"Drivers/STM32L4xx_HAL_Driver/Src/stm32l4xx_hal_dma.d" -MT"Drivers/STM32L4xx_HAL_Driver/Src/stm32l4xx_hal_dma.o" -o "Drivers/STM32L4xx_HAL_Driver/Src/stm32l4xx_hal_dma.o" "../Drivers/STM32L4xx_HAL_Driver/Src/stm32l4xx_hal_dma.c"
Finished building: ../Drivers/STM32L4xx_HAL_Driver/Src/stm32l4xx_hal_dma.c
 
Building file: ../Drivers/STM32L4xx_HAL_Driver/Src/stm32l4xx_hal_dma_ex.c
Invoking: MCU GCC Compiler
C:\Users\Joepi\workspace\projectsolar\Debug
arm-none-eabi-gcc -mcpu=cortex-m4 -mthumb -mfloat-abi=hard -mfpu=fpv4-sp-d16 '-D__weak=__attribute__((weak))' '-D__packed=__attribute__((__packed__))' -DUSE_HAL_DRIVER -DSTM32L432xx -I"C:/Users/Joepi/workspace/projectsolar/Inc" -I"C:/Users/Joepi/workspace/projectsolar/Drivers/STM32L4xx_HAL_Driver/Inc" -I"C:/Users/Joepi/workspace/projectsolar/Drivers/STM32L4xx_HAL_Driver/Inc/Legacy" -I"C:/Users/Joepi/workspace/projectsolar/Middlewares/ST/STM32_USB_Device_Library/Core/Inc" -I"C:/Users/Joepi/workspace/projectsolar/Middlewares/ST/STM32_USB_Device_Library/Class/CDC/Inc" -I"C:/Users/Joepi/workspace/projectsolar/Drivers/CMSIS/Device/ST/STM32L4xx/Include" -I"C:/Users/Joepi/workspace/projectsolar/Drivers/CMSIS/Include"  -Og -g3 -Wall -fmessage-length=0 -ffunction-sections -c -fmessage-length=0 -MMD -MP -MF"Drivers/STM32L4xx_HAL_Driver/Src/stm32l4xx_hal_dma_ex.d" -MT"Drivers/STM32L4xx_HAL_Driver/Src/stm32l4xx_hal_dma_ex.o" -o "Drivers/STM32L4xx_HAL_Driver/Src/stm32l4xx_hal_dma_ex.o" "../Drivers/STM32L4xx_HAL_Driver/Src/stm32l4xx_hal_dma_ex.c"
Finished building: ../Drivers/STM32L4xx_HAL_Driver/Src/stm32l4xx_hal_dma_ex.c
 
Building file: ../Drivers/STM32L4xx_HAL_Driver/Src/stm32l4xx_hal_flash.c
Invoking: MCU GCC Compiler
C:\Users\Joepi\workspace\projectsolar\Debug
arm-none-eabi-gcc -mcpu=cortex-m4 -mthumb -mfloat-abi=hard -mfpu=fpv4-sp-d16 '-D__weak=__attribute__((weak))' '-D__packed=__attribute__((__packed__))' -DUSE_HAL_DRIVER -DSTM32L432xx -I"C:/Users/Joepi/workspace/projectsolar/Inc" -I"C:/Users/Joepi/workspace/projectsolar/Drivers/STM32L4xx_HAL_Driver/Inc" -I"C:/Users/Joepi/workspace/projectsolar/Drivers/STM32L4xx_HAL_Driver/Inc/Legacy" -I"C:/Users/Joepi/workspace/projectsolar/Middlewares/ST/STM32_USB_Device_Library/Core/Inc" -I"C:/Users/Joepi/workspace/projectsolar/Middlewares/ST/STM32_USB_Device_Library/Class/CDC/Inc" -I"C:/Users/Joepi/workspace/projectsolar/Drivers/CMSIS/Device/ST/STM32L4xx/Include" -I"C:/Users/Joepi/workspace/projectsolar/Drivers/CMSIS/Include"  -Og -g3 -Wall -fmessage-length=0 -ffunction-sections -c -fmessage-length=0 -MMD -MP -MF"Drivers/STM32L4xx_HAL_Driver/Src/stm32l4xx_hal_flash.d" -MT"Drivers/STM32L4xx_HAL_Driver/Src/stm32l4xx_hal_flash.o" -o "Drivers/STM32L4xx_HAL_Driver/Src/stm32l4xx_hal_flash.o" "../Drivers/STM32L4xx_HAL_Driver/Src/stm32l4xx_hal_flash.c"
Finished building: ../Drivers/STM32L4xx_HAL_Driver/Src/stm32l4xx_hal_flash.c
 
Building file: ../Drivers/STM32L4xx_HAL_Driver/Src/stm32l4xx_hal_flash_ex.c
Invoking: MCU GCC Compiler
C:\Users\Joepi\workspace\projectsolar\Debug
arm-none-eabi-gcc -mcpu=cortex-m4 -mthumb -mfloat-abi=hard -mfpu=fpv4-sp-d16 '-D__weak=__attribute__((weak))' '-D__packed=__attribute__((__packed__))' -DUSE_HAL_DRIVER -DSTM32L432xx -I"C:/Users/Joepi/workspace/projectsolar/Inc" -I"C:/Users/Joepi/workspace/projectsolar/Drivers/STM32L4xx_HAL_Driver/Inc" -I"C:/Users/Joepi/workspace/projectsolar/Drivers/STM32L4xx_HAL_Driver/Inc/Legacy" -I"C:/Users/Joepi/workspace/projectsolar/Middlewares/ST/STM32_USB_Device_Library/Core/Inc" -I"C:/Users/Joepi/workspace/projectsolar/Middlewares/ST/STM32_USB_Device_Library/Class/CDC/Inc" -I"C:/Users/Joepi/workspace/projectsolar/Drivers/CMSIS/Device/ST/STM32L4xx/Include" -I"C:/Users/Joepi/workspace/projectsolar/Drivers/CMSIS/Include"  -Og -g3 -Wall -fmessage-length=0 -ffunction-sections -c -fmessage-length=0 -MMD -MP -MF"Drivers/STM32L4xx_HAL_Driver/Src/stm32l4xx_hal_flash_ex.d" -MT"Drivers/STM32L4xx_HAL_Driver/Src/stm32l4xx_hal_flash_ex.o" -o "Drivers/STM32L4xx_HAL_Driver/Src/stm32l4xx_hal_flash_ex.o" "../Drivers/STM32L4xx_HAL_Driver/Src/stm32l4xx_hal_flash_ex.c"
Finished building: ../Drivers/STM32L4xx_HAL_Driver/Src/stm32l4xx_hal_flash_ex.c
 
Building file: ../Drivers/STM32L4xx_HAL_Driver/Src/stm32l4xx_hal_flash_ramfunc.c
Invoking: MCU GCC Compiler
C:\Users\Joepi\workspace\projectsolar\Debug
arm-none-eabi-gcc -mcpu=cortex-m4 -mthumb -mfloat-abi=hard -mfpu=fpv4-sp-d16 '-D__weak=__attribute__((weak))' '-D__packed=__attribute__((__packed__))' -DUSE_HAL_DRIVER -DSTM32L432xx -I"C:/Users/Joepi/workspace/projectsolar/Inc" -I"C:/Users/Joepi/workspace/projectsolar/Drivers/STM32L4xx_HAL_Driver/Inc" -I"C:/Users/Joepi/workspace/projectsolar/Drivers/STM32L4xx_HAL_Driver/Inc/Legacy" -I"C:/Users/Joepi/workspace/projectsolar/Middlewares/ST/STM32_USB_Device_Library/Core/Inc" -I"C:/Users/Joepi/workspace/projectsolar/Middlewares/ST/STM32_USB_Device_Library/Class/CDC/Inc" -I"C:/Users/Joepi/workspace/projectsolar/Drivers/CMSIS/Device/ST/STM32L4xx/Include" -I"C:/Users/Joepi/workspace/projectsolar/Drivers/CMSIS/Include"  -Og -g3 -Wall -fmessage-length=0 -ffunction-sections -c -fmessage-length=0 -MMD -MP -MF"Drivers/STM32L4xx_HAL_Driver/Src/stm32l4xx_hal_flash_ramfunc.d" -MT"Drivers/STM32L4xx_HAL_Driver/Src/stm32l4xx_hal_flash_ramfunc.o" -o "Drivers/STM32L4xx_HAL_Driver/Src/stm32l4xx_hal_flash_ramfunc.o" "../Drivers/STM32L4xx_HAL_Driver/Src/stm32l4xx_hal_flash_ramfunc.c"
Finished building: ../Drivers/STM32L4xx_HAL_Driver/Src/stm32l4xx_hal_flash_ramfunc.c
 
Building file: ../Drivers/STM32L4xx_HAL_Driver/Src/stm32l4xx_hal_gpio.c
Invoking: MCU GCC Compiler
C:\Users\Joepi\workspace\projectsolar\Debug
arm-none-eabi-gcc -mcpu=cortex-m4 -mthumb -mfloat-abi=hard -mfpu=fpv4-sp-d16 '-D__weak=__attribute__((weak))' '-D__packed=__attribute__((__packed__))' -DUSE_HAL_DRIVER -DSTM32L432xx -I"C:/Users/Joepi/workspace/projectsolar/Inc" -I"C:/Users/Joepi/workspace/projectsolar/Drivers/STM32L4xx_HAL_Driver/Inc" -I"C:/Users/Joepi/workspace/projectsolar/Drivers/STM32L4xx_HAL_Driver/Inc/Legacy" -I"C:/Users/Joepi/workspace/projectsolar/Middlewares/ST/STM32_USB_Device_Library/Core/Inc" -I"C:/Users/Joepi/workspace/projectsolar/Middlewares/ST/STM32_USB_Device_Library/Class/CDC/Inc" -I"C:/Users/Joepi/workspace/projectsolar/Drivers/CMSIS/Device/ST/STM32L4xx/Include" -I"C:/Users/Joepi/workspace/projectsolar/Drivers/CMSIS/Include"  -Og -g3 -Wall -fmessage-length=0 -ffunction-sections -c -fmessage-length=0 -MMD -MP -MF"Drivers/STM32L4xx_HAL_Driver/Src/stm32l4xx_hal_gpio.d" -MT"Drivers/STM32L4xx_HAL_Driver/Src/stm32l4xx_hal_gpio.o" -o "Drivers/STM32L4xx_HAL_Driver/Src/stm32l4xx_hal_gpio.o" "../Drivers/STM32L4xx_HAL_Driver/Src/stm32l4xx_hal_gpio.c"
Finished building: ../Drivers/STM32L4xx_HAL_Driver/Src/stm32l4xx_hal_gpio.c
 
Building file: ../Drivers/STM32L4xx_HAL_Driver/Src/stm32l4xx_hal_i2c.c
Invoking: MCU GCC Compiler
C:\Users\Joepi\workspace\projectsolar\Debug
arm-none-eabi-gcc -mcpu=cortex-m4 -mthumb -mfloat-abi=hard -mfpu=fpv4-sp-d16 '-D__weak=__attribute__((weak))' '-D__packed=__attribute__((__packed__))' -DUSE_HAL_DRIVER -DSTM32L432xx -I"C:/Users/Joepi/workspace/projectsolar/Inc" -I"C:/Users/Joepi/workspace/projectsolar/Drivers/STM32L4xx_HAL_Driver/Inc" -I"C:/Users/Joepi/workspace/projectsolar/Drivers/STM32L4xx_HAL_Driver/Inc/Legacy" -I"C:/Users/Joepi/workspace/projectsolar/Middlewares/ST/STM32_USB_Device_Library/Core/Inc" -I"C:/Users/Joepi/workspace/projectsolar/Middlewares/ST/STM32_USB_Device_Library/Class/CDC/Inc" -I"C:/Users/Joepi/workspace/projectsolar/Drivers/CMSIS/Device/ST/STM32L4xx/Include" -I"C:/Users/Joepi/workspace/projectsolar/Drivers/CMSIS/Include"  -Og -g3 -Wall -fmessage-length=0 -ffunction-sections -c -fmessage-length=0 -MMD -MP -MF"Drivers/STM32L4xx_HAL_Driver/Src/stm32l4xx_hal_i2c.d" -MT"Drivers/STM32L4xx_HAL_Driver/Src/stm32l4xx_hal_i2c.o" -o "Drivers/STM32L4xx_HAL_Driver/Src/stm32l4xx_hal_i2c.o" "../Drivers/STM32L4xx_HAL_Driver/Src/stm32l4xx_hal_i2c.c"
Finished building: ../Drivers/STM32L4xx_HAL_Driver/Src/stm32l4xx_hal_i2c.c
 
Building file: ../Drivers/STM32L4xx_HAL_Driver/Src/stm32l4xx_hal_i2c_ex.c
Invoking: MCU GCC Compiler
C:\Users\Joepi\workspace\projectsolar\Debug
arm-none-eabi-gcc -mcpu=cortex-m4 -mthumb -mfloat-abi=hard -mfpu=fpv4-sp-d16 '-D__weak=__attribute__((weak))' '-D__packed=__attribute__((__packed__))' -DUSE_HAL_DRIVER -DSTM32L432xx -I"C:/Users/Joepi/workspace/projectsolar/Inc" -I"C:/Users/Joepi/workspace/projectsolar/Drivers/STM32L4xx_HAL_Driver/Inc" -I"C:/Users/Joepi/workspace/projectsolar/Drivers/STM32L4xx_HAL_Driver/Inc/Legacy" -I"C:/Users/Joepi/workspace/projectsolar/Middlewares/ST/STM32_USB_Device_Library/Core/Inc" -I"C:/Users/Joepi/workspace/projectsolar/Middlewares/ST/STM32_USB_Device_Library/Class/CDC/Inc" -I"C:/Users/Joepi/workspace/projectsolar/Drivers/CMSIS/Device/ST/STM32L4xx/Include" -I"C:/Users/Joepi/workspace/projectsolar/Drivers/CMSIS/Include"  -Og -g3 -Wall -fmessage-length=0 -ffunction-sections -c -fmessage-length=0 -MMD -MP -MF"Drivers/STM32L4xx_HAL_Driver/Src/stm32l4xx_hal_i2c_ex.d" -MT"Drivers/STM32L4xx_HAL_Driver/Src/stm32l4xx_hal_i2c_ex.o" -o "Drivers/STM32L4xx_HAL_Driver/Src/stm32l4xx_hal_i2c_ex.o" "../Drivers/STM32L4xx_HAL_Driver/Src/stm32l4xx_hal_i2c_ex.c"
Finished building: ../Drivers/STM32L4xx_HAL_Driver/Src/stm32l4xx_hal_i2c_ex.c
 
Building file: ../Drivers/STM32L4xx_HAL_Driver/Src/stm32l4xx_hal_pcd.c
Invoking: MCU GCC Compiler
C:\Users\Joepi\workspace\projectsolar\Debug
arm-none-eabi-gcc -mcpu=cortex-m4 -mthumb -mfloat-abi=hard -mfpu=fpv4-sp-d16 '-D__weak=__attribute__((weak))' '-D__packed=__attribute__((__packed__))' -DUSE_HAL_DRIVER -DSTM32L432xx -I"C:/Users/Joepi/workspace/projectsolar/Inc" -I"C:/Users/Joepi/workspace/projectsolar/Drivers/STM32L4xx_HAL_Driver/Inc" -I"C:/Users/Joepi/workspace/projectsolar/Drivers/STM32L4xx_HAL_Driver/Inc/Legacy" -I"C:/Users/Joepi/workspace/projectsolar/Middlewares/ST/STM32_USB_Device_Library/Core/Inc" -I"C:/Users/Joepi/workspace/projectsolar/Middlewares/ST/STM32_USB_Device_Library/Class/CDC/Inc" -I"C:/Users/Joepi/workspace/projectsolar/Drivers/CMSIS/Device/ST/STM32L4xx/Include" -I"C:/Users/Joepi/workspace/projectsolar/Drivers/CMSIS/Include"  -Og -g3 -Wall -fmessage-length=0 -ffunction-sections -c -fmessage-length=0 -MMD -MP -MF"Drivers/STM32L4xx_HAL_Driver/Src/stm32l4xx_hal_pcd.d" -MT"Drivers/STM32L4xx_HAL_Driver/Src/stm32l4xx_hal_pcd.o" -o "Drivers/STM32L4xx_HAL_Driver/Src/stm32l4xx_hal_pcd.o" "../Drivers/STM32L4xx_HAL_Driver/Src/stm32l4xx_hal_pcd.c"
Finished building: ../Drivers/STM32L4xx_HAL_Driver/Src/stm32l4xx_hal_pcd.c
 
Building file: ../Drivers/STM32L4xx_HAL_Driver/Src/stm32l4xx_hal_pcd_ex.c
Invoking: MCU GCC Compiler
C:\Users\Joepi\workspace\projectsolar\Debug
arm-none-eabi-gcc -mcpu=cortex-m4 -mthumb -mfloat-abi=hard -mfpu=fpv4-sp-d16 '-D__weak=__attribute__((weak))' '-D__packed=__attribute__((__packed__))' -DUSE_HAL_DRIVER -DSTM32L432xx -I"C:/Users/Joepi/workspace/projectsolar/Inc" -I"C:/Users/Joepi/workspace/projectsolar/Drivers/STM32L4xx_HAL_Driver/Inc" -I"C:/Users/Joepi/workspace/projectsolar/Drivers/STM32L4xx_HAL_Driver/Inc/Legacy" -I"C:/Users/Joepi/workspace/projectsolar/Middlewares/ST/STM32_USB_Device_Library/Core/Inc" -I"C:/Users/Joepi/workspace/projectsolar/Middlewares/ST/STM32_USB_Device_Library/Class/CDC/Inc" -I"C:/Users/Joepi/workspace/projectsolar/Drivers/CMSIS/Device/ST/STM32L4xx/Include" -I"C:/Users/Joepi/workspace/projectsolar/Drivers/CMSIS/Include"  -Og -g3 -Wall -fmessage-length=0 -ffunction-sections -c -fmessage-length=0 -MMD -MP -MF"Drivers/STM32L4xx_HAL_Driver/Src/stm32l4xx_hal_pcd_ex.d" -MT"Drivers/STM32L4xx_HAL_Driver/Src/stm32l4xx_hal_pcd_ex.o" -o "Drivers/STM32L4xx_HAL_Driver/Src/stm32l4xx_hal_pcd_ex.o" "../Drivers/STM32L4xx_HAL_Driver/Src/stm32l4xx_hal_pcd_ex.c"
Finished building: ../Drivers/STM32L4xx_HAL_Driver/Src/stm32l4xx_hal_pcd_ex.c
 
Building file: ../Drivers/STM32L4xx_HAL_Driver/Src/stm32l4xx_hal_pwr.c
Invoking: MCU GCC Compiler
C:\Users\Joepi\workspace\projectsolar\Debug
arm-none-eabi-gcc -mcpu=cortex-m4 -mthumb -mfloat-abi=hard -mfpu=fpv4-sp-d16 '-D__weak=__attribute__((weak))' '-D__packed=__attribute__((__packed__))' -DUSE_HAL_DRIVER -DSTM32L432xx -I"C:/Users/Joepi/workspace/projectsolar/Inc" -I"C:/Users/Joepi/workspace/projectsolar/Drivers/STM32L4xx_HAL_Driver/Inc" -I"C:/Users/Joepi/workspace/projectsolar/Drivers/STM32L4xx_HAL_Driver/Inc/Legacy" -I"C:/Users/Joepi/workspace/projectsolar/Middlewares/ST/STM32_USB_Device_Library/Core/Inc" -I"C:/Users/Joepi/workspace/projectsolar/Middlewares/ST/STM32_USB_Device_Library/Class/CDC/Inc" -I"C:/Users/Joepi/workspace/projectsolar/Drivers/CMSIS/Device/ST/STM32L4xx/Include" -I"C:/Users/Joepi/workspace/projectsolar/Drivers/CMSIS/Include"  -Og -g3 -Wall -fmessage-length=0 -ffunction-sections -c -fmessage-length=0 -MMD -MP -MF"Drivers/STM32L4xx_HAL_Driver/Src/stm32l4xx_hal_pwr.d" -MT"Drivers/STM32L4xx_HAL_Driver/Src/stm32l4xx_hal_pwr.o" -o "Drivers/STM32L4xx_HAL_Driver/Src/stm32l4xx_hal_pwr.o" "../Drivers/STM32L4xx_HAL_Driver/Src/stm32l4xx_hal_pwr.c"
Finished building: ../Drivers/STM32L4xx_HAL_Driver/Src/stm32l4xx_hal_pwr.c
 
Building file: ../Drivers/STM32L4xx_HAL_Driver/Src/stm32l4xx_hal_pwr_ex.c
Invoking: MCU GCC Compiler
C:\Users\Joepi\workspace\projectsolar\Debug
arm-none-eabi-gcc -mcpu=cortex-m4 -mthumb -mfloat-abi=hard -mfpu=fpv4-sp-d16 '-D__weak=__attribute__((weak))' '-D__packed=__attribute__((__packed__))' -DUSE_HAL_DRIVER -DSTM32L432xx -I"C:/Users/Joepi/workspace/projectsolar/Inc" -I"C:/Users/Joepi/workspace/projectsolar/Drivers/STM32L4xx_HAL_Driver/Inc" -I"C:/Users/Joepi/workspace/projectsolar/Drivers/STM32L4xx_HAL_Driver/Inc/Legacy" -I"C:/Users/Joepi/workspace/projectsolar/Middlewares/ST/STM32_USB_Device_Library/Core/Inc" -I"C:/Users/Joepi/workspace/projectsolar/Middlewares/ST/STM32_USB_Device_Library/Class/CDC/Inc" -I"C:/Users/Joepi/workspace/projectsolar/Drivers/CMSIS/Device/ST/STM32L4xx/Include" -I"C:/Users/Joepi/workspace/projectsolar/Drivers/CMSIS/Include"  -Og -g3 -Wall -fmessage-length=0 -ffunction-sections -c -fmessage-length=0 -MMD -MP -MF"Drivers/STM32L4xx_HAL_Driver/Src/stm32l4xx_hal_pwr_ex.d" -MT"Drivers/STM32L4xx_HAL_Driver/Src/stm32l4xx_hal_pwr_ex.o" -o "Drivers/STM32L4xx_HAL_Driver/Src/stm32l4xx_hal_pwr_ex.o" "../Drivers/STM32L4xx_HAL_Driver/Src/stm32l4xx_hal_pwr_ex.c"
Finished building: ../Drivers/STM32L4xx_HAL_Driver/Src/stm32l4xx_hal_pwr_ex.c
 
Building file: ../Drivers/STM32L4xx_HAL_Driver/Src/stm32l4xx_hal_rcc.c
Invoking: MCU GCC Compiler
C:\Users\Joepi\workspace\projectsolar\Debug
arm-none-eabi-gcc -mcpu=cortex-m4 -mthumb -mfloat-abi=hard -mfpu=fpv4-sp-d16 '-D__weak=__attribute__((weak))' '-D__packed=__attribute__((__packed__))' -DUSE_HAL_DRIVER -DSTM32L432xx -I"C:/Users/Joepi/workspace/projectsolar/Inc" -I"C:/Users/Joepi/workspace/projectsolar/Drivers/STM32L4xx_HAL_Driver/Inc" -I"C:/Users/Joepi/workspace/projectsolar/Drivers/STM32L4xx_HAL_Driver/Inc/Legacy" -I"C:/Users/Joepi/workspace/projectsolar/Middlewares/ST/STM32_USB_Device_Library/Core/Inc" -I"C:/Users/Joepi/workspace/projectsolar/Middlewares/ST/STM32_USB_Device_Library/Class/CDC/Inc" -I"C:/Users/Joepi/workspace/projectsolar/Drivers/CMSIS/Device/ST/STM32L4xx/Include" -I"C:/Users/Joepi/workspace/projectsolar/Drivers/CMSIS/Include"  -Og -g3 -Wall -fmessage-length=0 -ffunction-sections -c -fmessage-length=0 -MMD -MP -MF"Drivers/STM32L4xx_HAL_Driver/Src/stm32l4xx_hal_rcc.d" -MT"Drivers/STM32L4xx_HAL_Driver/Src/stm32l4xx_hal_rcc.o" -o "Drivers/STM32L4xx_HAL_Driver/Src/stm32l4xx_hal_rcc.o" "../Drivers/STM32L4xx_HAL_Driver/Src/stm32l4xx_hal_rcc.c"
Finished building: ../Drivers/STM32L4xx_HAL_Driver/Src/stm32l4xx_hal_rcc.c
 
Building file: ../Drivers/STM32L4xx_HAL_Driver/Src/stm32l4xx_hal_rcc_ex.c
Invoking: MCU GCC Compiler
C:\Users\Joepi\workspace\projectsolar\Debug
arm-none-eabi-gcc -mcpu=cortex-m4 -mthumb -mfloat-abi=hard -mfpu=fpv4-sp-d16 '-D__weak=__attribute__((weak))' '-D__packed=__attribute__((__packed__))' -DUSE_HAL_DRIVER -DSTM32L432xx -I"C:/Users/Joepi/workspace/projectsolar/Inc" -I"C:/Users/Joepi/workspace/projectsolar/Drivers/STM32L4xx_HAL_Driver/Inc" -I"C:/Users/Joepi/workspace/projectsolar/Drivers/STM32L4xx_HAL_Driver/Inc/Legacy" -I"C:/Users/Joepi/workspace/projectsolar/Middlewares/ST/STM32_USB_Device_Library/Core/Inc" -I"C:/Users/Joepi/workspace/projectsolar/Middlewares/ST/STM32_USB_Device_Library/Class/CDC/Inc" -I"C:/Users/Joepi/workspace/projectsolar/Drivers/CMSIS/Device/ST/STM32L4xx/Include" -I"C:/Users/Joepi/workspace/projectsolar/Drivers/CMSIS/Include"  -Og -g3 -Wall -fmessage-length=0 -ffunction-sections -c -fmessage-length=0 -MMD -MP -MF"Drivers/STM32L4xx_HAL_Driver/Src/stm32l4xx_hal_rcc_ex.d" -MT"Drivers/STM32L4xx_HAL_Driver/Src/stm32l4xx_hal_rcc_ex.o" -o "Drivers/STM32L4xx_HAL_Driver/Src/stm32l4xx_hal_rcc_ex.o" "../Drivers/STM32L4xx_HAL_Driver/Src/stm32l4xx_hal_rcc_ex.c"
Finished building: ../Drivers/STM32L4xx_HAL_Driver/Src/stm32l4xx_hal_rcc_ex.c
 
Building file: ../Drivers/STM32L4xx_HAL_Driver/Src/stm32l4xx_hal_tim.c
Invoking: MCU GCC Compiler
C:\Users\Joepi\workspace\projectsolar\Debug
arm-none-eabi-gcc -mcpu=cortex-m4 -mthumb -mfloat-abi=hard -mfpu=fpv4-sp-d16 '-D__weak=__attribute__((weak))' '-D__packed=__attribute__((__packed__))' -DUSE_HAL_DRIVER -DSTM32L432xx -I"C:/Users/Joepi/workspace/projectsolar/Inc" -I"C:/Users/Joepi/workspace/projectsolar/Drivers/STM32L4xx_HAL_Driver/Inc" -I"C:/Users/Joepi/workspace/projectsolar/Drivers/STM32L4xx_HAL_Driver/Inc/Legacy" -I"C:/Users/Joepi/workspace/projectsolar/Middlewares/ST/STM32_USB_Device_Library/Core/Inc" -I"C:/Users/Joepi/workspace/projectsolar/Middlewares/ST/STM32_USB_Device_Library/Class/CDC/Inc" -I"C:/Users/Joepi/workspace/projectsolar/Drivers/CMSIS/Device/ST/STM32L4xx/Include" -I"C:/Users/Joepi/workspace/projectsolar/Drivers/CMSIS/Include"  -Og -g3 -Wall -fmessage-length=0 -ffunction-sections -c -fmessage-length=0 -MMD -MP -MF"Drivers/STM32L4xx_HAL_Driver/Src/stm32l4xx_hal_tim.d" -MT"Drivers/STM32L4xx_HAL_Driver/Src/stm32l4xx_hal_tim.o" -o "Drivers/STM32L4xx_HAL_Driver/Src/stm32l4xx_hal_tim.o" "../Drivers/STM32L4xx_HAL_Driver/Src/stm32l4xx_hal_tim.c"
Finished building: ../Drivers/STM32L4xx_HAL_Driver/Src/stm32l4xx_hal_tim.c
 
Building file: ../Drivers/STM32L4xx_HAL_Driver/Src/stm32l4xx_hal_tim_ex.c
Invoking: MCU GCC Compiler
C:\Users\Joepi\workspace\projectsolar\Debug
arm-none-eabi-gcc -mcpu=cortex-m4 -mthumb -mfloat-abi=hard -mfpu=fpv4-sp-d16 '-D__weak=__attribute__((weak))' '-D__packed=__attribute__((__packed__))' -DUSE_HAL_DRIVER -DSTM32L432xx -I"C:/Users/Joepi/workspace/projectsolar/Inc" -I"C:/Users/Joepi/workspace/projectsolar/Drivers/STM32L4xx_HAL_Driver/Inc" -I"C:/Users/Joepi/workspace/projectsolar/Drivers/STM32L4xx_HAL_Driver/Inc/Legacy" -I"C:/Users/Joepi/workspace/projectsolar/Middlewares/ST/STM32_USB_Device_Library/Core/Inc" -I"C:/Users/Joepi/workspace/projectsolar/Middlewares/ST/STM32_USB_Device_Library/Class/CDC/Inc" -I"C:/Users/Joepi/workspace/projectsolar/Drivers/CMSIS/Device/ST/STM32L4xx/Include" -I"C:/Users/Joepi/workspace/projectsolar/Drivers/CMSIS/Include"  -Og -g3 -Wall -fmessage-length=0 -ffunction-sections -c -fmessage-length=0 -MMD -MP -MF"Drivers/STM32L4xx_HAL_Driver/Src/stm32l4xx_hal_tim_ex.d" -MT"Drivers/STM32L4xx_HAL_Driver/Src/stm32l4xx_hal_tim_ex.o" -o "Drivers/STM32L4xx_HAL_Driver/Src/stm32l4xx_hal_tim_ex.o" "../Drivers/STM32L4xx_HAL_Driver/Src/stm32l4xx_hal_tim_ex.c"
Finished building: ../Drivers/STM32L4xx_HAL_Driver/Src/stm32l4xx_hal_tim_ex.c
 
Building file: ../Drivers/STM32L4xx_HAL_Driver/Src/stm32l4xx_ll_usb.c
Invoking: MCU GCC Compiler
C:\Users\Joepi\workspace\projectsolar\Debug
arm-none-eabi-gcc -mcpu=cortex-m4 -mthumb -mfloat-abi=hard -mfpu=fpv4-sp-d16 '-D__weak=__attribute__((weak))' '-D__packed=__attribute__((__packed__))' -DUSE_HAL_DRIVER -DSTM32L432xx -I"C:/Users/Joepi/workspace/projectsolar/Inc" -I"C:/Users/Joepi/workspace/projectsolar/Drivers/STM32L4xx_HAL_Driver/Inc" -I"C:/Users/Joepi/workspace/projectsolar/Drivers/STM32L4xx_HAL_Driver/Inc/Legacy" -I"C:/Users/Joepi/workspace/projectsolar/Middlewares/ST/STM32_USB_Device_Library/Core/Inc" -I"C:/Users/Joepi/workspace/projectsolar/Middlewares/ST/STM32_USB_Device_Library/Class/CDC/Inc" -I"C:/Users/Joepi/workspace/projectsolar/Drivers/CMSIS/Device/ST/STM32L4xx/Include" -I"C:/Users/Joepi/workspace/projectsolar/Drivers/CMSIS/Include"  -Og -g3 -Wall -fmessage-length=0 -ffunction-sections -c -fmessage-length=0 -MMD -MP -MF"Drivers/STM32L4xx_HAL_Driver/Src/stm32l4xx_ll_usb.d" -MT"Drivers/STM32L4xx_HAL_Driver/Src/stm32l4xx_ll_usb.o" -o "Drivers/STM32L4xx_HAL_Driver/Src/stm32l4xx_ll_usb.o" "../Drivers/STM32L4xx_HAL_Driver/Src/stm32l4xx_ll_usb.c"
Finished building: ../Drivers/STM32L4xx_HAL_Driver/Src/stm32l4xx_ll_usb.c
 
Building target: projectsolar.elf
Invoking: MCU GCC Linker
arm-none-eabi-gcc -mcpu=cortex-m4 -mthumb -mfloat-abi=hard -mfpu=fpv4-sp-d16 -specs=nosys.specs -specs=nano.specs -T"../STM32L432KCUx_FLASH.ld" -Wl,-Map=output.map -Wl,--gc-sections -o "projectsolar.elf" @"objects.list"   -lm
Finished building target: projectsolar.elf
 
make --no-print-directory post-build
Generating binary and Printing size information:
arm-none-eabi-objcopy -O binary "projectsolar.elf" "projectsolar.bin"
arm-none-eabi-size "projectsolar.elf"
   text	   data	    bss	    dec	    hex	filename
  17056	    376	   6376	  23808	   5d00	projectsolar.elf
 
13:14:17 **** Clean-only build of configuration Debug for project projectsolar ****
make -j4 clean 
rm -rf *
 
13:14:19 **** Incremental Build of configuration Debug for project projectsolar ****
make -j4 all 
Building file: ../startup/startup_stm32l432xx.s
Building file: ../Src/adc.c
Invoking: MCU GCC Assembler
Invoking: MCU GCC Compiler
C:\Users\Joepi\workspace\projectsolar\Debug
arm-none-eabi-as -mcpu=cortex-m4 -mthumb -mfloat-abi=hard -mfpu=fpv4-sp-d16 -g -o "startup/startup_stm32l432xx.o" "../startup/startup_stm32l432xx.s"
C:\Users\Joepi\workspace\projectsolar\Debug
arm-none-eabi-gcc -mcpu=cortex-m4 -mthumb -mfloat-abi=hard -mfpu=fpv4-sp-d16 '-D__weak=__attribute__((weak))' '-D__packed=__attribute__((__packed__))' -DUSE_HAL_DRIVER -DSTM32L432xx -I"C:/Users/Joepi/workspace/projectsolar/Inc" -I"C:/Users/Joepi/workspace/projectsolar/Drivers/STM32L4xx_HAL_Driver/Inc" -I"C:/Users/Joepi/workspace/projectsolar/Drivers/STM32L4xx_HAL_Driver/Inc/Legacy" -I"C:/Users/Joepi/workspace/projectsolar/Middlewares/ST/STM32_USB_Device_Library/Core/Inc" -I"C:/Users/Joepi/workspace/projectsolar/Middlewares/ST/STM32_USB_Device_Library/Class/CDC/Inc" -I"C:/Users/Joepi/workspace/projectsolar/Drivers/CMSIS/Device/ST/STM32L4xx/Include" -I"C:/Users/Joepi/workspace/projectsolar/Drivers/CMSIS/Include"  -Og -g3 -Wall -fmessage-length=0 -ffunction-sections -c -fmessage-length=0 -MMD -MP -MF"Src/adc.d" -MT"Src/adc.o" -o "Src/adc.o" "../Src/adc.c"
Building file: ../Src/dac.c
Building file: ../Src/main.c
Invoking: MCU GCC Compiler
Invoking: MCU GCC Compiler
C:\Users\Joepi\workspace\projectsolar\Debug
C:\Users\Joepi\workspace\projectsolar\Debug
arm-none-eabi-gcc -mcpu=cortex-m4 -mthumb -mfloat-abi=hard -mfpu=fpv4-sp-d16 '-D__weak=__attribute__((weak))' '-D__packed=__attribute__((__packed__))' -DUSE_HAL_DRIVER -DSTM32L432xx -I"C:/Users/Joepi/workspace/projectsolar/Inc" -I"C:/Users/Joepi/workspace/projectsolar/Drivers/STM32L4xx_HAL_Driver/Inc" -I"C:/Users/Joepi/workspace/projectsolar/Drivers/STM32L4xx_HAL_Driver/Inc/Legacy" -I"C:/Users/Joepi/workspace/projectsolar/Middlewares/ST/STM32_USB_Device_Library/Core/Inc" -I"C:/Users/Joepi/workspace/projectsolar/Middlewares/ST/STM32_USB_Device_Library/Class/CDC/Inc" -I"C:/Users/Joepi/workspace/projectsolar/Drivers/CMSIS/Device/ST/STM32L4xx/Include" -I"C:/Users/Joepi/workspace/projectsolar/Drivers/CMSIS/Include"  -Og -g3 -Wall -fmessage-length=0 -ffunction-sections -c -fmessage-length=0 -MMD -MP -MF"Src/dac.d" -MT"Src/dac.o" -o "Src/dac.o" "../Src/dac.c"
Finished building: ../startup/startup_stm32l432xx.s
arm-none-eabi-gcc -mcpu=cortex-m4 -mthumb -mfloat-abi=hard -mfpu=fpv4-sp-d16 '-D__weak=__attribute__((weak))' '-D__packed=__attribute__((__packed__))' -DUSE_HAL_DRIVER -DSTM32L432xx -I"C:/Users/Joepi/workspace/projectsolar/Inc" -I"C:/Users/Joepi/workspace/projectsolar/Drivers/STM32L4xx_HAL_Driver/Inc" -I"C:/Users/Joepi/workspace/projectsolar/Drivers/STM32L4xx_HAL_Driver/Inc/Legacy" -I"C:/Users/Joepi/workspace/projectsolar/Middlewares/ST/STM32_USB_Device_Library/Core/Inc" -I"C:/Users/Joepi/workspace/projectsolar/Middlewares/ST/STM32_USB_Device_Library/Class/CDC/Inc" -I"C:/Users/Joepi/workspace/projectsolar/Drivers/CMSIS/Device/ST/STM32L4xx/Include" -I"C:/Users/Joepi/workspace/projectsolar/Drivers/CMSIS/Include"  -Og -g3 -Wall -fmessage-length=0 -ffunction-sections -c -fmessage-length=0 -MMD -MP -MF"Src/main.d" -MT"Src/main.o" -o "Src/main.o" "../Src/main.c"
 
Building file: ../Src/measurement.c
Invoking: MCU GCC Compiler
C:\Users\Joepi\workspace\projectsolar\Debug
arm-none-eabi-gcc -mcpu=cortex-m4 -mthumb -mfloat-abi=hard -mfpu=fpv4-sp-d16 '-D__weak=__attribute__((weak))' '-D__packed=__attribute__((__packed__))' -DUSE_HAL_DRIVER -DSTM32L432xx -I"C:/Users/Joepi/workspace/projectsolar/Inc" -I"C:/Users/Joepi/workspace/projectsolar/Drivers/STM32L4xx_HAL_Driver/Inc" -I"C:/Users/Joepi/workspace/projectsolar/Drivers/STM32L4xx_HAL_Driver/Inc/Legacy" -I"C:/Users/Joepi/workspace/projectsolar/Middlewares/ST/STM32_USB_Device_Library/Core/Inc" -I"C:/Users/Joepi/workspace/projectsolar/Middlewares/ST/STM32_USB_Device_Library/Class/CDC/Inc" -I"C:/Users/Joepi/workspace/projectsolar/Drivers/CMSIS/Device/ST/STM32L4xx/Include" -I"C:/Users/Joepi/workspace/projectsolar/Drivers/CMSIS/Include"  -Og -g3 -Wall -fmessage-length=0 -ffunction-sections -c -fmessage-length=0 -MMD -MP -MF"Src/measurement.d" -MT"Src/measurement.o" -o "Src/measurement.o" "../Src/measurement.c"
../Src/measurement.c: In function 'measurePoint':
../Src/measurement.c:64:13: warning: passing argument 1 of 'ADC_getADC' from incompatible pointer type [-Wincompatible-pointer-types]
  ADC_getADC(&voltage, &current, 0);      //get the voltage and current measurements
             ^
In file included from C:/Users/Joepi/workspace/projectsolar/Inc/measurement.h:11:0,
                 from ../Src/measurement.c:9:
C:/Users/Joepi/workspace/projectsolar/Inc/adc.h:26:6: note: expected 'uint32_t * {aka long unsigned int *}' but argument is of type 'uint16_t * {aka short unsigned int *}'
 void ADC_getADC(uint32_t* channel1, uint32_t* channel2, uint32_t* channel3);
      ^~~~~~~~~~
../Src/measurement.c:64:23: warning: passing argument 2 of 'ADC_getADC' from incompatible pointer type [-Wincompatible-pointer-types]
  ADC_getADC(&voltage, &current, 0);      //get the voltage and current measurements
                       ^
In file included from C:/Users/Joepi/workspace/projectsolar/Inc/measurement.h:11:0,
                 from ../Src/measurement.c:9:
C:/Users/Joepi/workspace/projectsolar/Inc/adc.h:26:6: note: expected 'uint32_t * {aka long unsigned int *}' but argument is of type 'uint16_t * {aka short unsigned int *}'
 void ADC_getADC(uint32_t* channel1, uint32_t* channel2, uint32_t* channel3);
      ^~~~~~~~~~
../Src/measurement.c: In function 'measureString':
../Src/measurement.c:74:19: warning: passing argument 3 of 'ADC_getADC' from incompatible pointer type [-Wincompatible-pointer-types]
  ADC_getADC(0, 0, &voltage);       //measures the voltage
                   ^
In file included from C:/Users/Joepi/workspace/projectsolar/Inc/measurement.h:11:0,
                 from ../Src/measurement.c:9:
C:/Users/Joepi/workspace/projectsolar/Inc/adc.h:26:6: note: expected 'uint32_t * {aka long unsigned int *}' but argument is of type 'uint16_t * {aka short unsigned int *}'
 void ADC_getADC(uint32_t* channel1, uint32_t* channel2, uint32_t* channel3);
      ^~~~~~~~~~
../Src/main.c: In function 'main':
../Src/main.c:127:31: warning: 'i' may be used uninitialized in this function [-Wmaybe-uninitialized]
   for(uint32_t i; i < 0xFFF; i++)
                              ~^~
Finished building: ../Src/adc.c
Finished building: ../Src/dac.c
Finished building: ../Src/main.c
Finished building: ../Src/measurement.c
 
 
 
 
Building file: ../Src/stm32l4xx_hal_msp.c
Building file: ../Src/stm32l4xx_it.c
Invoking: MCU GCC Compiler
Invoking: MCU GCC Compiler
C:\Users\Joepi\workspace\projectsolar\Debug
arm-none-eabi-gcc -mcpu=cortex-m4 -mthumb -mfloat-abi=hard -mfpu=fpv4-sp-d16 '-D__weak=__attribute__((weak))' '-D__packed=__attribute__((__packed__))' -DUSE_HAL_DRIVER -DSTM32L432xx -I"C:/Users/Joepi/workspace/projectsolar/Inc" -I"C:/Users/Joepi/workspace/projectsolar/Drivers/STM32L4xx_HAL_Driver/Inc" -I"C:/Users/Joepi/workspace/projectsolar/Drivers/STM32L4xx_HAL_Driver/Inc/Legacy" -I"C:/Users/Joepi/workspace/projectsolar/Middlewares/ST/STM32_USB_Device_Library/Core/Inc" -I"C:/Users/Joepi/workspace/projectsolar/Middlewares/ST/STM32_USB_Device_Library/Class/CDC/Inc" -I"C:/Users/Joepi/workspace/projectsolar/Drivers/CMSIS/Device/ST/STM32L4xx/Include" -I"C:/Users/Joepi/workspace/projectsolar/Drivers/CMSIS/Include"  -Og -g3 -Wall -fmessage-length=0 -ffunction-sections -c -fmessage-length=0 -MMD -MP -MF"Src/stm32l4xx_hal_msp.d" -MT"Src/stm32l4xx_hal_msp.o" -o "Src/stm32l4xx_hal_msp.o" "../Src/stm32l4xx_hal_msp.c"
C:\Users\Joepi\workspace\projectsolar\Debug
arm-none-eabi-gcc -mcpu=cortex-m4 -mthumb -mfloat-abi=hard -mfpu=fpv4-sp-d16 '-D__weak=__attribute__((weak))' '-D__packed=__attribute__((__packed__))' -DUSE_HAL_DRIVER -DSTM32L432xx -I"C:/Users/Joepi/workspace/projectsolar/Inc" -I"C:/Users/Joepi/workspace/projectsolar/Drivers/STM32L4xx_HAL_Driver/Inc" -I"C:/Users/Joepi/workspace/projectsolar/Drivers/STM32L4xx_HAL_Driver/Inc/Legacy" -I"C:/Users/Joepi/workspace/projectsolar/Middlewares/ST/STM32_USB_Device_Library/Core/Inc" -I"C:/Users/Joepi/workspace/projectsolar/Middlewares/ST/STM32_USB_Device_Library/Class/CDC/Inc" -I"C:/Users/Joepi/workspace/projectsolar/Drivers/CMSIS/Device/ST/STM32L4xx/Include" -I"C:/Users/Joepi/workspace/projectsolar/Drivers/CMSIS/Include"  -Og -g3 -Wall -fmessage-length=0 -ffunction-sections -c -fmessage-length=0 -MMD -MP -MF"Src/stm32l4xx_it.d" -MT"Src/stm32l4xx_it.o" -o "Src/stm32l4xx_it.o" "../Src/stm32l4xx_it.c"
Building file: ../Src/system_stm32l4xx.c
Building file: ../Src/usb_device.c
Invoking: MCU GCC Compiler
Invoking: MCU GCC Compiler
C:\Users\Joepi\workspace\projectsolar\Debug
arm-none-eabi-gcc -mcpu=cortex-m4 -mthumb -mfloat-abi=hard -mfpu=fpv4-sp-d16 '-D__weak=__attribute__((weak))' '-D__packed=__attribute__((__packed__))' -DUSE_HAL_DRIVER -DSTM32L432xx -I"C:/Users/Joepi/workspace/projectsolar/Inc" -I"C:/Users/Joepi/workspace/projectsolar/Drivers/STM32L4xx_HAL_Driver/Inc" -I"C:/Users/Joepi/workspace/projectsolar/Drivers/STM32L4xx_HAL_Driver/Inc/Legacy" -I"C:/Users/Joepi/workspace/projectsolar/Middlewares/ST/STM32_USB_Device_Library/Core/Inc" -I"C:/Users/Joepi/workspace/projectsolar/Middlewares/ST/STM32_USB_Device_Library/Class/CDC/Inc" -I"C:/Users/Joepi/workspace/projectsolar/Drivers/CMSIS/Device/ST/STM32L4xx/Include" -I"C:/Users/Joepi/workspace/projectsolar/Drivers/CMSIS/Include"  -Og -g3 -Wall -fmessage-length=0 -ffunction-sections -c -fmessage-length=0 -MMD -MP -MF"Src/system_stm32l4xx.d" -MT"Src/system_stm32l4xx.o" -o "Src/system_stm32l4xx.o" "../Src/system_stm32l4xx.c"
C:\Users\Joepi\workspace\projectsolar\Debug
arm-none-eabi-gcc -mcpu=cortex-m4 -mthumb -mfloat-abi=hard -mfpu=fpv4-sp-d16 '-D__weak=__attribute__((weak))' '-D__packed=__attribute__((__packed__))' -DUSE_HAL_DRIVER -DSTM32L432xx -I"C:/Users/Joepi/workspace/projectsolar/Inc" -I"C:/Users/Joepi/workspace/projectsolar/Drivers/STM32L4xx_HAL_Driver/Inc" -I"C:/Users/Joepi/workspace/projectsolar/Drivers/STM32L4xx_HAL_Driver/Inc/Legacy" -I"C:/Users/Joepi/workspace/projectsolar/Middlewares/ST/STM32_USB_Device_Library/Core/Inc" -I"C:/Users/Joepi/workspace/projectsolar/Middlewares/ST/STM32_USB_Device_Library/Class/CDC/Inc" -I"C:/Users/Joepi/workspace/projectsolar/Drivers/CMSIS/Device/ST/STM32L4xx/Include" -I"C:/Users/Joepi/workspace/projectsolar/Drivers/CMSIS/Include"  -Og -g3 -Wall -fmessage-length=0 -ffunction-sections -c -fmessage-length=0 -MMD -MP -MF"Src/usb_device.d" -MT"Src/usb_device.o" -o "Src/usb_device.o" "../Src/usb_device.c"
Finished building: ../Src/stm32l4xx_hal_msp.c
Finished building: ../Src/stm32l4xx_it.c
Finished building: ../Src/system_stm32l4xx.c
Finished building: ../Src/usb_device.c
 
 
 
 
Building file: ../Src/usbd_cdc_if.c
Building file: ../Src/usbd_conf.c
Invoking: MCU GCC Compiler
Invoking: MCU GCC Compiler
C:\Users\Joepi\workspace\projectsolar\Debug
arm-none-eabi-gcc -mcpu=cortex-m4 -mthumb -mfloat-abi=hard -mfpu=fpv4-sp-d16 '-D__weak=__attribute__((weak))' '-D__packed=__attribute__((__packed__))' -DUSE_HAL_DRIVER -DSTM32L432xx -I"C:/Users/Joepi/workspace/projectsolar/Inc" -I"C:/Users/Joepi/workspace/projectsolar/Drivers/STM32L4xx_HAL_Driver/Inc" -I"C:/Users/Joepi/workspace/projectsolar/Drivers/STM32L4xx_HAL_Driver/Inc/Legacy" -I"C:/Users/Joepi/workspace/projectsolar/Middlewares/ST/STM32_USB_Device_Library/Core/Inc" -I"C:/Users/Joepi/workspace/projectsolar/Middlewares/ST/STM32_USB_Device_Library/Class/CDC/Inc" -I"C:/Users/Joepi/workspace/projectsolar/Drivers/CMSIS/Device/ST/STM32L4xx/Include" -I"C:/Users/Joepi/workspace/projectsolar/Drivers/CMSIS/Include"  -Og -g3 -Wall -fmessage-length=0 -ffunction-sections -c -fmessage-length=0 -MMD -MP -MF"Src/usbd_cdc_if.d" -MT"Src/usbd_cdc_if.o" -o "Src/usbd_cdc_if.o" "../Src/usbd_cdc_if.c"
C:\Users\Joepi\workspace\projectsolar\Debug
arm-none-eabi-gcc -mcpu=cortex-m4 -mthumb -mfloat-abi=hard -mfpu=fpv4-sp-d16 '-D__weak=__attribute__((weak))' '-D__packed=__attribute__((__packed__))' -DUSE_HAL_DRIVER -DSTM32L432xx -I"C:/Users/Joepi/workspace/projectsolar/Inc" -I"C:/Users/Joepi/workspace/projectsolar/Drivers/STM32L4xx_HAL_Driver/Inc" -I"C:/Users/Joepi/workspace/projectsolar/Drivers/STM32L4xx_HAL_Driver/Inc/Legacy" -I"C:/Users/Joepi/workspace/projectsolar/Middlewares/ST/STM32_USB_Device_Library/Core/Inc" -I"C:/Users/Joepi/workspace/projectsolar/Middlewares/ST/STM32_USB_Device_Library/Class/CDC/Inc" -I"C:/Users/Joepi/workspace/projectsolar/Drivers/CMSIS/Device/ST/STM32L4xx/Include" -I"C:/Users/Joepi/workspace/projectsolar/Drivers/CMSIS/Include"  -Og -g3 -Wall -fmessage-length=0 -ffunction-sections -c -fmessage-length=0 -MMD -MP -MF"Src/usbd_conf.d" -MT"Src/usbd_conf.o" -o "Src/usbd_conf.o" "../Src/usbd_conf.c"
Building file: ../Src/usbd_desc.c
Building file: ../Middlewares/ST/STM32_USB_Device_Library/Core/Src/usbd_core.c
Invoking: MCU GCC Compiler
Invoking: MCU GCC Compiler
C:\Users\Joepi\workspace\projectsolar\Debug
arm-none-eabi-gcc -mcpu=cortex-m4 -mthumb -mfloat-abi=hard -mfpu=fpv4-sp-d16 '-D__weak=__attribute__((weak))' '-D__packed=__attribute__((__packed__))' -DUSE_HAL_DRIVER -DSTM32L432xx -I"C:/Users/Joepi/workspace/projectsolar/Inc" -I"C:/Users/Joepi/workspace/projectsolar/Drivers/STM32L4xx_HAL_Driver/Inc" -I"C:/Users/Joepi/workspace/projectsolar/Drivers/STM32L4xx_HAL_Driver/Inc/Legacy" -I"C:/Users/Joepi/workspace/projectsolar/Middlewares/ST/STM32_USB_Device_Library/Core/Inc" -I"C:/Users/Joepi/workspace/projectsolar/Middlewares/ST/STM32_USB_Device_Library/Class/CDC/Inc" -I"C:/Users/Joepi/workspace/projectsolar/Drivers/CMSIS/Device/ST/STM32L4xx/Include" -I"C:/Users/Joepi/workspace/projectsolar/Drivers/CMSIS/Include"  -Og -g3 -Wall -fmessage-length=0 -ffunction-sections -c -fmessage-length=0 -MMD -MP -MF"Src/usbd_desc.d" -MT"Src/usbd_desc.o" -o "Src/usbd_desc.o" "../Src/usbd_desc.c"
C:\Users\Joepi\workspace\projectsolar\Debug
arm-none-eabi-gcc -mcpu=cortex-m4 -mthumb -mfloat-abi=hard -mfpu=fpv4-sp-d16 '-D__weak=__attribute__((weak))' '-D__packed=__attribute__((__packed__))' -DUSE_HAL_DRIVER -DSTM32L432xx -I"C:/Users/Joepi/workspace/projectsolar/Inc" -I"C:/Users/Joepi/workspace/projectsolar/Drivers/STM32L4xx_HAL_Driver/Inc" -I"C:/Users/Joepi/workspace/projectsolar/Drivers/STM32L4xx_HAL_Driver/Inc/Legacy" -I"C:/Users/Joepi/workspace/projectsolar/Middlewares/ST/STM32_USB_Device_Library/Core/Inc" -I"C:/Users/Joepi/workspace/projectsolar/Middlewares/ST/STM32_USB_Device_Library/Class/CDC/Inc" -I"C:/Users/Joepi/workspace/projectsolar/Drivers/CMSIS/Device/ST/STM32L4xx/Include" -I"C:/Users/Joepi/workspace/projectsolar/Drivers/CMSIS/Include"  -Og -g3 -Wall -fmessage-length=0 -ffunction-sections -c -fmessage-length=0 -MMD -MP -MF"Middlewares/ST/STM32_USB_Device_Library/Core/Src/usbd_core.d" -MT"Middlewares/ST/STM32_USB_Device_Library/Core/Src/usbd_core.o" -o "Middlewares/ST/STM32_USB_Device_Library/Core/Src/usbd_core.o" "../Middlewares/ST/STM32_USB_Device_Library/Core/Src/usbd_core.c"
Finished building: ../Src/usbd_desc.c
Finished building: ../Src/usbd_cdc_if.c
Finished building: ../Src/usbd_conf.c
Finished building: ../Middlewares/ST/STM32_USB_Device_Library/Core/Src/usbd_core.c
 
 
 
 
Building file: ../Middlewares/ST/STM32_USB_Device_Library/Core/Src/usbd_ctlreq.c
Building file: ../Middlewares/ST/STM32_USB_Device_Library/Core/Src/usbd_ioreq.c
Invoking: MCU GCC Compiler
Invoking: MCU GCC Compiler
C:\Users\Joepi\workspace\projectsolar\Debug
arm-none-eabi-gcc -mcpu=cortex-m4 -mthumb -mfloat-abi=hard -mfpu=fpv4-sp-d16 '-D__weak=__attribute__((weak))' '-D__packed=__attribute__((__packed__))' -DUSE_HAL_DRIVER -DSTM32L432xx -I"C:/Users/Joepi/workspace/projectsolar/Inc" -I"C:/Users/Joepi/workspace/projectsolar/Drivers/STM32L4xx_HAL_Driver/Inc" -I"C:/Users/Joepi/workspace/projectsolar/Drivers/STM32L4xx_HAL_Driver/Inc/Legacy" -I"C:/Users/Joepi/workspace/projectsolar/Middlewares/ST/STM32_USB_Device_Library/Core/Inc" -I"C:/Users/Joepi/workspace/projectsolar/Middlewares/ST/STM32_USB_Device_Library/Class/CDC/Inc" -I"C:/Users/Joepi/workspace/projectsolar/Drivers/CMSIS/Device/ST/STM32L4xx/Include" -I"C:/Users/Joepi/workspace/projectsolar/Drivers/CMSIS/Include"  -Og -g3 -Wall -fmessage-length=0 -ffunction-sections -c -fmessage-length=0 -MMD -MP -MF"Middlewares/ST/STM32_USB_Device_Library/Core/Src/usbd_ctlreq.d" -MT"Middlewares/ST/STM32_USB_Device_Library/Core/Src/usbd_ctlreq.o" -o "Middlewares/ST/STM32_USB_Device_Library/Core/Src/usbd_ctlreq.o" "../Middlewares/ST/STM32_USB_Device_Library/Core/Src/usbd_ctlreq.c"
C:\Users\Joepi\workspace\projectsolar\Debug
arm-none-eabi-gcc -mcpu=cortex-m4 -mthumb -mfloat-abi=hard -mfpu=fpv4-sp-d16 '-D__weak=__attribute__((weak))' '-D__packed=__attribute__((__packed__))' -DUSE_HAL_DRIVER -DSTM32L432xx -I"C:/Users/Joepi/workspace/projectsolar/Inc" -I"C:/Users/Joepi/workspace/projectsolar/Drivers/STM32L4xx_HAL_Driver/Inc" -I"C:/Users/Joepi/workspace/projectsolar/Drivers/STM32L4xx_HAL_Driver/Inc/Legacy" -I"C:/Users/Joepi/workspace/projectsolar/Middlewares/ST/STM32_USB_Device_Library/Core/Inc" -I"C:/Users/Joepi/workspace/projectsolar/Middlewares/ST/STM32_USB_Device_Library/Class/CDC/Inc" -I"C:/Users/Joepi/workspace/projectsolar/Drivers/CMSIS/Device/ST/STM32L4xx/Include" -I"C:/Users/Joepi/workspace/projectsolar/Drivers/CMSIS/Include"  -Og -g3 -Wall -fmessage-length=0 -ffunction-sections -c -fmessage-length=0 -MMD -MP -MF"Middlewares/ST/STM32_USB_Device_Library/Core/Src/usbd_ioreq.d" -MT"Middlewares/ST/STM32_USB_Device_Library/Core/Src/usbd_ioreq.o" -o "Middlewares/ST/STM32_USB_Device_Library/Core/Src/usbd_ioreq.o" "../Middlewares/ST/STM32_USB_Device_Library/Core/Src/usbd_ioreq.c"
Building file: ../Middlewares/ST/STM32_USB_Device_Library/Class/CDC/Src/usbd_cdc.c
Building file: ../Drivers/STM32L4xx_HAL_Driver/Src/stm32l4xx_hal.c
Invoking: MCU GCC Compiler
Invoking: MCU GCC Compiler
C:\Users\Joepi\workspace\projectsolar\Debug
arm-none-eabi-gcc -mcpu=cortex-m4 -mthumb -mfloat-abi=hard -mfpu=fpv4-sp-d16 '-D__weak=__attribute__((weak))' '-D__packed=__attribute__((__packed__))' -DUSE_HAL_DRIVER -DSTM32L432xx -I"C:/Users/Joepi/workspace/projectsolar/Inc" -I"C:/Users/Joepi/workspace/projectsolar/Drivers/STM32L4xx_HAL_Driver/Inc" -I"C:/Users/Joepi/workspace/projectsolar/Drivers/STM32L4xx_HAL_Driver/Inc/Legacy" -I"C:/Users/Joepi/workspace/projectsolar/Middlewares/ST/STM32_USB_Device_Library/Core/Inc" -I"C:/Users/Joepi/workspace/projectsolar/Middlewares/ST/STM32_USB_Device_Library/Class/CDC/Inc" -I"C:/Users/Joepi/workspace/projectsolar/Drivers/CMSIS/Device/ST/STM32L4xx/Include" -I"C:/Users/Joepi/workspace/projectsolar/Drivers/CMSIS/Include"  -Og -g3 -Wall -fmessage-length=0 -ffunction-sections -c -fmessage-length=0 -MMD -MP -MF"Middlewares/ST/STM32_USB_Device_Library/Class/CDC/Src/usbd_cdc.d" -MT"Middlewares/ST/STM32_USB_Device_Library/Class/CDC/Src/usbd_cdc.o" -o "Middlewares/ST/STM32_USB_Device_Library/Class/CDC/Src/usbd_cdc.o" "../Middlewares/ST/STM32_USB_Device_Library/Class/CDC/Src/usbd_cdc.c"
C:\Users\Joepi\workspace\projectsolar\Debug
arm-none-eabi-gcc -mcpu=cortex-m4 -mthumb -mfloat-abi=hard -mfpu=fpv4-sp-d16 '-D__weak=__attribute__((weak))' '-D__packed=__attribute__((__packed__))' -DUSE_HAL_DRIVER -DSTM32L432xx -I"C:/Users/Joepi/workspace/projectsolar/Inc" -I"C:/Users/Joepi/workspace/projectsolar/Drivers/STM32L4xx_HAL_Driver/Inc" -I"C:/Users/Joepi/workspace/projectsolar/Drivers/STM32L4xx_HAL_Driver/Inc/Legacy" -I"C:/Users/Joepi/workspace/projectsolar/Middlewares/ST/STM32_USB_Device_Library/Core/Inc" -I"C:/Users/Joepi/workspace/projectsolar/Middlewares/ST/STM32_USB_Device_Library/Class/CDC/Inc" -I"C:/Users/Joepi/workspace/projectsolar/Drivers/CMSIS/Device/ST/STM32L4xx/Include" -I"C:/Users/Joepi/workspace/projectsolar/Drivers/CMSIS/Include"  -Og -g3 -Wall -fmessage-length=0 -ffunction-sections -c -fmessage-length=0 -MMD -MP -MF"Drivers/STM32L4xx_HAL_Driver/Src/stm32l4xx_hal.d" -MT"Drivers/STM32L4xx_HAL_Driver/Src/stm32l4xx_hal.o" -o "Drivers/STM32L4xx_HAL_Driver/Src/stm32l4xx_hal.o" "../Drivers/STM32L4xx_HAL_Driver/Src/stm32l4xx_hal.c"
Finished building: ../Middlewares/ST/STM32_USB_Device_Library/Core/Src/usbd_ioreq.c
Finished building: ../Middlewares/ST/STM32_USB_Device_Library/Core/Src/usbd_ctlreq.c
Finished building: ../Middlewares/ST/STM32_USB_Device_Library/Class/CDC/Src/usbd_cdc.c
Finished building: ../Drivers/STM32L4xx_HAL_Driver/Src/stm32l4xx_hal.c
 
 
 
 
Building file: ../Drivers/STM32L4xx_HAL_Driver/Src/stm32l4xx_hal_adc.c
Building file: ../Drivers/STM32L4xx_HAL_Driver/Src/stm32l4xx_hal_adc_ex.c
Invoking: MCU GCC Compiler
Invoking: MCU GCC Compiler
C:\Users\Joepi\workspace\projectsolar\Debug
arm-none-eabi-gcc -mcpu=cortex-m4 -mthumb -mfloat-abi=hard -mfpu=fpv4-sp-d16 '-D__weak=__attribute__((weak))' '-D__packed=__attribute__((__packed__))' -DUSE_HAL_DRIVER -DSTM32L432xx -I"C:/Users/Joepi/workspace/projectsolar/Inc" -I"C:/Users/Joepi/workspace/projectsolar/Drivers/STM32L4xx_HAL_Driver/Inc" -I"C:/Users/Joepi/workspace/projectsolar/Drivers/STM32L4xx_HAL_Driver/Inc/Legacy" -I"C:/Users/Joepi/workspace/projectsolar/Middlewares/ST/STM32_USB_Device_Library/Core/Inc" -I"C:/Users/Joepi/workspace/projectsolar/Middlewares/ST/STM32_USB_Device_Library/Class/CDC/Inc" -I"C:/Users/Joepi/workspace/projectsolar/Drivers/CMSIS/Device/ST/STM32L4xx/Include" -I"C:/Users/Joepi/workspace/projectsolar/Drivers/CMSIS/Include"  -Og -g3 -Wall -fmessage-length=0 -ffunction-sections -c -fmessage-length=0 -MMD -MP -MF"Drivers/STM32L4xx_HAL_Driver/Src/stm32l4xx_hal_adc.d" -MT"Drivers/STM32L4xx_HAL_Driver/Src/stm32l4xx_hal_adc.o" -o "Drivers/STM32L4xx_HAL_Driver/Src/stm32l4xx_hal_adc.o" "../Drivers/STM32L4xx_HAL_Driver/Src/stm32l4xx_hal_adc.c"
C:\Users\Joepi\workspace\projectsolar\Debug
arm-none-eabi-gcc -mcpu=cortex-m4 -mthumb -mfloat-abi=hard -mfpu=fpv4-sp-d16 '-D__weak=__attribute__((weak))' '-D__packed=__attribute__((__packed__))' -DUSE_HAL_DRIVER -DSTM32L432xx -I"C:/Users/Joepi/workspace/projectsolar/Inc" -I"C:/Users/Joepi/workspace/projectsolar/Drivers/STM32L4xx_HAL_Driver/Inc" -I"C:/Users/Joepi/workspace/projectsolar/Drivers/STM32L4xx_HAL_Driver/Inc/Legacy" -I"C:/Users/Joepi/workspace/projectsolar/Middlewares/ST/STM32_USB_Device_Library/Core/Inc" -I"C:/Users/Joepi/workspace/projectsolar/Middlewares/ST/STM32_USB_Device_Library/Class/CDC/Inc" -I"C:/Users/Joepi/workspace/projectsolar/Drivers/CMSIS/Device/ST/STM32L4xx/Include" -I"C:/Users/Joepi/workspace/projectsolar/Drivers/CMSIS/Include"  -Og -g3 -Wall -fmessage-length=0 -ffunction-sections -c -fmessage-length=0 -MMD -MP -MF"Drivers/STM32L4xx_HAL_Driver/Src/stm32l4xx_hal_adc_ex.d" -MT"Drivers/STM32L4xx_HAL_Driver/Src/stm32l4xx_hal_adc_ex.o" -o "Drivers/STM32L4xx_HAL_Driver/Src/stm32l4xx_hal_adc_ex.o" "../Drivers/STM32L4xx_HAL_Driver/Src/stm32l4xx_hal_adc_ex.c"
Building file: ../Drivers/STM32L4xx_HAL_Driver/Src/stm32l4xx_hal_cortex.c
Building file: ../Drivers/STM32L4xx_HAL_Driver/Src/stm32l4xx_hal_dac.c
Invoking: MCU GCC Compiler
Invoking: MCU GCC Compiler
C:\Users\Joepi\workspace\projectsolar\Debug
arm-none-eabi-gcc -mcpu=cortex-m4 -mthumb -mfloat-abi=hard -mfpu=fpv4-sp-d16 '-D__weak=__attribute__((weak))' '-D__packed=__attribute__((__packed__))' -DUSE_HAL_DRIVER -DSTM32L432xx -I"C:/Users/Joepi/workspace/projectsolar/Inc" -I"C:/Users/Joepi/workspace/projectsolar/Drivers/STM32L4xx_HAL_Driver/Inc" -I"C:/Users/Joepi/workspace/projectsolar/Drivers/STM32L4xx_HAL_Driver/Inc/Legacy" -I"C:/Users/Joepi/workspace/projectsolar/Middlewares/ST/STM32_USB_Device_Library/Core/Inc" -I"C:/Users/Joepi/workspace/projectsolar/Middlewares/ST/STM32_USB_Device_Library/Class/CDC/Inc" -I"C:/Users/Joepi/workspace/projectsolar/Drivers/CMSIS/Device/ST/STM32L4xx/Include" -I"C:/Users/Joepi/workspace/projectsolar/Drivers/CMSIS/Include"  -Og -g3 -Wall -fmessage-length=0 -ffunction-sections -c -fmessage-length=0 -MMD -MP -MF"Drivers/STM32L4xx_HAL_Driver/Src/stm32l4xx_hal_cortex.d" -MT"Drivers/STM32L4xx_HAL_Driver/Src/stm32l4xx_hal_cortex.o" -o "Drivers/STM32L4xx_HAL_Driver/Src/stm32l4xx_hal_cortex.o" "../Drivers/STM32L4xx_HAL_Driver/Src/stm32l4xx_hal_cortex.c"
C:\Users\Joepi\workspace\projectsolar\Debug
arm-none-eabi-gcc -mcpu=cortex-m4 -mthumb -mfloat-abi=hard -mfpu=fpv4-sp-d16 '-D__weak=__attribute__((weak))' '-D__packed=__attribute__((__packed__))' -DUSE_HAL_DRIVER -DSTM32L432xx -I"C:/Users/Joepi/workspace/projectsolar/Inc" -I"C:/Users/Joepi/workspace/projectsolar/Drivers/STM32L4xx_HAL_Driver/Inc" -I"C:/Users/Joepi/workspace/projectsolar/Drivers/STM32L4xx_HAL_Driver/Inc/Legacy" -I"C:/Users/Joepi/workspace/projectsolar/Middlewares/ST/STM32_USB_Device_Library/Core/Inc" -I"C:/Users/Joepi/workspace/projectsolar/Middlewares/ST/STM32_USB_Device_Library/Class/CDC/Inc" -I"C:/Users/Joepi/workspace/projectsolar/Drivers/CMSIS/Device/ST/STM32L4xx/Include" -I"C:/Users/Joepi/workspace/projectsolar/Drivers/CMSIS/Include"  -Og -g3 -Wall -fmessage-length=0 -ffunction-sections -c -fmessage-length=0 -MMD -MP -MF"Drivers/STM32L4xx_HAL_Driver/Src/stm32l4xx_hal_dac.d" -MT"Drivers/STM32L4xx_HAL_Driver/Src/stm32l4xx_hal_dac.o" -o "Drivers/STM32L4xx_HAL_Driver/Src/stm32l4xx_hal_dac.o" "../Drivers/STM32L4xx_HAL_Driver/Src/stm32l4xx_hal_dac.c"
Finished building: ../Drivers/STM32L4xx_HAL_Driver/Src/stm32l4xx_hal_dac.c
 
Building file: ../Drivers/STM32L4xx_HAL_Driver/Src/stm32l4xx_hal_dac_ex.c
Invoking: MCU GCC Compiler
C:\Users\Joepi\workspace\projectsolar\Debug
Finished building: ../Drivers/STM32L4xx_HAL_Driver/Src/stm32l4xx_hal_cortex.c
Finished building: ../Drivers/STM32L4xx_HAL_Driver/Src/stm32l4xx_hal_adc.c
arm-none-eabi-gcc -mcpu=cortex-m4 -mthumb -mfloat-abi=hard -mfpu=fpv4-sp-d16 '-D__weak=__attribute__((weak))' '-D__packed=__attribute__((__packed__))' -DUSE_HAL_DRIVER -DSTM32L432xx -I"C:/Users/Joepi/workspace/projectsolar/Inc" -I"C:/Users/Joepi/workspace/projectsolar/Drivers/STM32L4xx_HAL_Driver/Inc" -I"C:/Users/Joepi/workspace/projectsolar/Drivers/STM32L4xx_HAL_Driver/Inc/Legacy" -I"C:/Users/Joepi/workspace/projectsolar/Middlewares/ST/STM32_USB_Device_Library/Core/Inc" -I"C:/Users/Joepi/workspace/projectsolar/Middlewares/ST/STM32_USB_Device_Library/Class/CDC/Inc" -I"C:/Users/Joepi/workspace/projectsolar/Drivers/CMSIS/Device/ST/STM32L4xx/Include" -I"C:/Users/Joepi/workspace/projectsolar/Drivers/CMSIS/Include"  -Og -g3 -Wall -fmessage-length=0 -ffunction-sections -c -fmessage-length=0 -MMD -MP -MF"Drivers/STM32L4xx_HAL_Driver/Src/stm32l4xx_hal_dac_ex.d" -MT"Drivers/STM32L4xx_HAL_Driver/Src/stm32l4xx_hal_dac_ex.o" -o "Drivers/STM32L4xx_HAL_Driver/Src/stm32l4xx_hal_dac_ex.o" "../Drivers/STM32L4xx_HAL_Driver/Src/stm32l4xx_hal_dac_ex.c"
Finished building: ../Drivers/STM32L4xx_HAL_Driver/Src/stm32l4xx_hal_adc_ex.c
 
 
 
Building file: ../Drivers/STM32L4xx_HAL_Driver/Src/stm32l4xx_hal_dma.c
Building file: ../Drivers/STM32L4xx_HAL_Driver/Src/stm32l4xx_hal_dma_ex.c
Invoking: MCU GCC Compiler
Invoking: MCU GCC Compiler
C:\Users\Joepi\workspace\projectsolar\Debug
arm-none-eabi-gcc -mcpu=cortex-m4 -mthumb -mfloat-abi=hard -mfpu=fpv4-sp-d16 '-D__weak=__attribute__((weak))' '-D__packed=__attribute__((__packed__))' -DUSE_HAL_DRIVER -DSTM32L432xx -I"C:/Users/Joepi/workspace/projectsolar/Inc" -I"C:/Users/Joepi/workspace/projectsolar/Drivers/STM32L4xx_HAL_Driver/Inc" -I"C:/Users/Joepi/workspace/projectsolar/Drivers/STM32L4xx_HAL_Driver/Inc/Legacy" -I"C:/Users/Joepi/workspace/projectsolar/Middlewares/ST/STM32_USB_Device_Library/Core/Inc" -I"C:/Users/Joepi/workspace/projectsolar/Middlewares/ST/STM32_USB_Device_Library/Class/CDC/Inc" -I"C:/Users/Joepi/workspace/projectsolar/Drivers/CMSIS/Device/ST/STM32L4xx/Include" -I"C:/Users/Joepi/workspace/projectsolar/Drivers/CMSIS/Include"  -Og -g3 -Wall -fmessage-length=0 -ffunction-sections -c -fmessage-length=0 -MMD -MP -MF"Drivers/STM32L4xx_HAL_Driver/Src/stm32l4xx_hal_dma.d" -MT"Drivers/STM32L4xx_HAL_Driver/Src/stm32l4xx_hal_dma.o" -o "Drivers/STM32L4xx_HAL_Driver/Src/stm32l4xx_hal_dma.o" "../Drivers/STM32L4xx_HAL_Driver/Src/stm32l4xx_hal_dma.c"
C:\Users\Joepi\workspace\projectsolar\Debug
arm-none-eabi-gcc -mcpu=cortex-m4 -mthumb -mfloat-abi=hard -mfpu=fpv4-sp-d16 '-D__weak=__attribute__((weak))' '-D__packed=__attribute__((__packed__))' -DUSE_HAL_DRIVER -DSTM32L432xx -I"C:/Users/Joepi/workspace/projectsolar/Inc" -I"C:/Users/Joepi/workspace/projectsolar/Drivers/STM32L4xx_HAL_Driver/Inc" -I"C:/Users/Joepi/workspace/projectsolar/Drivers/STM32L4xx_HAL_Driver/Inc/Legacy" -I"C:/Users/Joepi/workspace/projectsolar/Middlewares/ST/STM32_USB_Device_Library/Core/Inc" -I"C:/Users/Joepi/workspace/projectsolar/Middlewares/ST/STM32_USB_Device_Library/Class/CDC/Inc" -I"C:/Users/Joepi/workspace/projectsolar/Drivers/CMSIS/Device/ST/STM32L4xx/Include" -I"C:/Users/Joepi/workspace/projectsolar/Drivers/CMSIS/Include"  -Og -g3 -Wall -fmessage-length=0 -ffunction-sections -c -fmessage-length=0 -MMD -MP -MF"Drivers/STM32L4xx_HAL_Driver/Src/stm32l4xx_hal_dma_ex.d" -MT"Drivers/STM32L4xx_HAL_Driver/Src/stm32l4xx_hal_dma_ex.o" -o "Drivers/STM32L4xx_HAL_Driver/Src/stm32l4xx_hal_dma_ex.o" "../Drivers/STM32L4xx_HAL_Driver/Src/stm32l4xx_hal_dma_ex.c"
Building file: ../Drivers/STM32L4xx_HAL_Driver/Src/stm32l4xx_hal_flash.c
Invoking: MCU GCC Compiler
C:\Users\Joepi\workspace\projectsolar\Debug
arm-none-eabi-gcc -mcpu=cortex-m4 -mthumb -mfloat-abi=hard -mfpu=fpv4-sp-d16 '-D__weak=__attribute__((weak))' '-D__packed=__attribute__((__packed__))' -DUSE_HAL_DRIVER -DSTM32L432xx -I"C:/Users/Joepi/workspace/projectsolar/Inc" -I"C:/Users/Joepi/workspace/projectsolar/Drivers/STM32L4xx_HAL_Driver/Inc" -I"C:/Users/Joepi/workspace/projectsolar/Drivers/STM32L4xx_HAL_Driver/Inc/Legacy" -I"C:/Users/Joepi/workspace/projectsolar/Middlewares/ST/STM32_USB_Device_Library/Core/Inc" -I"C:/Users/Joepi/workspace/projectsolar/Middlewares/ST/STM32_USB_Device_Library/Class/CDC/Inc" -I"C:/Users/Joepi/workspace/projectsolar/Drivers/CMSIS/Device/ST/STM32L4xx/Include" -I"C:/Users/Joepi/workspace/projectsolar/Drivers/CMSIS/Include"  -Og -g3 -Wall -fmessage-length=0 -ffunction-sections -c -fmessage-length=0 -MMD -MP -MF"Drivers/STM32L4xx_HAL_Driver/Src/stm32l4xx_hal_flash.d" -MT"Drivers/STM32L4xx_HAL_Driver/Src/stm32l4xx_hal_flash.o" -o "Drivers/STM32L4xx_HAL_Driver/Src/stm32l4xx_hal_flash.o" "../Drivers/STM32L4xx_HAL_Driver/Src/stm32l4xx_hal_flash.c"
Finished building: ../Drivers/STM32L4xx_HAL_Driver/Src/stm32l4xx_hal_dma_ex.c
Finished building: ../Drivers/STM32L4xx_HAL_Driver/Src/stm32l4xx_hal_dac_ex.c
Finished building: ../Drivers/STM32L4xx_HAL_Driver/Src/stm32l4xx_hal_dma.c
Finished building: ../Drivers/STM32L4xx_HAL_Driver/Src/stm32l4xx_hal_flash.c
 
 
 
 
Building file: ../Drivers/STM32L4xx_HAL_Driver/Src/stm32l4xx_hal_flash_ex.c
Building file: ../Drivers/STM32L4xx_HAL_Driver/Src/stm32l4xx_hal_flash_ramfunc.c
Invoking: MCU GCC Compiler
Invoking: MCU GCC Compiler
C:\Users\Joepi\workspace\projectsolar\Debug
[...]
C:\Users\Joepi\workspace\projectsolar\Debug
arm-none-eabi-gcc -mcpu=cortex-m4 -mthumb -mfloat-abi=hard -mfpu=fpv4-sp-d16 '-D__weak=__attribute__((weak))' '-D__packed=__attribute__((__packed__))' -DUSE_HAL_DRIVER -DSTM32L432xx -I"C:/Users/Joepi/workspace/projectsolar/Inc" -I"C:/Users/Joepi/workspace/projectsolar/Drivers/STM32L4xx_HAL_Driver/Inc" -I"C:/Users/Joepi/workspace/projectsolar/Drivers/STM32L4xx_HAL_Driver/Inc/Legacy" -I"C:/Users/Joepi/workspace/projectsolar/Middlewares/ST/STM32_USB_Device_Library/Core/Inc" -I"C:/Users/Joepi/workspace/projectsolar/Middlewares/ST/STM32_USB_Device_Library/Class/CDC/Inc" -I"C:/Users/Joepi/workspace/projectsolar/Drivers/CMSIS/Device/ST/STM32L4xx/Include" -I"C:/Users/Joepi/workspace/projectsolar/Drivers/CMSIS/Include"  -Og -g3 -Wall -fmessage-length=0 -ffunction-sections -c -fmessage-length=0 -MMD -MP -MF"Drivers/STM32L4xx_HAL_Driver/Src/stm32l4xx_hal_pcd.d" -MT"Drivers/STM32L4xx_HAL_Driver/Src/stm32l4xx_hal_pcd.o" -o "Drivers/STM32L4xx_HAL_Driver/Src/stm32l4xx_hal_pcd.o" "../Drivers/STM32L4xx_HAL_Driver/Src/stm32l4xx_hal_pcd.c"
 
Building file: ../Drivers/STM32L4xx_HAL_Driver/Src/stm32l4xx_hal_pcd_ex.c
Building file: ../Drivers/STM32L4xx_HAL_Driver/Src/stm32l4xx_hal_pwr.c
Invoking: MCU GCC Compiler
Invoking: MCU GCC Compiler
C:\Users\Joepi\workspace\projectsolar\Debug
arm-none-eabi-gcc -mcpu=cortex-m4 -mthumb -mfloat-abi=hard -mfpu=fpv4-sp-d16 '-D__weak=__attribute__((weak))' '-D__packed=__attribute__((__packed__))' -DUSE_HAL_DRIVER -DSTM32L432xx -I"C:/Users/Joepi/workspace/projectsolar/Inc" -I"C:/Users/Joepi/workspace/projectsolar/Drivers/STM32L4xx_HAL_Driver/Inc" -I"C:/Users/Joepi/workspace/projectsolar/Drivers/STM32L4xx_HAL_Driver/Inc/Legacy" -I"C:/Users/Joepi/workspace/projectsolar/Middlewares/ST/STM32_USB_Device_Library/Core/Inc" -I"C:/Users/Joepi/workspace/projectsolar/Middlewares/ST/STM32_USB_Device_Library/Class/CDC/Inc" -I"C:/Users/Joepi/workspace/projectsolar/Drivers/CMSIS/Device/ST/STM32L4xx/Include" -I"C:/Users/Joepi/workspace/projectsolar/Drivers/CMSIS/Include"  -Og -g3 -Wall -fmessage-length=0 -ffunction-sections -c -fmessage-length=0 -MMD -MP -MF"Drivers/STM32L4xx_HAL_Driver/Src/stm32l4xx_hal_pcd_ex.d" -MT"Drivers/STM32L4xx_HAL_Driver/Src/stm32l4xx_hal_pcd_ex.o" -o "Drivers/STM32L4xx_HAL_Driver/Src/stm32l4xx_hal_pcd_ex.o" "../Drivers/STM32L4xx_HAL_Driver/Src/stm32l4xx_hal_pcd_ex.c"
C:\Users\Joepi\workspace\projectsolar\Debug
arm-none-eabi-gcc -mcpu=cortex-m4 -mthumb -mfloat-abi=hard -mfpu=fpv4-sp-d16 '-D__weak=__attribute__((weak))' '-D__packed=__attribute__((__packed__))' -DUSE_HAL_DRIVER -DSTM32L432xx -I"C:/Users/Joepi/workspace/projectsolar/Inc" -I"C:/Users/Joepi/workspace/projectsolar/Drivers/STM32L4xx_HAL_Driver/Inc" -I"C:/Users/Joepi/workspace/projectsolar/Drivers/STM32L4xx_HAL_Driver/Inc/Legacy" -I"C:/Users/Joepi/workspace/projectsolar/Middlewares/ST/STM32_USB_Device_Library/Core/Inc" -I"C:/Users/Joepi/workspace/projectsolar/Middlewares/ST/STM32_USB_Device_Library/Class/CDC/Inc" -I"C:/Users/Joepi/workspace/projectsolar/Drivers/CMSIS/Device/ST/STM32L4xx/Include" -I"C:/Users/Joepi/workspace/projectsolar/Drivers/CMSIS/Include"  -Og -g3 -Wall -fmessage-length=0 -ffunction-sections -c -fmessage-length=0 -MMD -MP -MF"Drivers/STM32L4xx_HAL_Driver/Src/stm32l4xx_hal_pwr.d" -MT"Drivers/STM32L4xx_HAL_Driver/Src/stm32l4xx_hal_pwr.o" -o "Drivers/STM32L4xx_HAL_Driver/Src/stm32l4xx_hal_pwr.o" "../Drivers/STM32L4xx_HAL_Driver/Src/stm32l4xx_hal_pwr.c"
Finished building: ../Drivers/STM32L4xx_HAL_Driver/Src/stm32l4xx_hal_i2c_ex.c
Finished building: ../Drivers/STM32L4xx_HAL_Driver/Src/stm32l4xx_hal_pcd.c
Finished building: ../Drivers/STM32L4xx_HAL_Driver/Src/stm32l4xx_hal_pcd_ex.c
Finished building: ../Drivers/STM32L4xx_HAL_Driver/Src/stm32l4xx_hal_pwr.c
 
 
 
 
Building file: ../Drivers/STM32L4xx_HAL_Driver/Src/stm32l4xx_hal_pwr_ex.c
Building file: ../Drivers/STM32L4xx_HAL_Driver/Src/stm32l4xx_hal_rcc.c
Invoking: MCU GCC Compiler
Invoking: MCU GCC Compiler
C:\Users\Joepi\workspace\projectsolar\Debug
arm-none-eabi-gcc -mcpu=cortex-m4 -mthumb -mfloat-abi=hard -mfpu=fpv4-sp-d16 '-D__weak=__attribute__((weak))' '-D__packed=__attribute__((__packed__))' -DUSE_HAL_DRIVER -DSTM32L432xx -I"C:/Users/Joepi/workspace/projectsolar/Inc" -I"C:/Users/Joepi/workspace/projectsolar/Drivers/STM32L4xx_HAL_Driver/Inc" -I"C:/Users/Joepi/workspace/projectsolar/Drivers/STM32L4xx_HAL_Driver/Inc/Legacy" -I"C:/Users/Joepi/workspace/projectsolar/Middlewares/ST/STM32_USB_Device_Library/Core/Inc" -I"C:/Users/Joepi/workspace/projectsolar/Middlewares/ST/STM32_USB_Device_Library/Class/CDC/Inc" -I"C:/Users/Joepi/workspace/projectsolar/Drivers/CMSIS/Device/ST/STM32L4xx/Include" -I"C:/Users/Joepi/workspace/projectsolar/Drivers/CMSIS/Include"  -Og -g3 -Wall -fmessage-length=0 -ffunction-sections -c -fmessage-length=0 -MMD -MP -MF"Drivers/STM32L4xx_HAL_Driver/Src/stm32l4xx_hal_pwr_ex.d" -MT"Drivers/STM32L4xx_HAL_Driver/Src/stm32l4xx_hal_pwr_ex.o" -o "Drivers/STM32L4xx_HAL_Driver/Src/stm32l4xx_hal_pwr_ex.o" "../Drivers/STM32L4xx_HAL_Driver/Src/stm32l4xx_hal_pwr_ex.c"
C:\Users\Joepi\workspace\projectsolar\Debug
arm-none-eabi-gcc -mcpu=cortex-m4 -mthumb -mfloat-abi=hard -mfpu=fpv4-sp-d16 '-D__weak=__attribute__((weak))' '-D__packed=__attribute__((__packed__))' -DUSE_HAL_DRIVER -DSTM32L432xx -I"C:/Users/Joepi/workspace/projectsolar/Inc" -I"C:/Users/Joepi/workspace/projectsolar/Drivers/STM32L4xx_HAL_Driver/Inc" -I"C:/Users/Joepi/workspace/projectsolar/Drivers/STM32L4xx_HAL_Driver/Inc/Legacy" -I"C:/Users/Joepi/workspace/projectsolar/Middlewares/ST/STM32_USB_Device_Library/Core/Inc" -I"C:/Users/Joepi/workspace/projectsolar/Middlewares/ST/STM32_USB_Device_Library/Class/CDC/Inc" -I"C:/Users/Joepi/workspace/projectsolar/Drivers/CMSIS/Device/ST/STM32L4xx/Include" -I"C:/Users/Joepi/workspace/projectsolar/Drivers/CMSIS/Include"  -Og -g3 -Wall -fmessage-length=0 -ffunction-sections -c -fmessage-length=0 -MMD -MP -MF"Drivers/STM32L4xx_HAL_Driver/Src/stm32l4xx_hal_rcc.d" -MT"Drivers/STM32L4xx_HAL_Driver/Src/stm32l4xx_hal_rcc.o" -o "Drivers/STM32L4xx_HAL_Driver/Src/stm32l4xx_hal_rcc.o" "../Drivers/STM32L4xx_HAL_Driver/Src/stm32l4xx_hal_rcc.c"
Building file: ../Drivers/STM32L4xx_HAL_Driver/Src/stm32l4xx_hal_rcc_ex.c
Building file: ../Drivers/STM32L4xx_HAL_Driver/Src/stm32l4xx_hal_tim.c
Invoking: MCU GCC Compiler
Invoking: MCU GCC Compiler
C:\Users\Joepi\workspace\projectsolar\Debug
arm-none-eabi-gcc -mcpu=cortex-m4 -mthumb -mfloat-abi=hard -mfpu=fpv4-sp-d16 '-D__weak=__attribute__((weak))' '-D__packed=__attribute__((__packed__))' -DUSE_HAL_DRIVER -DSTM32L432xx -I"C:/Users/Joepi/workspace/projectsolar/Inc" -I"C:/Users/Joepi/workspace/projectsolar/Drivers/STM32L4xx_HAL_Driver/Inc" -I"C:/Users/Joepi/workspace/projectsolar/Drivers/STM32L4xx_HAL_Driver/Inc/Legacy" -I"C:/Users/Joepi/workspace/projectsolar/Middlewares/ST/STM32_USB_Device_Library/Core/Inc" -I"C:/Users/Joepi/workspace/projectsolar/Middlewares/ST/STM32_USB_Device_Library/Class/CDC/Inc" -I"C:/Users/Joepi/workspace/projectsolar/Drivers/CMSIS/Device/ST/STM32L4xx/Include" -I"C:/Users/Joepi/workspace/projectsolar/Drivers/CMSIS/Include"  -Og -g3 -Wall -fmessage-length=0 -ffunction-sections -c -fmessage-length=0 -MMD -MP -MF"Drivers/STM32L4xx_HAL_Driver/Src/stm32l4xx_hal_rcc_ex.d" -MT"Drivers/STM32L4xx_HAL_Driver/Src/stm32l4xx_hal_rcc_ex.o" -o "Drivers/STM32L4xx_HAL_Driver/Src/stm32l4xx_hal_rcc_ex.o" "../Drivers/STM32L4xx_HAL_Driver/Src/stm32l4xx_hal_rcc_ex.c"
C:\Users\Joepi\workspace\projectsolar\Debug
arm-none-eabi-gcc -mcpu=cortex-m4 -mthumb -mfloat-abi=hard -mfpu=fpv4-sp-d16 '-D__weak=__attribute__((weak))' '-D__packed=__attribute__((__packed__))' -DUSE_HAL_DRIVER -DSTM32L432xx -I"C:/Users/Joepi/workspace/projectsolar/Inc" -I"C:/Users/Joepi/workspace/projectsolar/Drivers/STM32L4xx_HAL_Driver/Inc" -I"C:/Users/Joepi/workspace/projectsolar/Drivers/STM32L4xx_HAL_Driver/Inc/Legacy" -I"C:/Users/Joepi/workspace/projectsolar/Middlewares/ST/STM32_USB_Device_Library/Core/Inc" -I"C:/Users/Joepi/workspace/projectsolar/Middlewares/ST/STM32_USB_Device_Library/Class/CDC/Inc" -I"C:/Users/Joepi/workspace/projectsolar/Drivers/CMSIS/Device/ST/STM32L4xx/Include" -I"C:/Users/Joepi/workspace/projectsolar/Drivers/CMSIS/Include"  -Og -g3 -Wall -fmessage-length=0 -ffunction-sections -c -fmessage-length=0 -MMD -MP -MF"Drivers/STM32L4xx_HAL_Driver/Src/stm32l4xx_hal_tim.d" -MT"Drivers/STM32L4xx_HAL_Driver/Src/stm32l4xx_hal_tim.o" -o "Drivers/STM32L4xx_HAL_Driver/Src/stm32l4xx_hal_tim.o" "../Drivers/STM32L4xx_HAL_Driver/Src/stm32l4xx_hal_tim.c"
Finished building: ../Drivers/STM32L4xx_HAL_Driver/Src/stm32l4xx_hal_tim.c
Finished building: ../Drivers/STM32L4xx_HAL_Driver/Src/stm32l4xx_hal_pwr_ex.c
Finished building: ../Drivers/STM32L4xx_HAL_Driver/Src/stm32l4xx_hal_rcc.c
Finished building: ../Drivers/STM32L4xx_HAL_Driver/Src/stm32l4xx_hal_rcc_ex.c
 
 
 
 
Building file: ../Drivers/STM32L4xx_HAL_Driver/Src/stm32l4xx_hal_tim_ex.c
Building file: ../Drivers/STM32L4xx_HAL_Driver/Src/stm32l4xx_ll_usb.c
Invoking: MCU GCC Compiler
Invoking: MCU GCC Compiler
C:\Users\Joepi\workspace\projectsolar\Debug
arm-none-eabi-gcc -mcpu=cortex-m4 -mthumb -mfloat-abi=hard -mfpu=fpv4-sp-d16 '-D__weak=__attribute__((weak))' '-D__packed=__attribute__((__packed__))' -DUSE_HAL_DRIVER -DSTM32L432xx -I"C:/Users/Joepi/workspace/projectsolar/Inc" -I"C:/Users/Joepi/workspace/projectsolar/Drivers/STM32L4xx_HAL_Driver/Inc" -I"C:/Users/Joepi/workspace/projectsolar/Drivers/STM32L4xx_HAL_Driver/Inc/Legacy" -I"C:/Users/Joepi/workspace/projectsolar/Middlewares/ST/STM32_USB_Device_Library/Core/Inc" -I"C:/Users/Joepi/workspace/projectsolar/Middlewares/ST/STM32_USB_Device_Library/Class/CDC/Inc" -I"C:/Users/Joepi/workspace/projectsolar/Drivers/CMSIS/Device/ST/STM32L4xx/Include" -I"C:/Users/Joepi/workspace/projectsolar/Drivers/CMSIS/Include"  -Og -g3 -Wall -fmessage-length=0 -ffunction-sections -c -fmessage-length=0 -MMD -MP -MF"Drivers/STM32L4xx_HAL_Driver/Src/stm32l4xx_hal_tim_ex.d" -MT"Drivers/STM32L4xx_HAL_Driver/Src/stm32l4xx_hal_tim_ex.o" -o "Drivers/STM32L4xx_HAL_Driver/Src/stm32l4xx_hal_tim_ex.o" "../Drivers/STM32L4xx_HAL_Driver/Src/stm32l4xx_hal_tim_ex.c"
C:\Users\Joepi\workspace\projectsolar\Debug
arm-none-eabi-gcc -mcpu=cortex-m4 -mthumb -mfloat-abi=hard -mfpu=fpv4-sp-d16 '-D__weak=__attribute__((weak))' '-D__packed=__attribute__((__packed__))' -DUSE_HAL_DRIVER -DSTM32L432xx -I"C:/Users/Joepi/workspace/projectsolar/Inc" -I"C:/Users/Joepi/workspace/projectsolar/Drivers/STM32L4xx_HAL_Driver/Inc" -I"C:/Users/Joepi/workspace/projectsolar/Drivers/STM32L4xx_HAL_Driver/Inc/Legacy" -I"C:/Users/Joepi/workspace/projectsolar/Middlewares/ST/STM32_USB_Device_Library/Core/Inc" -I"C:/Users/Joepi/workspace/projectsolar/Middlewares/ST/STM32_USB_Device_Library/Class/CDC/Inc" -I"C:/Users/Joepi/workspace/projectsolar/Drivers/CMSIS/Device/ST/STM32L4xx/Include" -I"C:/Users/Joepi/workspace/projectsolar/Drivers/CMSIS/Include"  -Og -g3 -Wall -fmessage-length=0 -ffunction-sections -c -fmessage-length=0 -MMD -MP -MF"Drivers/STM32L4xx_HAL_Driver/Src/stm32l4xx_ll_usb.d" -MT"Drivers/STM32L4xx_HAL_Driver/Src/stm32l4xx_ll_usb.o" -o "Drivers/STM32L4xx_HAL_Driver/Src/stm32l4xx_ll_usb.o" "../Drivers/STM32L4xx_HAL_Driver/Src/stm32l4xx_ll_usb.c"
Finished building: ../Drivers/STM32L4xx_HAL_Driver/Src/stm32l4xx_hal_tim_ex.c
 
Finished building: ../Drivers/STM32L4xx_HAL_Driver/Src/stm32l4xx_ll_usb.c
 
Building target: projectsolar.elf
Invoking: MCU GCC Linker
arm-none-eabi-gcc -mcpu=cortex-m4 -mthumb -mfloat-abi=hard -mfpu=fpv4-sp-d16 -specs=nosys.specs -specs=nano.specs -T"../STM32L432KCUx_FLASH.ld" -Wl,-Map=output.map -Wl,--gc-sections -o "projectsolar.elf" @"objects.list"   -lm
Finished building target: projectsolar.elf
 
make --no-print-directory post-build
Generating binary and Printing size information:
arm-none-eabi-objcopy -O binary "projectsolar.elf" "projectsolar.bin"
arm-none-eabi-size "projectsolar.elf"
   text	   data	    bss	    dec	    hex	filename
  18360	    376	   6392	  25128	   6228	projectsolar.elf
 
13:15:24 **** Incremental Build of configuration Debug for project projectsolar ****
make -j4 all 
make: Nothing to be done for 'all'.
13:15:55 **** Incremental Build of configuration Debug for project projectsolar ****
make -j4 all 
make: Nothing to be done for 'all'.
13:17:41 **** Incremental Build of configuration Debug for project projectsolar ****
make -j4 all 
Building file: ../Src/main.c
Invoking: MCU GCC Compiler
C:\Users\Joepi\workspace\projectsolar\Debug
arm-none-eabi-gcc -mcpu=cortex-m4 -mthumb -mfloat-abi=hard -mfpu=fpv4-sp-d16 '-D__weak=__attribute__((weak))' '-D__packed=__attribute__((__packed__))' -DUSE_HAL_DRIVER -DSTM32L432xx -I"C:/Users/Joepi/workspace/projectsolar/Inc" -I"C:/Users/Joepi/workspace/projectsolar/Drivers/STM32L4xx_HAL_Driver/Inc" -I"C:/Users/Joepi/workspace/projectsolar/Drivers/STM32L4xx_HAL_Driver/Inc/Legacy" -I"C:/Users/Joepi/workspace/projectsolar/Middlewares/ST/STM32_USB_Device_Library/Core/Inc" -I"C:/Users/Joepi/workspace/projectsolar/Middlewares/ST/STM32_USB_Device_Library/Class/CDC/Inc" -I"C:/Users/Joepi/workspace/projectsolar/Drivers/CMSIS/Device/ST/STM32L4xx/Include" -I"C:/Users/Joepi/workspace/projectsolar/Drivers/CMSIS/Include"  -Og -g3 -Wall -fmessage-length=0 -ffunction-sections -c -fmessage-length=0 -MMD -MP -MF"Src/main.d" -MT"Src/main.o" -o "Src/main.o" "../Src/main.c"
../Src/main.c: In function 'main':
../Src/main.c:127:31: warning: 'i' may be used uninitialized in this function [-Wmaybe-uninitialized]
   for(uint32_t i; i < 0xFFF; i++)
                              ~^~
Finished building: ../Src/main.c
 
Building target: projectsolar.elf
Invoking: MCU GCC Linker
arm-none-eabi-gcc -mcpu=cortex-m4 -mthumb -mfloat-abi=hard -mfpu=fpv4-sp-d16 -specs=nosys.specs -specs=nano.specs -T"../STM32L432KCUx_FLASH.ld" -Wl,-Map=output.map -Wl,--gc-sections -o "projectsolar.elf" @"objects.list"   -lm
Finished building target: projectsolar.elf
 
make --no-print-directory post-build
Generating binary and Printing size information:
arm-none-eabi-objcopy -O binary "projectsolar.elf" "projectsolar.bin"
arm-none-eabi-size "projectsolar.elf"
   text	   data	    bss	    dec	    hex	filename
  18360	    376	   6392	  25128	   6228	projectsolar.elf
 
13:17:56 **** Incremental Build of configuration Debug for project projectsolar ****
make -j4 all 
make: Nothing to be done for 'all'.
13:18:28 **** Incremental Build of configuration Debug for project projectsolar ****
make -j4 all 
Building file: ../Src/main.c
Invoking: MCU GCC Compiler
C:\Users\Joepi\workspace\projectsolar\Debug
arm-none-eabi-gcc -mcpu=cortex-m4 -mthumb -mfloat-abi=hard -mfpu=fpv4-sp-d16 '-D__weak=__attribute__((weak))' '-D__packed=__attribute__((__packed__))' -DUSE_HAL_DRIVER -DSTM32L432xx -I"C:/Users/Joepi/workspace/projectsolar/Inc" -I"C:/Users/Joepi/workspace/projectsolar/Drivers/STM32L4xx_HAL_Driver/Inc" -I"C:/Users/Joepi/workspace/projectsolar/Drivers/STM32L4xx_HAL_Driver/Inc/Legacy" -I"C:/Users/Joepi/workspace/projectsolar/Middlewares/ST/STM32_USB_Device_Library/Core/Inc" -I"C:/Users/Joepi/workspace/projectsolar/Middlewares/ST/STM32_USB_Device_Library/Class/CDC/Inc" -I"C:/Users/Joepi/workspace/projectsolar/Drivers/CMSIS/Device/ST/STM32L4xx/Include" -I"C:/Users/Joepi/workspace/projectsolar/Drivers/CMSIS/Include"  -Og -g3 -Wall -fmessage-length=0 -ffunction-sections -c -fmessage-length=0 -MMD -MP -MF"Src/main.d" -MT"Src/main.o" -o "Src/main.o" "../Src/main.c"
Finished building: ../Src/main.c
 
Building target: projectsolar.elf
Invoking: MCU GCC Linker
arm-none-eabi-gcc -mcpu=cortex-m4 -mthumb -mfloat-abi=hard -mfpu=fpv4-sp-d16 -specs=nosys.specs -specs=nano.specs -T"../STM32L432KCUx_FLASH.ld" -Wl,-Map=output.map -Wl,--gc-sections -o "projectsolar.elf" @"objects.list"   -lm
Finished building target: projectsolar.elf
 
make --no-print-directory post-build
Generating binary and Printing size information:
arm-none-eabi-objcopy -O binary "projectsolar.elf" "projectsolar.bin"
arm-none-eabi-size "projectsolar.elf"
   text	   data	    bss	    dec	    hex	filename
  18360	    376	   6392	  25128	   6228	projectsolar.elf
 
13:25:33 **** Incremental Build of configuration Debug for project projectsolar ****
make -j4 all 
Building file: ../Src/main.c
Invoking: MCU GCC Compiler
C:\Users\Joepi\workspace\projectsolar\Debug
arm-none-eabi-gcc -mcpu=cortex-m4 -mthumb -mfloat-abi=hard -mfpu=fpv4-sp-d16 '-D__weak=__attribute__((weak))' '-D__packed=__attribute__((__packed__))' -DUSE_HAL_DRIVER -DSTM32L432xx -I"C:/Users/Joepi/workspace/projectsolar/Inc" -I"C:/Users/Joepi/workspace/projectsolar/Drivers/STM32L4xx_HAL_Driver/Inc" -I"C:/Users/Joepi/workspace/projectsolar/Drivers/STM32L4xx_HAL_Driver/Inc/Legacy" -I"C:/Users/Joepi/workspace/projectsolar/Middlewares/ST/STM32_USB_Device_Library/Core/Inc" -I"C:/Users/Joepi/workspace/projectsolar/Middlewares/ST/STM32_USB_Device_Library/Class/CDC/Inc" -I"C:/Users/Joepi/workspace/projectsolar/Drivers/CMSIS/Device/ST/STM32L4xx/Include" -I"C:/Users/Joepi/workspace/projectsolar/Drivers/CMSIS/Include"  -Og -g3 -Wall -fmessage-length=0 -ffunction-sections -c -fmessage-length=0 -MMD -MP -MF"Src/main.d" -MT"Src/main.o" -o "Src/main.o" "../Src/main.c"
Finished building: ../Src/main.c
 
Building target: projectsolar.elf
Invoking: MCU GCC Linker
arm-none-eabi-gcc -mcpu=cortex-m4 -mthumb -mfloat-abi=hard -mfpu=fpv4-sp-d16 -specs=nosys.specs -specs=nano.specs -T"../STM32L432KCUx_FLASH.ld" -Wl,-Map=output.map -Wl,--gc-sections -o "projectsolar.elf" @"objects.list"   -lm
Finished building target: projectsolar.elf
 
make --no-print-directory post-build
Generating binary and Printing size information:
arm-none-eabi-objcopy -O binary "projectsolar.elf" "projectsolar.bin"
arm-none-eabi-size "projectsolar.elf"
   text	   data	    bss	    dec	    hex	filename
  18384	    376	   6392	  25152	   6240	projectsolar.elf
 
13:26:05 **** Incremental Build of configuration Debug for project projectsolar ****
make -j4 all 
make: Nothing to be done for 'all'.
13:26:20 **** Incremental Build of configuration Debug for project projectsolar ****
make -j4 all 
make: Nothing to be done for 'all'.
13:26:37 **** Incremental Build of configuration Debug for project projectsolar ****
make -j4 all 
make: Nothing to be done for 'all'.
13:32:18 **** Incremental Build of configuration Debug for project projectsolar ****
make -j4 all 
Building file: ../Src/main.c
Invoking: MCU GCC Compiler
C:\Users\Joepi\workspace\projectsolar\Debug
arm-none-eabi-gcc -mcpu=cortex-m4 -mthumb -mfloat-abi=hard -mfpu=fpv4-sp-d16 '-D__weak=__attribute__((weak))' '-D__packed=__attribute__((__packed__))' -DUSE_HAL_DRIVER -DSTM32L432xx -I"C:/Users/Joepi/workspace/projectsolar/Inc" -I"C:/Users/Joepi/workspace/projectsolar/Drivers/STM32L4xx_HAL_Driver/Inc" -I"C:/Users/Joepi/workspace/projectsolar/Drivers/STM32L4xx_HAL_Driver/Inc/Legacy" -I"C:/Users/Joepi/workspace/projectsolar/Middlewares/ST/STM32_USB_Device_Library/Core/Inc" -I"C:/Users/Joepi/workspace/projectsolar/Middlewares/ST/STM32_USB_Device_Library/Class/CDC/Inc" -I"C:/Users/Joepi/workspace/projectsolar/Drivers/CMSIS/Device/ST/STM32L4xx/Include" -I"C:/Users/Joepi/workspace/projectsolar/Drivers/CMSIS/Include"  -Og -g3 -Wall -fmessage-length=0 -ffunction-sections -c -fmessage-length=0 -MMD -MP -MF"Src/main.d" -MT"Src/main.o" -o "Src/main.o" "../Src/main.c"
Finished building: ../Src/main.c
 
Building target: projectsolar.elf
Invoking: MCU GCC Linker
arm-none-eabi-gcc -mcpu=cortex-m4 -mthumb -mfloat-abi=hard -mfpu=fpv4-sp-d16 -specs=nosys.specs -specs=nano.specs -T"../STM32L432KCUx_FLASH.ld" -Wl,-Map=output.map -Wl,--gc-sections -o "projectsolar.elf" @"objects.list"   -lm
Finished building target: projectsolar.elf
 
make --no-print-directory post-build
Generating binary and Printing size information:
arm-none-eabi-objcopy -O binary "projectsolar.elf" "projectsolar.bin"
arm-none-eabi-size "projectsolar.elf"
   text	   data	    bss	    dec	    hex	filename
  18384	    376	   6392	  25152	   6240	projectsolar.elf
 
